Archive member included to satisfy reference by file (symbol)

E:\CoIdeWork\GIT\TrapChecker\frdm_im920c_rcv_coide_kl25z\frdm_im920c_rcv/mbed/TARGET_KL25Z/TOOLCHAIN_GCC_ARM\libmbed.a(serial_api.o)
                              E:\CoIdeWork\GIT\TrapChecker\frdm_im920c_rcv_coide_kl25z\frdm_im920c_rcv/mbed/TARGET_KL25Z/TOOLCHAIN_GCC_ARM/retarget.o (serial_init)
E:\CoIdeWork\GIT\TrapChecker\frdm_im920c_rcv_coide_kl25z\frdm_im920c_rcv/mbed/TARGET_KL25Z/TOOLCHAIN_GCC_ARM\libmbed.a(pinmap.o)
                              E:\CoIdeWork\GIT\TrapChecker\frdm_im920c_rcv_coide_kl25z\frdm_im920c_rcv/mbed/TARGET_KL25Z/TOOLCHAIN_GCC_ARM\libmbed.a(serial_api.o) (pin_mode)
E:\CoIdeWork\GIT\TrapChecker\frdm_im920c_rcv_coide_kl25z\frdm_im920c_rcv/mbed/TARGET_KL25Z/TOOLCHAIN_GCC_ARM\libmbed.a(sleep.o)
                              ..\obj\main.o (sleep)
E:\CoIdeWork\GIT\TrapChecker\frdm_im920c_rcv_coide_kl25z\frdm_im920c_rcv/mbed/TARGET_KL25Z/TOOLCHAIN_GCC_ARM\libmbed.a(FilePath.o)
                              E:\CoIdeWork\GIT\TrapChecker\frdm_im920c_rcv_coide_kl25z\frdm_im920c_rcv/mbed/TARGET_KL25Z/TOOLCHAIN_GCC_ARM/retarget.o (mbed::FilePath::FilePath(char const*))
E:\CoIdeWork\GIT\TrapChecker\frdm_im920c_rcv_coide_kl25z\frdm_im920c_rcv/mbed/TARGET_KL25Z/TOOLCHAIN_GCC_ARM\libmbed.a(FileSystemLike.o)
                              E:\CoIdeWork\GIT\TrapChecker\frdm_im920c_rcv_coide_kl25z\frdm_im920c_rcv/mbed/TARGET_KL25Z/TOOLCHAIN_GCC_ARM/retarget.o (mbed::FileSystemLike::opendir())
E:\CoIdeWork\GIT\TrapChecker\frdm_im920c_rcv_coide_kl25z\frdm_im920c_rcv/mbed/TARGET_KL25Z/TOOLCHAIN_GCC_ARM\libmbed.a(InterruptIn.o)
                              ..\obj\main.o (mbed::InterruptIn::~InterruptIn())
E:\CoIdeWork\GIT\TrapChecker\frdm_im920c_rcv_coide_kl25z\frdm_im920c_rcv/mbed/TARGET_KL25Z/TOOLCHAIN_GCC_ARM\libmbed.a(Serial.o)
                              ..\obj\main.o (mbed::Serial::Serial(PinName, PinName, char const*))
E:\CoIdeWork\GIT\TrapChecker\frdm_im920c_rcv_coide_kl25z\frdm_im920c_rcv/mbed/TARGET_KL25Z/TOOLCHAIN_GCC_ARM\libmbed.a(SerialBase.o)
                              E:\CoIdeWork\GIT\TrapChecker\frdm_im920c_rcv_coide_kl25z\frdm_im920c_rcv/mbed/TARGET_KL25Z/TOOLCHAIN_GCC_ARM\libmbed.a(Serial.o) (mbed::SerialBase::SerialBase(PinName, PinName))
E:\CoIdeWork\GIT\TrapChecker\frdm_im920c_rcv_coide_kl25z\frdm_im920c_rcv/mbed/TARGET_KL25Z/TOOLCHAIN_GCC_ARM\libmbed.a(Ticker.o)
                              ..\obj\main.o (mbed::Ticker::detach())
E:\CoIdeWork\GIT\TrapChecker\frdm_im920c_rcv_coide_kl25z\frdm_im920c_rcv/mbed/TARGET_KL25Z/TOOLCHAIN_GCC_ARM\libmbed.a(Stream.o)
                              E:\CoIdeWork\GIT\TrapChecker\frdm_im920c_rcv_coide_kl25z\frdm_im920c_rcv/mbed/TARGET_KL25Z/TOOLCHAIN_GCC_ARM\libmbed.a(Serial.o) (mbed::Stream::close())
E:\CoIdeWork\GIT\TrapChecker\frdm_im920c_rcv_coide_kl25z\frdm_im920c_rcv/mbed/TARGET_KL25Z/TOOLCHAIN_GCC_ARM\libmbed.a(assert.o)
                              E:\CoIdeWork\GIT\TrapChecker\frdm_im920c_rcv_coide_kl25z\frdm_im920c_rcv/mbed/TARGET_KL25Z/TOOLCHAIN_GCC_ARM/board.o (mbed_assert_internal)
E:\CoIdeWork\GIT\TrapChecker\frdm_im920c_rcv_coide_kl25z\frdm_im920c_rcv/mbed/TARGET_KL25Z/TOOLCHAIN_GCC_ARM\libmbed.a(TimerEvent.o)
                              ..\obj\main.o (mbed::TimerEvent::TimerEvent())
E:\CoIdeWork\GIT\TrapChecker\frdm_im920c_rcv_coide_kl25z\frdm_im920c_rcv/mbed/TARGET_KL25Z/TOOLCHAIN_GCC_ARM\libmbed.a(error.o)
                              E:\CoIdeWork\GIT\TrapChecker\frdm_im920c_rcv_coide_kl25z\frdm_im920c_rcv/mbed/TARGET_KL25Z/TOOLCHAIN_GCC_ARM/retarget.o (error)
E:\CoIdeWork\GIT\TrapChecker\frdm_im920c_rcv_coide_kl25z\frdm_im920c_rcv/mbed/TARGET_KL25Z/TOOLCHAIN_GCC_ARM\libmbed.a(gpio.o)
                              E:\CoIdeWork\GIT\TrapChecker\frdm_im920c_rcv_coide_kl25z\frdm_im920c_rcv/mbed/TARGET_KL25Z/TOOLCHAIN_GCC_ARM/mbed_overrides.o (gpio_init_in)
E:\CoIdeWork\GIT\TrapChecker\frdm_im920c_rcv_coide_kl25z\frdm_im920c_rcv/mbed/TARGET_KL25Z/TOOLCHAIN_GCC_ARM\libmbed.a(mbed_interface.o)
                              E:\CoIdeWork\GIT\TrapChecker\frdm_im920c_rcv_coide_kl25z\frdm_im920c_rcv/mbed/TARGET_KL25Z/TOOLCHAIN_GCC_ARM/retarget.o (mbed_interface_connected)
E:\CoIdeWork\GIT\TrapChecker\frdm_im920c_rcv_coide_kl25z\frdm_im920c_rcv/mbed/TARGET_KL25Z/TOOLCHAIN_GCC_ARM\libmbed.a(pinmap_common.o)
                              E:\CoIdeWork\GIT\TrapChecker\frdm_im920c_rcv_coide_kl25z\frdm_im920c_rcv/mbed/TARGET_KL25Z/TOOLCHAIN_GCC_ARM\libmbed.a(serial_api.o) (pinmap_pinout)
E:\CoIdeWork\GIT\TrapChecker\frdm_im920c_rcv_coide_kl25z\frdm_im920c_rcv/mbed/TARGET_KL25Z/TOOLCHAIN_GCC_ARM\libmbed.a(semihost_api.o)
                              E:\CoIdeWork\GIT\TrapChecker\frdm_im920c_rcv_coide_kl25z\frdm_im920c_rcv/mbed/TARGET_KL25Z/TOOLCHAIN_GCC_ARM/retarget.o (semihost_exit)
E:\CoIdeWork\GIT\TrapChecker\frdm_im920c_rcv_coide_kl25z\frdm_im920c_rcv/mbed/TARGET_KL25Z/TOOLCHAIN_GCC_ARM\libmbed.a(ticker_api.o)
[...]
Memory Configuration

Name             Origin             Length             Attributes
VECTORS          0x00000000         0x00000400         xr
FLASH_PROTECTION 0x00000400         0x00000010         xr
FLASH            0x00000410         0x0001fbf0         xr
RAM              0x1ffff0c0         0x00003f40         xrw
*default*        0x00000000         0xffffffff

Linker script and memory map

LOAD e:/programfiles_x86/gnu tools arm embedded/5.2 2015q4/bin/../lib/gcc/arm-none-eabi/5.2.1/armv6-m/crti.o
LOAD e:/programfiles_x86/gnu tools arm embedded/5.2 2015q4/bin/../lib/gcc/arm-none-eabi/5.2.1/armv6-m/crtbegin.o
LOAD e:/programfiles_x86/gnu tools arm embedded/5.2 2015q4/bin/../lib/gcc/arm-none-eabi/5.2.1/../../../../arm-none-eabi/lib/armv6-m/crt0.o
LOAD E:\CoIdeWork\GIT\TrapChecker\frdm_im920c_rcv_coide_kl25z\frdm_im920c_rcv/mbed/TARGET_KL25Z/TOOLCHAIN_GCC_ARM/board.o
LOAD E:\CoIdeWork\GIT\TrapChecker\frdm_im920c_rcv_coide_kl25z\frdm_im920c_rcv/mbed/TARGET_KL25Z/TOOLCHAIN_GCC_ARM/cmsis_nvic.o
LOAD E:\CoIdeWork\GIT\TrapChecker\frdm_im920c_rcv_coide_kl25z\frdm_im920c_rcv/mbed/TARGET_KL25Z/TOOLCHAIN_GCC_ARM/mbed_overrides.o
LOAD E:\CoIdeWork\GIT\TrapChecker\frdm_im920c_rcv_coide_kl25z\frdm_im920c_rcv/mbed/TARGET_KL25Z/TOOLCHAIN_GCC_ARM/retarget.o
LOAD E:\CoIdeWork\GIT\TrapChecker\frdm_im920c_rcv_coide_kl25z\frdm_im920c_rcv/mbed/TARGET_KL25Z/TOOLCHAIN_GCC_ARM/startup_MKL25Z4.o
LOAD E:\CoIdeWork\GIT\TrapChecker\frdm_im920c_rcv_coide_kl25z\frdm_im920c_rcv/mbed/TARGET_KL25Z/TOOLCHAIN_GCC_ARM/system_MKL25Z4.o

.isr_vector     0x00000000       0xf4
                0x00000000                __vector_table = .
 *(.vector_table)
 .vector_table  0x00000000       0xc0 E:\CoIdeWork\GIT\TrapChecker\frdm_im920c_rcv_coide_kl25z\frdm_im920c_rcv/mbed/TARGET_KL25Z/TOOLCHAIN_GCC_ARM/startup_MKL25Z4.o
                0x00000000                __isr_vector
 *(.text.Reset_Handler)
 .text.Reset_Handler
                0x000000c0       0x34 E:\CoIdeWork\GIT\TrapChecker\frdm_im920c_rcv_coide_kl25z\frdm_im920c_rcv/mbed/TARGET_KL25Z/TOOLCHAIN_GCC_ARM/startup_MKL25Z4.o
                0x000000c0                Reset_Handler
 *(.text.System_Init)
                0x000000f4                . = ALIGN (0x4)

.flash_protect  0x00000400       0x10
 *(.kinetis_flash_config_field)
 .kinetis_flash_config_field
                0x00000400       0x10 E:\CoIdeWork\GIT\TrapChecker\frdm_im920c_rcv_coide_kl25z\frdm_im920c_rcv/mbed/TARGET_KL25Z/TOOLCHAIN_GCC_ARM/startup_MKL25Z4.o
                0x00000410                . = ALIGN (0x4)

.text           0x00000410     0x5610
 *(.text*)
 .text          0x00000410       0xb4 e:/programfiles_x86/gnu tools arm embedded/5.2 2015q4/bin/../lib/gcc/arm-none-eabi/5.2.1/armv6-m/crtbegin.o
 .text          0x000004c4       0x78 e:/programfiles_x86/gnu tools arm embedded/5.2 2015q4/bin/../lib/gcc/arm-none-eabi/5.2.1/../../../../arm-none-eabi/lib/armv6-m/crt0.o
                0x000004c4                _start
                0x000004c4                _mainCRTStartup
 .text.mbed_die
                0x0000053c       0x68 E:\CoIdeWork\GIT\TrapChecker\frdm_im920c_rcv_coide_kl25z\frdm_im920c_rcv/mbed/TARGET_KL25Z/TOOLCHAIN_GCC_ARM/board.o
                0x0000053c                mbed_die
 .text.NVIC_SetVector
                0x000005a4       0x34 E:\CoIdeWork\GIT\TrapChecker\frdm_im920c_rcv_coide_kl25z\frdm_im920c_rcv/mbed/TARGET_KL25Z/TOOLCHAIN_GCC_ARM/cmsis_nvic.o
                0x000005a4                NVIC_SetVector
 .text.NMI_Handler
                0x000005d8       0x10 E:\CoIdeWork\GIT\TrapChecker\frdm_im920c_rcv_coide_kl25z\frdm_im920c_rcv/mbed/TARGET_KL25Z/TOOLCHAIN_GCC_ARM/mbed_overrides.o
                0x000005d8                NMI_Handler
 .text._ZN4mbed10FileHandle4flenEv
                0x000005e8       0x34 E:\CoIdeWork\GIT\TrapChecker\frdm_im920c_rcv_coide_kl25z\frdm_im920c_rcv/mbed/TARGET_KL25Z/TOOLCHAIN_GCC_ARM/retarget.o
                0x000005e8                mbed::FileHandle::flen()
 .text._ZL11init_serialv.part.0
                0x0000061c       0x14 E:\CoIdeWork\GIT\TrapChecker\frdm_im920c_rcv_coide_kl25z\frdm_im920c_rcv/mbed/TARGET_KL25Z/TOOLCHAIN_GCC_ARM/retarget.o
 .text._ZN4mbed10FileHandleD2Ev
                0x00000630       0x30 E:\CoIdeWork\GIT\TrapChecker\frdm_im920c_rcv_coide_kl25z\frdm_im920c_rcv/mbed/TARGET_KL25Z/TOOLCHAIN_GCC_ARM/retarget.o
                0x00000630                mbed::FileHandle::~FileHandle()
                0x00000630                mbed::FileHandle::~FileHandle()
 .text._open    0x00000660       0xf8 E:\CoIdeWork\GIT\TrapChecker\frdm_im920c_rcv_coide_kl25z\frdm_im920c_rcv/mbed/TARGET_KL25Z/TOOLCHAIN_GCC_ARM/retarget.o
                0x00000660                _open
 .text._close   0x00000758       0x2c E:\CoIdeWork\GIT\TrapChecker\frdm_im920c_rcv_coide_kl25z\frdm_im920c_rcv/mbed/TARGET_KL25Z/TOOLCHAIN_GCC_ARM/retarget.o
                0x00000758                _close
 .text._write   0x00000784       0x58 E:\CoIdeWork\GIT\TrapChecker\frdm_im920c_rcv_coide_kl25z\frdm_im920c_rcv/mbed/TARGET_KL25Z/TOOLCHAIN_GCC_ARM/retarget.o
                0x00000784                _write
 .text._read    0x000007dc       0x48 E:\CoIdeWork\GIT\TrapChecker\frdm_im920c_rcv_coide_kl25z\frdm_im920c_rcv/mbed/TARGET_KL25Z/TOOLCHAIN_GCC_ARM/retarget.o
                0x000007dc                _read
 .text._isatty  0x00000824       0x28 E:\CoIdeWork\GIT\TrapChecker\frdm_im920c_rcv_coide_kl25z\frdm_im920c_rcv/mbed/TARGET_KL25Z/TOOLCHAIN_GCC_ARM/retarget.o
                0x00000824                _isatty
 .text._lseek   0x0000084c       0x28 E:\CoIdeWork\GIT\TrapChecker\frdm_im920c_rcv_coide_kl25z\frdm_im920c_rcv/mbed/TARGET_KL25Z/TOOLCHAIN_GCC_ARM/retarget.o
                0x0000084c                _lseek
 .text._fstat   0x00000874       0x20 E:\CoIdeWork\GIT\TrapChecker\frdm_im920c_rcv_coide_kl25z\frdm_im920c_rcv/mbed/TARGET_KL25Z/TOOLCHAIN_GCC_ARM/retarget.o
                0x00000874                _fstat
 .text.__cxa_pure_virtual
                0x00000894        0x8 E:\CoIdeWork\GIT\TrapChecker\frdm_im920c_rcv_coide_kl25z\frdm_im920c_rcv/mbed/TARGET_KL25Z/TOOLCHAIN_GCC_ARM/retarget.o
                0x00000894                __cxa_pure_virtual
 .text._sbrk    0x0000089c       0x28 E:\CoIdeWork\GIT\TrapChecker\frdm_im920c_rcv_coide_kl25z\frdm_im920c_rcv/mbed/TARGET_KL25Z/TOOLCHAIN_GCC_ARM/retarget.o
                0x0000089c                _sbrk
 .text._exit    0x000008c4       0x34 E:\CoIdeWork\GIT\TrapChecker\frdm_im920c_rcv_coide_kl25z\frdm_im920c_rcv/mbed/TARGET_KL25Z/TOOLCHAIN_GCC_ARM/retarget.o
                0x000008c4                _exit
 .text._ZN4mbed26mbed_set_unbuffered_streamEP7__sFILE
                0x000008f8        0xc E:\CoIdeWork\GIT\TrapChecker\frdm_im920c_rcv_coide_kl25z\frdm_im920c_rcv/mbed/TARGET_KL25Z/TOOLCHAIN_GCC_ARM/retarget.o
                0x000008f8                mbed::mbed_set_unbuffered_stream(__sFILE*)
 .text._ZN4mbed9mbed_getcEP7__sFILE
                0x00000904        0x8 E:\CoIdeWork\GIT\TrapChecker\frdm_im920c_rcv_coide_kl25z\frdm_im920c_rcv/mbed/TARGET_KL25Z/TOOLCHAIN_GCC_ARM/retarget.o
                0x00000904                mbed::mbed_getc(__sFILE*)
 .text          0x0000090c        0xc E:\CoIdeWork\GIT\TrapChecker\frdm_im920c_rcv_coide_kl25z\frdm_im920c_rcv/mbed/TARGET_KL25Z/TOOLCHAIN_GCC_ARM/startup_MKL25Z4.o
                0x0000090e                HardFault_Handler
                0x00000910                SVC_Handler
                0x00000912                PendSV_Handler
                0x00000914                SysTick_Handler
                0x00000916                I2C1_IRQHandler
                0x00000916                UART1_IRQHandler
                0x00000916                DMA2_IRQHandler
                0x00000916                TPM0_IRQHandler
                0x00000916                TSI0_IRQHandler
                0x00000916                UART0_IRQHandler
                0x00000916                ADC0_IRQHandler
                0x00000916                SPI1_IRQHandler
                0x00000916                PORTD_IRQHandler
                0x00000916                TPM2_IRQHandler
                0x00000916                LPTimer_IRQHandler
                0x00000916                RTC_IRQHandler
                0x00000916                RTC_Seconds_IRQHandler
                0x00000916                MCG_IRQHandler
                0x00000916                UART2_IRQHandler
                0x00000916                Default_Handler
                0x00000916                USB0_IRQHandler
                0x00000916                LLW_IRQHandler
                0x00000916                PIT_IRQHandler
                0x00000916                I2C0_IRQHandler
                0x00000916                DMA3_IRQHandler
                0x00000916                DMA0_IRQHandler
                0x00000916                DAC0_IRQHandler
                0x00000916                DEF_IRQHandler
                0x00000916                TPM1_IRQHandler
                0x00000916                LVD_LVW_IRQHandler
                0x00000916                SPI0_IRQHandler
                0x00000916                PORTA_IRQHandler
                0x00000916                FTFA_IRQHandler
                0x00000916                CMP0_IRQHandler
                0x00000916                DMA1_IRQHandler
 .text.SystemInit
                0x00000918       0xb0 E:\CoIdeWork\GIT\TrapChecker\frdm_im920c_rcv_coide_kl25z\frdm_im920c_rcv/mbed/TARGET_KL25Z/TOOLCHAIN_GCC_ARM/system_MKL25Z4.o
                0x00000918                SystemInit
 .text._ZN4mbed10SerialBaseD2Ev
                0x000009c8        0x2 ..\obj\main.o
                0x000009c8                mbed::SerialBase::~SerialBase()
                0x000009c8                mbed::SerialBase::~SerialBase()
 *fill*         0x000009ca        0x2 
 .text._Z17periodicCallback1v
                0x000009cc       0x18 ..\obj\main.o
                0x000009cc                periodicCallback1()
 .text._Z17periodicCallback2v
                0x000009e4       0x18 ..\obj\main.o
                0x000009e4                periodicCallback2()
 .text._Z6uartCBv
                0x000009fc       0x48 ..\obj\main.o
                0x000009fc                uartCB()
 .text._Z4pcCBv
                0x00000a44       0x58 ..\obj\main.o
                0x00000a44                pcCB()
 .text.gpio_write
                0x00000a9c       0x30 ..\obj\main.o
 .text.gpio_read
                0x00000acc       0x2c ..\obj\main.o
 .text._ZN4mbed10SerialBaseD0Ev
                0x00000af8        0xc ..\obj\main.o
                0x00000af8                mbed::SerialBase::~SerialBase()
 .text._ZN4mbed6TickerD2Ev
                0x00000b04       0x1c ..\obj\main.o
                0x00000b04                mbed::Ticker::~Ticker()
                0x00000b04                mbed::Ticker::~Ticker()
 .text._ZN4mbed6SerialD2Ev
                0x00000b20       0x48 ..\obj\main.o
                0x00000b20                mbed::Serial::~Serial()
                0x00000b20                mbed::Serial::~Serial()
                0x00000b48                non-virtual thunk to mbed::Serial::~Serial()
                0x00000b58                non-virtual thunk to mbed::Serial::~Serial()
 .text._Z11startAlert3v.part.6
                0x00000b68       0x20 ..\obj\main.o
 .text._ZN4mbed10DigitalOutC2E7PinName
                0x00000b88       0x1a ..\obj\main.o
                0x00000b88                mbed::DigitalOut::DigitalOut(PinName)
                0x00000b88                mbed::DigitalOut::DigitalOut(PinName)
 .text._ZN4mbed6TickerD0Ev
                0x00000ba2       0x12 ..\obj\main.o
                0x00000ba2                mbed::Ticker::~Ticker()
 .text._Z9offBuzzerv
                0x00000bb4       0x18 ..\obj\main.o
                0x00000bb4                offBuzzer()
 .text._Z8onBuzzerv
                0x00000bcc       0x18 ..\obj\main.o
                0x00000bcc                onBuzzer()
 .text._Z12toggleBuzzerv
                0x00000be4       0x1c ..\obj\main.o
                0x00000be4                toggleBuzzer()
 .text._Z13alertCallbackv
                0x00000c00       0x7c ..\obj\main.o
                0x00000c00                alertCallback()
 .text._Z14onCheckSignal1v
                0x00000c7c       0x24 ..\obj\main.o
                0x00000c7c                onCheckSignal1()
 .text._Z14onCheckSignal2v
                0x00000ca0       0x24 ..\obj\main.o
                0x00000ca0                onCheckSignal2()
 .text._Z14onCheckSignal3v
                0x00000cc4       0x24 ..\obj\main.o
                0x00000cc4                onCheckSignal3()
 .text._Z15offCheckSignal1v
                0x00000ce8       0x24 ..\obj\main.o
                0x00000ce8                offCheckSignal1()
 .text._Z15offCheckSignal2v
                0x00000d0c       0x24 ..\obj\main.o
                0x00000d0c                offCheckSignal2()
 .text._Z11startAlert1v
                0x00000d30       0x50 ..\obj\main.o
                0x00000d30                startAlert1()
 .text._Z10stopAlert1v
                0x00000d80       0x30 ..\obj\main.o
                0x00000d80                stopAlert1()
 .text._Z5push1v
                0x00000db0      0x114 ..\obj\main.o
                0x00000db0                push1()
 .text._Z11startAlert2v
                0x00000ec4       0x50 ..\obj\main.o
                0x00000ec4                startAlert2()
 .text._Z10stopAlert2v
                0x00000f14       0x30 ..\obj\main.o
                0x00000f14                stopAlert2()
 .text._Z5push2v
                0x00000f44      0x114 ..\obj\main.o
                0x00000f44                push2()
 .text._Z11startAlert3v
                0x00001058       0x50 ..\obj\main.o
                0x00001058                startAlert3()
 .text._Z20checkConnectCallbackv
                0x000010a8       0x3c ..\obj\main.o
                0x000010a8                checkConnectCallback()
 .text.startup.main
                0x000010e4      0x448 ..\obj\main.o
                0x000010e4                main
 .text._ZN4mbed6SerialD0Ev
                0x0000152c       0x34 ..\obj\main.o
                0x0000152c                mbed::Serial::~Serial()
                0x0000153e                non-virtual thunk to mbed::Serial::~Serial()
                0x00001550                non-virtual thunk to mbed::Serial::~Serial()
 .text.startup._GLOBAL__sub_I_myled
                0x00001560      0x158 ..\obj\main.o
 .text.mcgpllfll_frequency.part.0
                0x000016b8       0x4c E:\CoIdeWork\GIT\TrapChecker\frdm_im920c_rcv_coide_kl25z\frdm_im920c_rcv/mbed/TARGET_KL25Z/TOOLCHAIN_GCC_ARM\libmbed.a(serial_api.o)
 .text.uart0_irq
                0x00001704       0x50 E:\CoIdeWork\GIT\TrapChecker\frdm_im920c_rcv_coide_kl25z\frdm_im920c_rcv/mbed/TARGET_KL25Z/TOOLCHAIN_GCC_ARM\libmbed.a(serial_api.o)
                0x00001704                uart0_irq
 .text.uart2_irq
                0x00001754       0x40 E:\CoIdeWork\GIT\TrapChecker\frdm_im920c_rcv_coide_kl25z\frdm_im920c_rcv/mbed/TARGET_KL25Z/TOOLCHAIN_GCC_ARM\libmbed.a(serial_api.o)
                0x00001754                uart2_irq
 .text.uart1_irq
                0x00001794       0x40 E:\CoIdeWork\GIT\TrapChecker\frdm_im920c_rcv_coide_kl25z\frdm_im920c_rcv/mbed/TARGET_KL25Z/TOOLCHAIN_GCC_ARM\libmbed.a(serial_api.o)
                0x00001794                uart1_irq
 .text.serial_baud
                0x000017d4      0x16c E:\CoIdeWork\GIT\TrapChecker\frdm_im920c_rcv_coide_kl25z\frdm_im920c_rcv/mbed/TARGET_KL25Z/TOOLCHAIN_GCC_ARM\libmbed.a(serial_api.o)
                0x000017d4                serial_baud
 .text.serial_format
                0x00001940       0x94 E:\CoIdeWork\GIT\TrapChecker\frdm_im920c_rcv_coide_kl25z\frdm_im920c_rcv/mbed/TARGET_KL25Z/TOOLCHAIN_GCC_ARM\libmbed.a(serial_api.o)
                0x00001940                serial_format
 .text.serial_init
                0x000019d4      0x1d0 E:\CoIdeWork\GIT\TrapChecker\frdm_im920c_rcv_coide_kl25z\frdm_im920c_rcv/mbed/TARGET_KL25Z/TOOLCHAIN_GCC_ARM\libmbed.a(serial_api.o)
                0x000019d4                serial_init
 .text.serial_irq_handler
                0x00001ba4       0x18 E:\CoIdeWork\GIT\TrapChecker\frdm_im920c_rcv_coide_kl25z\frdm_im920c_rcv/mbed/TARGET_KL25Z/TOOLCHAIN_GCC_ARM\libmbed.a(serial_api.o)
                0x00001ba4                serial_irq_handler
 .text.serial_irq_set
                0x00001bbc       0xd4 E:\CoIdeWork\GIT\TrapChecker\frdm_im920c_rcv_coide_kl25z\frdm_im920c_rcv/mbed/TARGET_KL25Z/TOOLCHAIN_GCC_ARM\libmbed.a(serial_api.o)
                0x00001bbc                serial_irq_set
 .text.serial_getc
                0x00001c90       0x28 E:\CoIdeWork\GIT\TrapChecker\frdm_im920c_rcv_coide_kl25z\frdm_im920c_rcv/mbed/TARGET_KL25Z/TOOLCHAIN_GCC_ARM\libmbed.a(serial_api.o)
                0x00001c90                serial_getc
 .text.serial_putc
                0x00001cb8       0x28 E:\CoIdeWork\GIT\TrapChecker\frdm_im920c_rcv_coide_kl25z\frdm_im920c_rcv/mbed/TARGET_KL25Z/TOOLCHAIN_GCC_ARM\libmbed.a(serial_api.o)
                0x00001cb8                serial_putc
 .text.serial_readable
                0x00001ce0       0x1c E:\CoIdeWork\GIT\TrapChecker\frdm_im920c_rcv_coide_kl25z\frdm_im920c_rcv/mbed/TARGET_KL25Z/TOOLCHAIN_GCC_ARM\libmbed.a(serial_api.o)
                0x00001ce0                serial_readable
 .text.pin_function
                0x00001cfc       0x60 E:\CoIdeWork\GIT\TrapChecker\frdm_im920c_rcv_coide_kl25z\frdm_im920c_rcv/mbed/TARGET_KL25Z/TOOLCHAIN_GCC_ARM\libmbed.a(pinmap.o)
                0x00001cfc                pin_function
 .text.pin_mode
                0x00001d5c       0x34 E:\CoIdeWork\GIT\TrapChecker\frdm_im920c_rcv_coide_kl25z\frdm_im920c_rcv/mbed/TARGET_KL25Z/TOOLCHAIN_GCC_ARM\libmbed.a(pinmap.o)
                0x00001d5c                pin_mode
 .text.sleep    0x00001d90       0x18 E:\CoIdeWork\GIT\TrapChecker\frdm_im920c_rcv_coide_kl25z\frdm_im920c_rcv/mbed/TARGET_KL25Z/TOOLCHAIN_GCC_ARM\libmbed.a(sleep.o)
                0x00001d90                sleep
 .text._ZN4mbed8FilePathC2EPKc
                0x00001da8       0x58 E:\CoIdeWork\GIT\TrapChecker\frdm_im920c_rcv_coide_kl25z\frdm_im920c_rcv/mbed/TARGET_KL25Z/TOOLCHAIN_GCC_ARM\libmbed.a(FilePath.o)
                0x00001da8                mbed::FilePath::FilePath(char const*)
                0x00001da8                mbed::FilePath::FilePath(char const*)
 .text._ZN4mbed8FilePath8fileNameEv
                0x00001e00        0x4 E:\CoIdeWork\GIT\TrapChecker\frdm_im920c_rcv_coide_kl25z\frdm_im920c_rcv/mbed/TARGET_KL25Z/TOOLCHAIN_GCC_ARM\libmbed.a(FilePath.o)
                0x00001e00                mbed::FilePath::fileName()
 .text._ZN4mbed8FilePath10fileSystemEv
                0x00001e04       0x1c E:\CoIdeWork\GIT\TrapChecker\frdm_im920c_rcv_coide_kl25z\frdm_im920c_rcv/mbed/TARGET_KL25Z/TOOLCHAIN_GCC_ARM\libmbed.a(FilePath.o)
                0x00001e04                mbed::FilePath::fileSystem()
 .text._ZN4mbed8FilePath6isFileEv
                0x00001e20       0x18 E:\CoIdeWork\GIT\TrapChecker\frdm_im920c_rcv_coide_kl25z\frdm_im920c_rcv/mbed/TARGET_KL25Z/TOOLCHAIN_GCC_ARM\libmbed.a(FilePath.o)
                0x00001e20                mbed::FilePath::isFile()
 .text._ZN4mbed8FilePath4fileEv
                0x00001e38       0x24 E:\CoIdeWork\GIT\TrapChecker\frdm_im920c_rcv_coide_kl25z\frdm_im920c_rcv/mbed/TARGET_KL25Z/TOOLCHAIN_GCC_ARM\libmbed.a(FilePath.o)
                0x00001e38                mbed::FilePath::file()
 .text._ZN4mbed8FilePath6existsEv
                0x00001e5c        0xc E:\CoIdeWork\GIT\TrapChecker\frdm_im920c_rcv_coide_kl25z\frdm_im920c_rcv/mbed/TARGET_KL25Z/TOOLCHAIN_GCC_ARM\libmbed.a(FilePath.o)
                0x00001e5c                mbed::FilePath::exists()
 .text._ZN4mbed11InterruptInD2Ev
                0x00001e68       0x18 E:\CoIdeWork\GIT\TrapChecker\frdm_im920c_rcv_coide_kl25z\frdm_im920c_rcv/mbed/TARGET_KL25Z/TOOLCHAIN_GCC_ARM\libmbed.a(InterruptIn.o)
                0x00001e68                mbed::InterruptIn::~InterruptIn()
                0x00001e68                mbed::InterruptIn::~InterruptIn()
 .text._ZN4mbed11InterruptInD0Ev
                0x00001e80       0x20 E:\CoIdeWork\GIT\TrapChecker\frdm_im920c_rcv_coide_kl25z\frdm_im920c_rcv/mbed/TARGET_KL25Z/TOOLCHAIN_GCC_ARM\libmbed.a(InterruptIn.o)
                0x00001e80                mbed::InterruptIn::~InterruptIn()
 .text._ZN4mbed11InterruptIn12_irq_handlerEm14gpio_irq_event
                0x00001ea0       0x4c E:\CoIdeWork\GIT\TrapChecker\frdm_im920c_rcv_coide_kl25z\frdm_im920c_rcv/mbed/TARGET_KL25Z/TOOLCHAIN_GCC_ARM\libmbed.a(InterruptIn.o)
                0x00001ea0                mbed::InterruptIn::_irq_handler(unsigned long, gpio_irq_event)
 .text._ZN4mbed11InterruptInC2E7PinName
                0x00001eec       0x48 E:\CoIdeWork\GIT\TrapChecker\frdm_im920c_rcv_coide_kl25z\frdm_im920c_rcv/mbed/TARGET_KL25Z/TOOLCHAIN_GCC_ARM\libmbed.a(InterruptIn.o)
                0x00001eec                mbed::InterruptIn::InterruptIn(PinName)
                0x00001eec                mbed::InterruptIn::InterruptIn(PinName)
 .text._ZN4mbed11InterruptIn4modeE7PinMode
                0x00001f34        0xc E:\CoIdeWork\GIT\TrapChecker\frdm_im920c_rcv_coide_kl25z\frdm_im920c_rcv/mbed/TARGET_KL25Z/TOOLCHAIN_GCC_ARM\libmbed.a(InterruptIn.o)
                0x00001f34                mbed::InterruptIn::mode(PinMode)
 .text._ZN4mbed11InterruptIn4fallEPFvvE
                0x00001f40       0x28 E:\CoIdeWork\GIT\TrapChecker\frdm_im920c_rcv_coide_kl25z\frdm_im920c_rcv/mbed/TARGET_KL25Z/TOOLCHAIN_GCC_ARM\libmbed.a(InterruptIn.o)
                0x00001f40                mbed::InterruptIn::fall(void (*)())
 .text._ZN4mbed6Serial5_getcEv
                0x00001f68        0x8 E:\CoIdeWork\GIT\TrapChecker\frdm_im920c_rcv_coide_kl25z\frdm_im920c_rcv/mbed/TARGET_KL25Z/TOOLCHAIN_GCC_ARM\libmbed.a(Serial.o)
                0x00001f68                mbed::Serial::_getc()
 .text._ZThn64_N4mbed6Serial5_getcEv
                0x00001f70       0x10 E:\CoIdeWork\GIT\TrapChecker\frdm_im920c_rcv_coide_kl25z\frdm_im920c_rcv/mbed/TARGET_KL25Z/TOOLCHAIN_GCC_ARM\libmbed.a(Serial.o)
                0x00001f70                non-virtual thunk to mbed::Serial::_getc()
 .text._ZN4mbed6Serial5_putcEi
                0x00001f80        0x8 E:\CoIdeWork\GIT\TrapChecker\frdm_im920c_rcv_coide_kl25z\frdm_im920c_rcv/mbed/TARGET_KL25Z/TOOLCHAIN_GCC_ARM\libmbed.a(Serial.o)
                0x00001f80                mbed::Serial::_putc(int)
 .text._ZThn64_N4mbed6Serial5_putcEi
                0x00001f88       0x10 E:\CoIdeWork\GIT\TrapChecker\frdm_im920c_rcv_coide_kl25z\frdm_im920c_rcv/mbed/TARGET_KL25Z/TOOLCHAIN_GCC_ARM\libmbed.a(Serial.o)
                0x00001f88                non-virtual thunk to mbed::Serial::_putc(int)
 .text._ZN4mbed6SerialC2E7PinNameS1_PKc
                0x00001f98       0x30 E:\CoIdeWork\GIT\TrapChecker\frdm_im920c_rcv_coide_kl25z\frdm_im920c_rcv/mbed/TARGET_KL25Z/TOOLCHAIN_GCC_ARM\libmbed.a(Serial.o)
                0x00001f98                mbed::Serial::Serial(PinName, PinName, char const*)
                0x00001f98                mbed::Serial::Serial(PinName, PinName, char const*)
 .text._ZN4mbed10SerialBase12_irq_handlerEm9SerialIrq
                0x00001fc8       0x3c E:\CoIdeWork\GIT\TrapChecker\frdm_im920c_rcv_coide_kl25z\frdm_im920c_rcv/mbed/TARGET_KL25Z/TOOLCHAIN_GCC_ARM\libmbed.a(SerialBase.o)
                0x00001fc8                mbed::SerialBase::_irq_handler(unsigned long, SerialIrq)
 .text._ZN4mbed10SerialBaseC2E7PinNameS1_
                0x00002004       0x3c E:\CoIdeWork\GIT\TrapChecker\frdm_im920c_rcv_coide_kl25z\frdm_im920c_rcv/mbed/TARGET_KL25Z/TOOLCHAIN_GCC_ARM\libmbed.a(SerialBase.o)
                0x00002004                mbed::SerialBase::SerialBase(PinName, PinName)
                0x00002004                mbed::SerialBase::SerialBase(PinName, PinName)
 .text._ZN4mbed10SerialBase4baudEi
                0x00002040       0x10 E:\CoIdeWork\GIT\TrapChecker\frdm_im920c_rcv_coide_kl25z\frdm_im920c_rcv/mbed/TARGET_KL25Z/TOOLCHAIN_GCC_ARM\libmbed.a(SerialBase.o)
                0x00002040                mbed::SerialBase::baud(int)
 .text._ZN4mbed10SerialBase8readableEv
                0x00002050        0xc E:\CoIdeWork\GIT\TrapChecker\frdm_im920c_rcv_coide_kl25z\frdm_im920c_rcv/mbed/TARGET_KL25Z/TOOLCHAIN_GCC_ARM\libmbed.a(SerialBase.o)
                0x00002050                mbed::SerialBase::readable()
 .text._ZN4mbed10SerialBase6attachEPFvvENS0_7IrqTypeE
                0x0000205c       0x30 E:\CoIdeWork\GIT\TrapChecker\frdm_im920c_rcv_coide_kl25z\frdm_im920c_rcv/mbed/TARGET_KL25Z/TOOLCHAIN_GCC_ARM\libmbed.a(SerialBase.o)
                0x0000205c                mbed::SerialBase::attach(void (*)(), mbed::SerialBase::IrqType)
 .text._ZN4mbed10SerialBase10_base_getcEv
                0x0000208c        0xc E:\CoIdeWork\GIT\TrapChecker\frdm_im920c_rcv_coide_kl25z\frdm_im920c_rcv/mbed/TARGET_KL25Z/TOOLCHAIN_GCC_ARM\libmbed.a(SerialBase.o)
                0x0000208c                mbed::SerialBase::_base_getc()
 .text._ZN4mbed10SerialBase10_base_putcEi
                0x00002098       0x10 E:\CoIdeWork\GIT\TrapChecker\frdm_im920c_rcv_coide_kl25z\frdm_im920c_rcv/mbed/TARGET_KL25Z/TOOLCHAIN_GCC_ARM\libmbed.a(SerialBase.o)
                0x00002098                mbed::SerialBase::_base_putc(int)
 .text._ZN4mbed6Ticker7handlerEv
                0x000020a8       0x30 E:\CoIdeWork\GIT\TrapChecker\frdm_im920c_rcv_coide_kl25z\frdm_im920c_rcv/mbed/TARGET_KL25Z/TOOLCHAIN_GCC_ARM\libmbed.a(Ticker.o)
                0x000020a8                mbed::Ticker::handler()
 .text._ZN4mbed6Ticker6detachEv
                0x000020d8       0x10 E:\CoIdeWork\GIT\TrapChecker\frdm_im920c_rcv_coide_kl25z\frdm_im920c_rcv/mbed/TARGET_KL25Z/TOOLCHAIN_GCC_ARM\libmbed.a(Ticker.o)
                0x000020d8                mbed::Ticker::detach()
 .text._ZN4mbed6Ticker5setupEm
                0x000020e8       0x1c E:\CoIdeWork\GIT\TrapChecker\frdm_im920c_rcv_coide_kl25z\frdm_im920c_rcv/mbed/TARGET_KL25Z/TOOLCHAIN_GCC_ARM\libmbed.a(Ticker.o)
                0x000020e8                mbed::Ticker::setup(unsigned long)
 .text._ZN4mbed6Stream5closeEv
                0x00002104        0x4 E:\CoIdeWork\GIT\TrapChecker\frdm_im920c_rcv_coide_kl25z\frdm_im920c_rcv/mbed/TARGET_KL25Z/TOOLCHAIN_GCC_ARM\libmbed.a(Stream.o)
                0x00002104                mbed::Stream::close()
 .text._ZN4mbed6Stream5writeEPKvj
                0x00002108       0x2c E:\CoIdeWork\GIT\TrapChecker\frdm_im920c_rcv_coide_kl25z\frdm_im920c_rcv/mbed/TARGET_KL25Z/TOOLCHAIN_GCC_ARM\libmbed.a(Stream.o)
                0x00002108                mbed::Stream::write(void const*, unsigned int)
 .text._ZN4mbed6Stream4readEPvj
                0x00002134       0x2c E:\CoIdeWork\GIT\TrapChecker\frdm_im920c_rcv_coide_kl25z\frdm_im920c_rcv/mbed/TARGET_KL25Z/TOOLCHAIN_GCC_ARM\libmbed.a(Stream.o)
                0x00002134                mbed::Stream::read(void*, unsigned int)
 .text._ZN4mbed6Stream5lseekEli
                0x00002160        0x4 E:\CoIdeWork\GIT\TrapChecker\frdm_im920c_rcv_coide_kl25z\frdm_im920c_rcv/mbed/TARGET_KL25Z/TOOLCHAIN_GCC_ARM\libmbed.a(Stream.o)
                0x00002160                mbed::Stream::lseek(long, int)
 .text._ZN4mbed6Stream6isattyEv
                0x00002164        0x4 E:\CoIdeWork\GIT\TrapChecker\frdm_im920c_rcv_coide_kl25z\frdm_im920c_rcv/mbed/TARGET_KL25Z/TOOLCHAIN_GCC_ARM\libmbed.a(Stream.o)
                0x00002164                mbed::Stream::isatty()
 .text._ZN4mbed6Stream5fsyncEv
                0x00002168        0x4 E:\CoIdeWork\GIT\TrapChecker\frdm_im920c_rcv_coide_kl25z\frdm_im920c_rcv/mbed/TARGET_KL25Z/TOOLCHAIN_GCC_ARM\libmbed.a(Stream.o)
                0x00002168                mbed::Stream::fsync()
 .text._ZN4mbed6Stream4flenEv
                0x0000216c        0x4 E:\CoIdeWork\GIT\TrapChecker\frdm_im920c_rcv_coide_kl25z\frdm_im920c_rcv/mbed/TARGET_KL25Z/TOOLCHAIN_GCC_ARM\libmbed.a(Stream.o)
                0x0000216c                mbed::Stream::flen()
 .text._ZN4mbed6StreamC2EPKc
                0x00002170       0x44 E:\CoIdeWork\GIT\TrapChecker\frdm_im920c_rcv_coide_kl25z\frdm_im920c_rcv/mbed/TARGET_KL25Z/TOOLCHAIN_GCC_ARM\libmbed.a(Stream.o)
                0x00002170                mbed::Stream::Stream(char const*)
                0x00002170                mbed::Stream::Stream(char const*)
 .text._ZN4mbed6StreamD2Ev
                0x000021b4       0x24 E:\CoIdeWork\GIT\TrapChecker\frdm_im920c_rcv_coide_kl25z\frdm_im920c_rcv/mbed/TARGET_KL25Z/TOOLCHAIN_GCC_ARM\libmbed.a(Stream.o)
                0x000021b4                mbed::Stream::~Stream()
                0x000021b4                mbed::Stream::~Stream()
 .text._ZN4mbed6Stream4putcEi
                0x000021d8       0x18 E:\CoIdeWork\GIT\TrapChecker\frdm_im920c_rcv_coide_kl25z\frdm_im920c_rcv/mbed/TARGET_KL25Z/TOOLCHAIN_GCC_ARM\libmbed.a(Stream.o)
                0x000021d8                mbed::Stream::putc(int)
 .text._ZN4mbed6Stream4getcEv
                0x000021f0       0x14 E:\CoIdeWork\GIT\TrapChecker\frdm_im920c_rcv_coide_kl25z\frdm_im920c_rcv/mbed/TARGET_KL25Z/TOOLCHAIN_GCC_ARM\libmbed.a(Stream.o)
                0x000021f0                mbed::Stream::getc()
 .text.mbed_assert_internal
                0x00002204       0x18 E:\CoIdeWork\GIT\TrapChecker\frdm_im920c_rcv_coide_kl25z\frdm_im920c_rcv/mbed/TARGET_KL25Z/TOOLCHAIN_GCC_ARM\libmbed.a(assert.o)
                0x00002204                mbed_assert_internal
 .text._ZN4mbed10TimerEvent3irqEm
                0x0000221c        0xc E:\CoIdeWork\GIT\TrapChecker\frdm_im920c_rcv_coide_kl25z\frdm_im920c_rcv/mbed/TARGET_KL25Z/TOOLCHAIN_GCC_ARM\libmbed.a(TimerEvent.o)
                0x0000221c                mbed::TimerEvent::irq(unsigned long)
 .text._ZN4mbed10TimerEventC2Ev
                0x00002228       0x2c E:\CoIdeWork\GIT\TrapChecker\frdm_im920c_rcv_coide_kl25z\frdm_im920c_rcv/mbed/TARGET_KL25Z/TOOLCHAIN_GCC_ARM\libmbed.a(TimerEvent.o)
                0x00002228                mbed::TimerEvent::TimerEvent()
                0x00002228                mbed::TimerEvent::TimerEvent()
 .text._ZN4mbed10TimerEventD2Ev
                0x00002254       0x1c E:\CoIdeWork\GIT\TrapChecker\frdm_im920c_rcv_coide_kl25z\frdm_im920c_rcv/mbed/TARGET_KL25Z/TOOLCHAIN_GCC_ARM\libmbed.a(TimerEvent.o)
                0x00002254                mbed::TimerEvent::~TimerEvent()
                0x00002254                mbed::TimerEvent::~TimerEvent()
 .text._ZN4mbed10TimerEvent6insertEm
                0x00002270       0x10 E:\CoIdeWork\GIT\TrapChecker\frdm_im920c_rcv_coide_kl25z\frdm_im920c_rcv/mbed/TARGET_KL25Z/TOOLCHAIN_GCC_ARM\libmbed.a(TimerEvent.o)
                0x00002270                mbed::TimerEvent::insert(unsigned long)
 .text._ZN4mbed10TimerEvent6removeEv
                0x00002280       0x10 E:\CoIdeWork\GIT\TrapChecker\frdm_im920c_rcv_coide_kl25z\frdm_im920c_rcv/mbed/TARGET_KL25Z/TOOLCHAIN_GCC_ARM\libmbed.a(TimerEvent.o)
                0x00002280                mbed::TimerEvent::remove()
 .text.error    0x00002290       0x20 E:\CoIdeWork\GIT\TrapChecker\frdm_im920c_rcv_coide_kl25z\frdm_im920c_rcv/mbed/TARGET_KL25Z/TOOLCHAIN_GCC_ARM\libmbed.a(error.o)
                0x00002290                error
 .text.gpio_init_in
                0x000022b0       0x20 E:\CoIdeWork\GIT\TrapChecker\frdm_im920c_rcv_coide_kl25z\frdm_im920c_rcv/mbed/TARGET_KL25Z/TOOLCHAIN_GCC_ARM\libmbed.a(gpio.o)
                0x000022b0                gpio_init_in
 .text.gpio_init_out
                0x000022d0       0x44 E:\CoIdeWork\GIT\TrapChecker\frdm_im920c_rcv_coide_kl25z\frdm_im920c_rcv/mbed/TARGET_KL25Z/TOOLCHAIN_GCC_ARM\libmbed.a(gpio.o)
                0x000022d0                gpio_init_out
 .text.mbed_interface_connected
                0x00002314        0x8 E:\CoIdeWork\GIT\TrapChecker\frdm_im920c_rcv_coide_kl25z\frdm_im920c_rcv/mbed/TARGET_KL25Z/TOOLCHAIN_GCC_ARM\libmbed.a(mbed_interface.o)
                0x00002314                mbed_interface_connected
 .text.pinmap_pinout
                0x0000231c       0x38 E:\CoIdeWork\GIT\TrapChecker\frdm_im920c_rcv_coide_kl25z\frdm_im920c_rcv/mbed/TARGET_KL25Z/TOOLCHAIN_GCC_ARM\libmbed.a(pinmap_common.o)
                0x0000231c                pinmap_pinout
 .text.pinmap_merge
                0x00002354       0x24 E:\CoIdeWork\GIT\TrapChecker\frdm_im920c_rcv_coide_kl25z\frdm_im920c_rcv/mbed/TARGET_KL25Z/TOOLCHAIN_GCC_ARM\libmbed.a(pinmap_common.o)
                0x00002354                pinmap_merge
 .text.pinmap_peripheral
                0x00002378       0x30 E:\CoIdeWork\GIT\TrapChecker\frdm_im920c_rcv_coide_kl25z\frdm_im920c_rcv/mbed/TARGET_KL25Z/TOOLCHAIN_GCC_ARM\libmbed.a(pinmap_common.o)
                0x00002378                pinmap_peripheral
 .text.semihost_exit
                0x000023a8       0x18 E:\CoIdeWork\GIT\TrapChecker\frdm_im920c_rcv_coide_kl25z\frdm_im920c_rcv/mbed/TARGET_KL25Z/TOOLCHAIN_GCC_ARM\libmbed.a(semihost_api.o)
                0x000023a8                semihost_exit
 .text.semihost_connected
                0x000023c0        0xc E:\CoIdeWork\GIT\TrapChecker\frdm_im920c_rcv_coide_kl25z\frdm_im920c_rcv/mbed/TARGET_KL25Z/TOOLCHAIN_GCC_ARM\libmbed.a(semihost_api.o)
                0x000023c0                semihost_connected
 .text.ticker_set_handler
                0x000023cc       0x14 E:\CoIdeWork\GIT\TrapChecker\frdm_im920c_rcv_coide_kl25z\frdm_im920c_rcv/mbed/TARGET_KL25Z/TOOLCHAIN_GCC_ARM\libmbed.a(ticker_api.o)
                0x000023cc                ticker_set_handler
 .text.ticker_irq_handler
                0x000023e0       0x4c E:\CoIdeWork\GIT\TrapChecker\frdm_im920c_rcv_coide_kl25z\frdm_im920c_rcv/mbed/TARGET_KL25Z/TOOLCHAIN_GCC_ARM\libmbed.a(ticker_api.o)
                0x000023e0                ticker_irq_handler
 .text.ticker_insert_event
                0x0000242c       0x40 E:\CoIdeWork\GIT\TrapChecker\frdm_im920c_rcv_coide_kl25z\frdm_im920c_rcv/mbed/TARGET_KL25Z/TOOLCHAIN_GCC_ARM\libmbed.a(ticker_api.o)
                0x0000242c                ticker_insert_event
 .text.ticker_remove_event
                0x0000246c       0x48 E:\CoIdeWork\GIT\TrapChecker\frdm_im920c_rcv_coide_kl25z\frdm_im920c_rcv/mbed/TARGET_KL25Z/TOOLCHAIN_GCC_ARM\libmbed.a(ticker_api.o)
                0x0000246c                ticker_remove_event
 .text.ticker_read
                0x000024b4        0xc E:\CoIdeWork\GIT\TrapChecker\frdm_im920c_rcv_coide_kl25z\frdm_im920c_rcv/mbed/TARGET_KL25Z/TOOLCHAIN_GCC_ARM\libmbed.a(ticker_api.o)
                0x000024b4                ticker_read
 .text.get_us_ticker_data
                0x000024c0        0x8 E:\CoIdeWork\GIT\TrapChecker\frdm_im920c_rcv_coide_kl25z\frdm_im920c_rcv/mbed/TARGET_KL25Z/TOOLCHAIN_GCC_ARM\libmbed.a(us_ticker_api.o)
                0x000024c0                get_us_ticker_data
 .text.us_ticker_irq_handler
                0x000024c8       0x10 E:\CoIdeWork\GIT\TrapChecker\frdm_im920c_rcv_coide_kl25z\frdm_im920c_rcv/mbed/TARGET_KL25Z/TOOLCHAIN_GCC_ARM\libmbed.a(us_ticker_api.o)
                0x000024c8                us_ticker_irq_handler
 .text.wait_us  0x000024d8       0x18 E:\CoIdeWork\GIT\TrapChecker\frdm_im920c_rcv_coide_kl25z\frdm_im920c_rcv/mbed/TARGET_KL25Z/TOOLCHAIN_GCC_ARM\libmbed.a(wait_api.o)
                0x000024d8                wait_us
 .text.wait_ms  0x000024f0       0x10 E:\CoIdeWork\GIT\TrapChecker\frdm_im920c_rcv_coide_kl25z\frdm_im920c_rcv/mbed/TARGET_KL25Z/TOOLCHAIN_GCC_ARM\libmbed.a(wait_api.o)
                0x000024f0                wait_ms
 .text.handle_interrupt_in
                0x00002500       0xe0 E:\CoIdeWork\GIT\TrapChecker\frdm_im920c_rcv_coide_kl25z\frdm_im920c_rcv/mbed/TARGET_KL25Z/TOOLCHAIN_GCC_ARM\libmbed.a(gpio_irq_api.o)
 .text.gpio_irqA
                0x000025e0       0x10 E:\CoIdeWork\GIT\TrapChecker\frdm_im920c_rcv_coide_kl25z\frdm_im920c_rcv/mbed/TARGET_KL25Z/TOOLCHAIN_GCC_ARM\libmbed.a(gpio_irq_api.o)
                0x000025e0                gpio_irqA
 .text.gpio_irqD
                0x000025f0       0x10 E:\CoIdeWork\GIT\TrapChecker\frdm_im920c_rcv_coide_kl25z\frdm_im920c_rcv/mbed/TARGET_KL25Z/TOOLCHAIN_GCC_ARM\libmbed.a(gpio_irq_api.o)
                0x000025f0                gpio_irqD
 .text.gpio_irq_init
                0x00002600       0x8c E:\CoIdeWork\GIT\TrapChecker\frdm_im920c_rcv_coide_kl25z\frdm_im920c_rcv/mbed/TARGET_KL25Z/TOOLCHAIN_GCC_ARM\libmbed.a(gpio_irq_api.o)
                0x00002600                gpio_irq_init
 .text.gpio_irq_free
                0x0000268c       0x10 E:\CoIdeWork\GIT\TrapChecker\frdm_im920c_rcv_coide_kl25z\frdm_im920c_rcv/mbed/TARGET_KL25Z/TOOLCHAIN_GCC_ARM\libmbed.a(gpio_irq_api.o)
                0x0000268c                gpio_irq_free
 .text.gpio_irq_set
                0x0000269c       0xa4 E:\CoIdeWork\GIT\TrapChecker\frdm_im920c_rcv_coide_kl25z\frdm_im920c_rcv/mbed/TARGET_KL25Z/TOOLCHAIN_GCC_ARM\libmbed.a(gpio_irq_api.o)
                0x0000269c                gpio_irq_set
 .text.gpio_set
                0x00002740       0x30 E:\CoIdeWork\GIT\TrapChecker\frdm_im920c_rcv_coide_kl25z\frdm_im920c_rcv/mbed/TARGET_KL25Z/TOOLCHAIN_GCC_ARM\libmbed.a(gpio_api.o)
                0x00002740                gpio_set
 .text.gpio_init
                0x00002770       0x34 E:\CoIdeWork\GIT\TrapChecker\frdm_im920c_rcv_coide_kl25z\frdm_im920c_rcv/mbed/TARGET_KL25Z/TOOLCHAIN_GCC_ARM\libmbed.a(gpio_api.o)
                0x00002770                gpio_init
 .text.gpio_mode
                0x000027a4        0xc E:\CoIdeWork\GIT\TrapChecker\frdm_im920c_rcv_coide_kl25z\frdm_im920c_rcv/mbed/TARGET_KL25Z/TOOLCHAIN_GCC_ARM\libmbed.a(gpio_api.o)
                0x000027a4                gpio_mode
 .text.gpio_dir
                0x000027b0       0x44 E:\CoIdeWork\GIT\TrapChecker\frdm_im920c_rcv_coide_kl25z\frdm_im920c_rcv/mbed/TARGET_KL25Z/TOOLCHAIN_GCC_ARM\libmbed.a(gpio_api.o)
                0x000027b0                gpio_dir
 .text.pit_init
                0x000027f4       0x78 E:\CoIdeWork\GIT\TrapChecker\frdm_im920c_rcv_coide_kl25z\frdm_im920c_rcv/mbed/TARGET_KL25Z/TOOLCHAIN_GCC_ARM\libmbed.a(us_ticker.o)
 .text.lptmr_init
                0x0000286c      0x1b0 E:\CoIdeWork\GIT\TrapChecker\frdm_im920c_rcv_coide_kl25z\frdm_im920c_rcv/mbed/TARGET_KL25Z/TOOLCHAIN_GCC_ARM\libmbed.a(us_ticker.o)
 .text.lptmr_isr
                0x00002a1c       0x68 E:\CoIdeWork\GIT\TrapChecker\frdm_im920c_rcv_coide_kl25z\frdm_im920c_rcv/mbed/TARGET_KL25Z/TOOLCHAIN_GCC_ARM\libmbed.a(us_ticker.o)
 .text.us_ticker_init
                0x00002a84       0x1c E:\CoIdeWork\GIT\TrapChecker\frdm_im920c_rcv_coide_kl25z\frdm_im920c_rcv/mbed/TARGET_KL25Z/TOOLCHAIN_GCC_ARM\libmbed.a(us_ticker.o)
                0x00002a84                us_ticker_init
 .text.us_ticker_read
                0x00002aa0       0x2c E:\CoIdeWork\GIT\TrapChecker\frdm_im920c_rcv_coide_kl25z\frdm_im920c_rcv/mbed/TARGET_KL25Z/TOOLCHAIN_GCC_ARM\libmbed.a(us_ticker.o)
                0x00002aa0                us_ticker_read
 .text.us_ticker_disable_interrupt
                0x00002acc       0x10 E:\CoIdeWork\GIT\TrapChecker\frdm_im920c_rcv_coide_kl25z\frdm_im920c_rcv/mbed/TARGET_KL25Z/TOOLCHAIN_GCC_ARM\libmbed.a(us_ticker.o)
                0x00002acc                us_ticker_disable_interrupt
 .text.us_ticker_clear_interrupt
                0x00002adc        0x4 E:\CoIdeWork\GIT\TrapChecker\frdm_im920c_rcv_coide_kl25z\frdm_im920c_rcv/mbed/TARGET_KL25Z/TOOLCHAIN_GCC_ARM\libmbed.a(us_ticker.o)
                0x00002adc                us_ticker_clear_interrupt
 .text.us_ticker_set_interrupt
                0x00002ae0       0x6c E:\CoIdeWork\GIT\TrapChecker\frdm_im920c_rcv_coide_kl25z\frdm_im920c_rcv/mbed/TARGET_KL25Z/TOOLCHAIN_GCC_ARM\libmbed.a(us_ticker.o)
                0x00002ae0                us_ticker_set_interrupt
 .text._ZN4mbed8FileBaseD2Ev
                0x00002b4c       0x34 E:\CoIdeWork\GIT\TrapChecker\frdm_im920c_rcv_coide_kl25z\frdm_im920c_rcv/mbed/TARGET_KL25Z/TOOLCHAIN_GCC_ARM\libmbed.a(FileBase.o)
                0x00002b4c                mbed::FileBase::~FileBase()
                0x00002b4c                mbed::FileBase::~FileBase()
 .text._ZN4mbed8FileBaseD0Ev
                0x00002b80       0x40 E:\CoIdeWork\GIT\TrapChecker\frdm_im920c_rcv_coide_kl25z\frdm_im920c_rcv/mbed/TARGET_KL25Z/TOOLCHAIN_GCC_ARM\libmbed.a(FileBase.o)
                0x00002b80                mbed::FileBase::~FileBase()
 .text._ZN4mbed8FileBaseC2EPKcNS_8PathTypeE
                0x00002bc0       0x24 E:\CoIdeWork\GIT\TrapChecker\frdm_im920c_rcv_coide_kl25z\frdm_im920c_rcv/mbed/TARGET_KL25Z/TOOLCHAIN_GCC_ARM\libmbed.a(FileBase.o)
                0x00002bc0                mbed::FileBase::FileBase(char const*, mbed::PathType)
                0x00002bc0                mbed::FileBase::FileBase(char const*, mbed::PathType)
 .text._ZN4mbed8FileBase6lookupEPKcj
                0x00002be4       0x40 E:\CoIdeWork\GIT\TrapChecker\frdm_im920c_rcv_coide_kl25z\frdm_im920c_rcv/mbed/TARGET_KL25Z/TOOLCHAIN_GCC_ARM\libmbed.a(FileBase.o)
                0x00002be4                mbed::FileBase::lookup(char const*, unsigned int)
 .text._ZN4mbed8FileBase11getPathTypeEv
                0x00002c24        0x4 E:\CoIdeWork\GIT\TrapChecker\frdm_im920c_rcv_coide_kl25z\frdm_im920c_rcv/mbed/TARGET_KL25Z/TOOLCHAIN_GCC_ARM\libmbed.a(FileBase.o)
                0x00002c24                mbed::FileBase::getPathType()
 .text._ZN4mbed8FileLikeC2EPKc
                0x00002c28       0x28 E:\CoIdeWork\GIT\TrapChecker\frdm_im920c_rcv_coide_kl25z\frdm_im920c_rcv/mbed/TARGET_KL25Z/TOOLCHAIN_GCC_ARM\libmbed.a(FileLike.o)
                0x00002c28                mbed::FileLike::FileLike(char const*)
                0x00002c28                mbed::FileLike::FileLike(char const*)
 .text._ZN4mbed8FileLikeD2Ev
                0x00002c50       0x24 E:\CoIdeWork\GIT\TrapChecker\frdm_im920c_rcv_coide_kl25z\frdm_im920c_rcv/mbed/TARGET_KL25Z/TOOLCHAIN_GCC_ARM\libmbed.a(FileLike.o)
                0x00002c50                mbed::FileLike::~FileLike()
                0x00002c50                mbed::FileLike::~FileLike()
 .text.__aeabi_atexit
                0x00002c74        0xe e:/programfiles_x86/gnu tools arm embedded/5.2 2015q4/bin/../lib/gcc/arm-none-eabi/5.2.1/../../../../arm-none-eabi/lib/armv6-m\libstdc++_nano.a(atexit_arm.o)
                0x00002c74                __aeabi_atexit
 .text._ZdlPv   0x00002c82        0x8 e:/programfiles_x86/gnu tools arm embedded/5.2 2015q4/bin/../lib/gcc/arm-none-eabi/5.2.1/../../../../arm-none-eabi/lib/armv6-m\libstdc++_nano.a(del_op.o)
                0x00002c82                operator delete(void*)
 *fill*         0x00002c8a        0x2 
 .text          0x00002c8c      0x114 e:/programfiles_x86/gnu tools arm embedded/5.2 2015q4/bin/../lib/gcc/arm-none-eabi/5.2.1/armv6-m\libgcc.a(_udivsi3.o)
                0x00002c8c                __aeabi_uidiv
                0x00002c8c                __udivsi3
                0x00002d98                __aeabi_uidivmod
 .text          0x00002da0        0x4 e:/programfiles_x86/gnu tools arm embedded/5.2 2015q4/bin/../lib/gcc/arm-none-eabi/5.2.1/armv6-m\libgcc.a(_dvmd_tls.o)
                0x00002da0                __aeabi_idiv0
                0x00002da0                __aeabi_ldiv0
 .text.__cxa_atexit
                0x00002da4       0x1c e:/programfiles_x86/gnu tools arm embedded/5.2 2015q4/bin/../lib/gcc/arm-none-eabi/5.2.1/../../../../arm-none-eabi/lib/armv6-m\libc_nano.a(lib_a-cxa_atexit.o)
                0x00002da4                __cxa_atexit
 .text.__errno  0x00002dc0        0xc e:/programfiles_x86/gnu tools arm embedded/5.2 2015q4/bin/../lib/gcc/arm-none-eabi/5.2.1/../../../../arm-none-eabi/lib/armv6-m\libc_nano.a(lib_a-errno.o)
                0x00002dc0                __errno
 .text.exit     0x00002dcc       0x2c e:/programfiles_x86/gnu tools arm embedded/5.2 2015q4/bin/../lib/gcc/arm-none-eabi/5.2.1/../../../../arm-none-eabi/lib/armv6-m\libc_nano.a(lib_a-exit.o)
                0x00002dcc                exit
 .text._fclose_r
                0x00002df8       0xb0 e:/programfiles_x86/gnu tools arm embedded/5.2 2015q4/bin/../lib/gcc/arm-none-eabi/5.2.1/../../../../arm-none-eabi/lib/armv6-m\libc_nano.a(lib_a-fclose.o)
                0x00002df8                _fclose_r
 .text.fclose   0x00002ea8       0x14 e:/programfiles_x86/gnu tools arm embedded/5.2 2015q4/bin/../lib/gcc/arm-none-eabi/5.2.1/../../../../arm-none-eabi/lib/armv6-m\libc_nano.a(lib_a-fclose.o)
                0x00002ea8                fclose
 .text.__sflush_r
                0x00002ebc      0x10c e:/programfiles_x86/gnu tools arm embedded/5.2 2015q4/bin/../lib/gcc/arm-none-eabi/5.2.1/../../../../arm-none-eabi/lib/armv6-m\libc_nano.a(lib_a-fflush.o)
                0x00002ebc                __sflush_r
 .text._fflush_r
                0x00002fc8       0x58 e:/programfiles_x86/gnu tools arm embedded/5.2 2015q4/bin/../lib/gcc/arm-none-eabi/5.2.1/../../../../arm-none-eabi/lib/armv6-m\libc_nano.a(lib_a-fflush.o)
                0x00002fc8                _fflush_r
 .text.fflush   0x00003020       0x28 e:/programfiles_x86/gnu tools arm embedded/5.2 2015q4/bin/../lib/gcc/arm-none-eabi/5.2.1/../../../../arm-none-eabi/lib/armv6-m\libc_nano.a(lib_a-fflush.o)
                0x00003020                fflush
 .text._fgetc_r
                0x00003048       0x5c e:/programfiles_x86/gnu tools arm embedded/5.2 2015q4/bin/../lib/gcc/arm-none-eabi/5.2.1/../../../../arm-none-eabi/lib/armv6-m\libc_nano.a(lib_a-fgetc.o)
                0x00003048                _fgetc_r
 .text.fgetc    0x000030a4       0x14 e:/programfiles_x86/gnu tools arm embedded/5.2 2015q4/bin/../lib/gcc/arm-none-eabi/5.2.1/../../../../arm-none-eabi/lib/armv6-m\libc_nano.a(lib_a-fgetc.o)
                0x000030a4                fgetc
 .text._cleanup_r
                0x000030b8       0x10 e:/programfiles_x86/gnu tools arm embedded/5.2 2015q4/bin/../lib/gcc/arm-none-eabi/5.2.1/../../../../arm-none-eabi/lib/armv6-m\libc_nano.a(lib_a-findfp.o)
                0x000030b8                _cleanup_r
 .text.std.isra.0
                0x000030c8       0x48 e:/programfiles_x86/gnu tools arm embedded/5.2 2015q4/bin/../lib/gcc/arm-none-eabi/5.2.1/../../../../arm-none-eabi/lib/armv6-m\libc_nano.a(lib_a-findfp.o)
 .text.__sfmoreglue
                0x00003110       0x2c e:/programfiles_x86/gnu tools arm embedded/5.2 2015q4/bin/../lib/gcc/arm-none-eabi/5.2.1/../../../../arm-none-eabi/lib/armv6-m\libc_nano.a(lib_a-findfp.o)
                0x00003110                __sfmoreglue
 .text.__sinit  0x0000313c       0x68 e:/programfiles_x86/gnu tools arm embedded/5.2 2015q4/bin/../lib/gcc/arm-none-eabi/5.2.1/../../../../arm-none-eabi/lib/armv6-m\libc_nano.a(lib_a-findfp.o)
                0x0000313c                __sinit
 .text.__sfp    0x000031a4       0x7c e:/programfiles_x86/gnu tools arm embedded/5.2 2015q4/bin/../lib/gcc/arm-none-eabi/5.2.1/../../../../arm-none-eabi/lib/armv6-m\libc_nano.a(lib_a-findfp.o)
                0x000031a4                __sfp
 .text.__sfp_lock_acquire
                0x00003220        0x2 e:/programfiles_x86/gnu tools arm embedded/5.2 2015q4/bin/../lib/gcc/arm-none-eabi/5.2.1/../../../../arm-none-eabi/lib/armv6-m\libc_nano.a(lib_a-findfp.o)
                0x00003220                __sfp_lock_acquire
 .text.__sfp_lock_release
                0x00003222        0x2 e:/programfiles_x86/gnu tools arm embedded/5.2 2015q4/bin/../lib/gcc/arm-none-eabi/5.2.1/../../../../arm-none-eabi/lib/armv6-m\libc_nano.a(lib_a-findfp.o)
                0x00003222                __sfp_lock_release
 .text._fopen_r
                0x00003224       0x7c e:/programfiles_x86/gnu tools arm embedded/5.2 2015q4/bin/../lib/gcc/arm-none-eabi/5.2.1/../../../../arm-none-eabi/lib/armv6-m\libc_nano.a(lib_a-fopen.o)
                0x00003224                _fopen_r
 .text.fopen    0x000032a0       0x14 e:/programfiles_x86/gnu tools arm embedded/5.2 2015q4/bin/../lib/gcc/arm-none-eabi/5.2.1/../../../../arm-none-eabi/lib/armv6-m\libc_nano.a(lib_a-fopen.o)
                0x000032a0                fopen
 .text._fputc_r
                0x000032b4       0x4c e:/programfiles_x86/gnu tools arm embedded/5.2 2015q4/bin/../lib/gcc/arm-none-eabi/5.2.1/../../../../arm-none-eabi/lib/armv6-m\libc_nano.a(lib_a-fputc.o)
                0x000032b4                _fputc_r
 .text.fputc    0x00003300       0x14 e:/programfiles_x86/gnu tools arm embedded/5.2 2015q4/bin/../lib/gcc/arm-none-eabi/5.2.1/../../../../arm-none-eabi/lib/armv6-m\libc_nano.a(lib_a-fputc.o)
                0x00003300                fputc
 .text._fseek_r
                0x00003314        0x8 e:/programfiles_x86/gnu tools arm embedded/5.2 2015q4/bin/../lib/gcc/arm-none-eabi/5.2.1/../../../../arm-none-eabi/lib/armv6-m\libc_nano.a(lib_a-fseek.o)
                0x00003314                _fseek_r
 .text._fseeko_r
                0x0000331c      0x130 e:/programfiles_x86/gnu tools arm embedded/5.2 2015q4/bin/../lib/gcc/arm-none-eabi/5.2.1/../../../../arm-none-eabi/lib/armv6-m\libc_nano.a(lib_a-fseeko.o)
                0x0000331c                _fseeko_r
 .text._fwalk   0x0000344c       0x38 e:/programfiles_x86/gnu tools arm embedded/5.2 2015q4/bin/../lib/gcc/arm-none-eabi/5.2.1/../../../../arm-none-eabi/lib/armv6-m\libc_nano.a(lib_a-fwalk.o)
                0x0000344c                _fwalk
 .text._fwalk_reent
                0x00003484       0x42 e:/programfiles_x86/gnu tools arm embedded/5.2 2015q4/bin/../lib/gcc/arm-none-eabi/5.2.1/../../../../arm-none-eabi/lib/armv6-m\libc_nano.a(lib_a-fwalk.o)
                0x00003484                _fwalk_reent
 *fill*         0x000034c6        0x2 
 .text.__libc_init_array
                0x000034c8       0x4c e:/programfiles_x86/gnu tools arm embedded/5.2 2015q4/bin/../lib/gcc/arm-none-eabi/5.2.1/../../../../arm-none-eabi/lib/armv6-m\libc_nano.a(lib_a-init.o)
                0x000034c8                __libc_init_array
 .text.__smakebuf_r
                0x00003514       0xa4 e:/programfiles_x86/gnu tools arm embedded/5.2 2015q4/bin/../lib/gcc/arm-none-eabi/5.2.1/../../../../arm-none-eabi/lib/armv6-m\libc_nano.a(lib_a-makebuf.o)
                0x00003514                __smakebuf_r
 .text.malloc   0x000035b8       0x14 e:/programfiles_x86/gnu tools arm embedded/5.2 2015q4/bin/../lib/gcc/arm-none-eabi/5.2.1/../../../../arm-none-eabi/lib/armv6-m\libc_nano.a(lib_a-malloc.o)
                0x000035b8                malloc
 .text.free     0x000035cc       0x14 e:/programfiles_x86/gnu tools arm embedded/5.2 2015q4/bin/../lib/gcc/arm-none-eabi/5.2.1/../../../../arm-none-eabi/lib/armv6-m\libc_nano.a(lib_a-malloc.o)
                0x000035cc                free
 .text.memchr   0x000035e0       0x16 e:/programfiles_x86/gnu tools arm embedded/5.2 2015q4/bin/../lib/gcc/arm-none-eabi/5.2.1/../../../../arm-none-eabi/lib/armv6-m\libc_nano.a(lib_a-memchr-stub.o)
                0x000035e0                memchr
 .text.memcpy   0x000035f6       0x12 e:/programfiles_x86/gnu tools arm embedded/5.2 2015q4/bin/../lib/gcc/arm-none-eabi/5.2.1/../../../../arm-none-eabi/lib/armv6-m\libc_nano.a(lib_a-memcpy-stub.o)
                0x000035f6                memcpy
 .text.memset   0x00003608       0x10 e:/programfiles_x86/gnu tools arm embedded/5.2 2015q4/bin/../lib/gcc/arm-none-eabi/5.2.1/../../../../arm-none-eabi/lib/armv6-m\libc_nano.a(lib_a-memset.o)
                0x00003608                memset
 .text._free_r  0x00003618       0x8c e:/programfiles_x86/gnu tools arm embedded/5.2 2015q4/bin/../lib/gcc/arm-none-eabi/5.2.1/../../../../arm-none-eabi/lib/armv6-m\libc_nano.a(lib_a-nano-freer.o)
                0x00003618                _free_r
 .text._malloc_r
                0x000036a4       0xac e:/programfiles_x86/gnu tools arm embedded/5.2 2015q4/bin/../lib/gcc/arm-none-eabi/5.2.1/../../../../arm-none-eabi/lib/armv6-m\libc_nano.a(lib_a-nano-mallocr.o)
                0x000036a4                _malloc_r
 .text.__sfputc_r
                0x00003750       0x2a e:/programfiles_x86/gnu tools arm embedded/5.2 2015q4/bin/../lib/gcc/arm-none-eabi/5.2.1/../../../../arm-none-eabi/lib/armv6-m\libc_nano.a(lib_a-nano-vfprintf.o)
 .text.__sfputs_r
                0x0000377a       0x24 e:/programfiles_x86/gnu tools arm embedded/5.2 2015q4/bin/../lib/gcc/arm-none-eabi/5.2.1/../../../../arm-none-eabi/lib/armv6-m\libc_nano.a(lib_a-nano-vfprintf.o)
                0x0000377a                __sfputs_r
 *fill*         0x0000379e        0x2 
 .text._vfprintf_r
                0x000037a0      0x238 e:/programfiles_x86/gnu tools arm embedded/5.2 2015q4/bin/../lib/gcc/arm-none-eabi/5.2.1/../../../../arm-none-eabi/lib/armv6-m\libc_nano.a(lib_a-nano-vfprintf.o)
                0x000037a0                _vfprintf_r
                0x000037a0                _vfiprintf_r
 .text.vfprintf
                0x000039d8       0x18 e:/programfiles_x86/gnu tools arm embedded/5.2 2015q4/bin/../lib/gcc/arm-none-eabi/5.2.1/../../../../arm-none-eabi/lib/armv6-m\libc_nano.a(lib_a-nano-vfprintf.o)
                0x000039d8                vfprintf
                0x000039d8                vfiprintf
 .text._printf_common
                0x000039f0       0xdc e:/programfiles_x86/gnu tools arm embedded/5.2 2015q4/bin/../lib/gcc/arm-none-eabi/5.2.1/../../../../arm-none-eabi/lib/armv6-m\libc_nano.a(lib_a-nano-vfprintf_i.o)
                0x000039f0                _printf_common
 .text._printf_i
                0x00003acc      0x244 e:/programfiles_x86/gnu tools arm embedded/5.2 2015q4/bin/../lib/gcc/arm-none-eabi/5.2.1/../../../../arm-none-eabi/lib/armv6-m\libc_nano.a(lib_a-nano-vfprintf_i.o)
                0x00003acc                _printf_i
 .text._scanf_chars
                0x00003d10       0xc4 e:/programfiles_x86/gnu tools arm embedded/5.2 2015q4/bin/../lib/gcc/arm-none-eabi/5.2.1/../../../../arm-none-eabi/lib/armv6-m\libc_nano.a(lib_a-nano-vfscanf_i.o)
                0x00003d10                _scanf_chars
 .text._scanf_i
                0x00003dd4      0x200 e:/programfiles_x86/gnu tools arm embedded/5.2 2015q4/bin/../lib/gcc/arm-none-eabi/5.2.1/../../../../arm-none-eabi/lib/armv6-m\libc_nano.a(lib_a-nano-vfscanf_i.o)
                0x00003dd4                _scanf_i
 .text._open_r  0x00003fd4       0x28 e:/programfiles_x86/gnu tools arm embedded/5.2 2015q4/bin/../lib/gcc/arm-none-eabi/5.2.1/../../../../arm-none-eabi/lib/armv6-m\libc_nano.a(lib_a-openr.o)
                0x00003fd4                _open_r
 .text._putc_r  0x00003ffc       0x78 e:/programfiles_x86/gnu tools arm embedded/5.2 2015q4/bin/../lib/gcc/arm-none-eabi/5.2.1/../../../../arm-none-eabi/lib/armv6-m\libc_nano.a(lib_a-putc.o)
                0x00003ffc                _putc_r
 .text.lflush   0x00004074       0x18 e:/programfiles_x86/gnu tools arm embedded/5.2 2015q4/bin/../lib/gcc/arm-none-eabi/5.2.1/../../../../arm-none-eabi/lib/armv6-m\libc_nano.a(lib_a-refill.o)
 .text.__srefill_r
                0x0000408c      0x120 e:/programfiles_x86/gnu tools arm embedded/5.2 2015q4/bin/../lib/gcc/arm-none-eabi/5.2.1/../../../../arm-none-eabi/lib/armv6-m\libc_nano.a(lib_a-refill.o)
                0x0000408c                __srefill_r
 .text.__srget_r
                0x000041ac       0x60 e:/programfiles_x86/gnu tools arm embedded/5.2 2015q4/bin/../lib/gcc/arm-none-eabi/5.2.1/../../../../arm-none-eabi/lib/armv6-m\libc_nano.a(lib_a-rget.o)
                0x000041ac                __srget_r
 .text._sbrk_r  0x0000420c       0x24 e:/programfiles_x86/gnu tools arm embedded/5.2 2015q4/bin/../lib/gcc/arm-none-eabi/5.2.1/../../../../arm-none-eabi/lib/armv6-m\libc_nano.a(lib_a-sbrkr.o)
                0x0000420c                _sbrk_r
 .text.__sccl   0x00004230       0x64 e:/programfiles_x86/gnu tools arm embedded/5.2 2015q4/bin/../lib/gcc/arm-none-eabi/5.2.1/../../../../arm-none-eabi/lib/armv6-m\libc_nano.a(lib_a-sccl.o)
                0x00004230                __sccl
 .text.setbuf   0x00004294       0x12 e:/programfiles_x86/gnu tools arm embedded/5.2 2015q4/bin/../lib/gcc/arm-none-eabi/5.2.1/../../../../arm-none-eabi/lib/armv6-m\libc_nano.a(lib_a-setbuf.o)
                0x00004294                setbuf
 *fill*         0x000042a6        0x2 
 .text.setvbuf  0x000042a8      0x10c e:/programfiles_x86/gnu tools arm embedded/5.2 2015q4/bin/../lib/gcc/arm-none-eabi/5.2.1/../../../../arm-none-eabi/lib/armv6-m\libc_nano.a(lib_a-setvbuf.o)
                0x000042a8                setvbuf
 .text.sprintf  0x000043b4       0x44 e:/programfiles_x86/gnu tools arm embedded/5.2 2015q4/bin/../lib/gcc/arm-none-eabi/5.2.1/../../../../arm-none-eabi/lib/armv6-m\libc_nano.a(lib_a-sprintf.o)
                0x000043b4                siprintf
                0x000043b4                sprintf
 .text.sscanf   0x000043f8       0x50 e:/programfiles_x86/gnu tools arm embedded/5.2 2015q4/bin/../lib/gcc/arm-none-eabi/5.2.1/../../../../arm-none-eabi/lib/armv6-m\libc_nano.a(lib_a-sscanf.o)
                0x000043f8                siscanf
                0x000043f8                sscanf
 .text.__sread  0x00004448       0x28 e:/programfiles_x86/gnu tools arm embedded/5.2 2015q4/bin/../lib/gcc/arm-none-eabi/5.2.1/../../../../arm-none-eabi/lib/armv6-m\libc_nano.a(lib_a-stdio.o)
                0x00004448                __sread
 .text.__seofread
                0x00004470        0x4 e:/programfiles_x86/gnu tools arm embedded/5.2 2015q4/bin/../lib/gcc/arm-none-eabi/5.2.1/../../../../arm-none-eabi/lib/armv6-m\libc_nano.a(lib_a-stdio.o)
                0x00004470                __seofread
 .text.__swrite
                0x00004474       0x38 e:/programfiles_x86/gnu tools arm embedded/5.2 2015q4/bin/../lib/gcc/arm-none-eabi/5.2.1/../../../../arm-none-eabi/lib/armv6-m\libc_nano.a(lib_a-stdio.o)
                0x00004474                __swrite
 .text.__sseek  0x000044ac       0x2c e:/programfiles_x86/gnu tools arm embedded/5.2 2015q4/bin/../lib/gcc/arm-none-eabi/5.2.1/../../../../arm-none-eabi/lib/armv6-m\libc_nano.a(lib_a-stdio.o)
                0x000044ac                __sseek
 .text.__sclose
                0x000044d8        0xc e:/programfiles_x86/gnu tools arm embedded/5.2 2015q4/bin/../lib/gcc/arm-none-eabi/5.2.1/../../../../arm-none-eabi/lib/armv6-m\libc_nano.a(lib_a-stdio.o)
                0x000044d8                __sclose
 .text          0x000044e4       0x14 e:/programfiles_x86/gnu tools arm embedded/5.2 2015q4/bin/../lib/gcc/arm-none-eabi/5.2.1/../../../../arm-none-eabi/lib/armv6-m\libc_nano.a(lib_a-strcmp.o)
                0x000044e4                strcmp
 .text          0x000044f8        0xe e:/programfiles_x86/gnu tools arm embedded/5.2 2015q4/bin/../lib/gcc/arm-none-eabi/5.2.1/../../../../arm-none-eabi/lib/armv6-m\libc_nano.a(lib_a-strlen.o)
                0x000044f8                strlen
 .text.strncmp  0x00004506       0x24 e:/programfiles_x86/gnu tools arm embedded/5.2 2015q4/bin/../lib/gcc/arm-none-eabi/5.2.1/../../../../arm-none-eabi/lib/armv6-m\libc_nano.a(lib_a-strncmp.o)
                0x00004506                strncmp
 *fill*         0x0000452a        0x2 
 .text._strtol_r
                0x0000452c      0x124 e:/programfiles_x86/gnu tools arm embedded/5.2 2015q4/bin/../lib/gcc/arm-none-eabi/5.2.1/../../../../arm-none-eabi/lib/armv6-m\libc_nano.a(lib_a-strtol.o)
                0x0000452c                _strtol_r
 .text._strtoul_r
                0x00004650      0x108 e:/programfiles_x86/gnu tools arm embedded/5.2 2015q4/bin/../lib/gcc/arm-none-eabi/5.2.1/../../../../arm-none-eabi/lib/armv6-m\libc_nano.a(lib_a-strtoul.o)
                0x00004650                _strtoul_r
 .text.__submore
                0x00004758       0x7c e:/programfiles_x86/gnu tools arm embedded/5.2 2015q4/bin/../lib/gcc/arm-none-eabi/5.2.1/../../../../arm-none-eabi/lib/armv6-m\libc_nano.a(lib_a-ungetc.o)
                0x00004758                __submore
 .text.__swbuf_r
                0x000047d4       0xb0 e:/programfiles_x86/gnu tools arm embedded/5.2 2015q4/bin/../lib/gcc/arm-none-eabi/5.2.1/../../../../arm-none-eabi/lib/armv6-m\libc_nano.a(lib_a-wbuf.o)
                0x000047d4                __swbuf_r
 .text._write_r
                0x00004884       0x28 e:/programfiles_x86/gnu tools arm embedded/5.2 2015q4/bin/../lib/gcc/arm-none-eabi/5.2.1/../../../../arm-none-eabi/lib/armv6-m\libc_nano.a(lib_a-writer.o)
                0x00004884                _write_r
 .text.__swsetup_r
                0x000048ac       0xe8 e:/programfiles_x86/gnu tools arm embedded/5.2 2015q4/bin/../lib/gcc/arm-none-eabi/5.2.1/../../../../arm-none-eabi/lib/armv6-m\libc_nano.a(lib_a-wsetup.o)
                0x000048ac                __swsetup_r
 .text._close_r
                0x00004994       0x24 e:/programfiles_x86/gnu tools arm embedded/5.2 2015q4/bin/../lib/gcc/arm-none-eabi/5.2.1/../../../../arm-none-eabi/lib/armv6-m\libc_nano.a(lib_a-closer.o)
                0x00004994                _close_r
 .text.__sflags
                0x000049b8       0x74 e:/programfiles_x86/gnu tools arm embedded/5.2 2015q4/bin/../lib/gcc/arm-none-eabi/5.2.1/../../../../arm-none-eabi/lib/armv6-m\libc_nano.a(lib_a-flags.o)
                0x000049b8                __sflags
 .text._fstat_r
                0x00004a2c       0x24 e:/programfiles_x86/gnu tools arm embedded/5.2 2015q4/bin/../lib/gcc/arm-none-eabi/5.2.1/../../../../arm-none-eabi/lib/armv6-m\libc_nano.a(lib_a-fstatr.o)
                0x00004a2c                _fstat_r
 .text._isatty_r
                0x00004a50       0x24 e:/programfiles_x86/gnu tools arm embedded/5.2 2015q4/bin/../lib/gcc/arm-none-eabi/5.2.1/../../../../arm-none-eabi/lib/armv6-m\libc_nano.a(lib_a-isattyr.o)
                0x00004a50                _isatty_r
 .text._lseek_r
                0x00004a74       0x28 e:/programfiles_x86/gnu tools arm embedded/5.2 2015q4/bin/../lib/gcc/arm-none-eabi/5.2.1/../../../../arm-none-eabi/lib/armv6-m\libc_nano.a(lib_a-lseekr.o)
                0x00004a74                _lseek_r
 .text.memmove  0x00004a9c       0x2a e:/programfiles_x86/gnu tools arm embedded/5.2 2015q4/bin/../lib/gcc/arm-none-eabi/5.2.1/../../../../arm-none-eabi/lib/armv6-m\libc_nano.a(lib_a-memmove.o)
                0x00004a9c                memmove
 .text._realloc_r
                0x00004ac6       0x4c e:/programfiles_x86/gnu tools arm embedded/5.2 2015q4/bin/../lib/gcc/arm-none-eabi/5.2.1/../../../../arm-none-eabi/lib/armv6-m\libc_nano.a(lib_a-nano-reallocr.o)
                0x00004ac6                _realloc_r
 *fill*         0x00004b12        0x2 
 .text.__ssputs_r
                0x00004b14       0xc4 e:/programfiles_x86/gnu tools arm embedded/5.2 2015q4/bin/../lib/gcc/arm-none-eabi/5.2.1/../../../../arm-none-eabi/lib/armv6-m\libc_nano.a(lib_a-nano-svfprintf.o)
                0x00004b14                __ssputs_r
 .text._svfprintf_r
                0x00004bd8      0x1fc e:/programfiles_x86/gnu tools arm embedded/5.2 2015q4/bin/../lib/gcc/arm-none-eabi/5.2.1/../../../../arm-none-eabi/lib/armv6-m\libc_nano.a(lib_a-nano-svfprintf.o)
                0x00004bd8                _svfiprintf_r
                0x00004bd8                _svfprintf_r
 .text._sungetc_r
                0x00004dd4       0x78 e:/programfiles_x86/gnu tools arm embedded/5.2 2015q4/bin/../lib/gcc/arm-none-eabi/5.2.1/../../../../arm-none-eabi/lib/armv6-m\libc_nano.a(lib_a-nano-svfscanf.o)
                0x00004dd4                _sungetc_r
 .text.__ssrefill_r
                0x00004e4c       0x3e e:/programfiles_x86/gnu tools arm embedded/5.2 2015q4/bin/../lib/gcc/arm-none-eabi/5.2.1/../../../../arm-none-eabi/lib/armv6-m\libc_nano.a(lib_a-nano-svfscanf.o)
                0x00004e4c                __ssrefill_r
 *fill*         0x00004e8a        0x2 
 .text.__ssvfscanf_r
                0x00004e8c      0x2ec e:/programfiles_x86/gnu tools arm embedded/5.2 2015q4/bin/../lib/gcc/arm-none-eabi/5.2.1/../../../../arm-none-eabi/lib/armv6-m\libc_nano.a(lib_a-nano-svfscanf.o)
                0x00004e8c                __ssvfiscanf_r
                0x00004e8c                __ssvfscanf_r
 .text._read_r  0x00005178       0x28 e:/programfiles_x86/gnu tools arm embedded/5.2 2015q4/bin/../lib/gcc/arm-none-eabi/5.2.1/../../../../arm-none-eabi/lib/armv6-m\libc_nano.a(lib_a-readr.o)
                0x00005178                _read_r
 .text._malloc_usable_size_r
                0x000051a0       0x16 e:/programfiles_x86/gnu tools arm embedded/5.2 2015q4/bin/../lib/gcc/arm-none-eabi/5.2.1/../../../../arm-none-eabi/lib/armv6-m\libc_nano.a(lib_a-nano-msizer.o)
                0x000051a0                _malloc_usable_size_r
 *(.init)
 *fill*         0x000051b6        0x2 
 .init          0x000051b8        0x4 e:/programfiles_x86/gnu tools arm embedded/5.2 2015q4/bin/../lib/gcc/arm-none-eabi/5.2.1/armv6-m/crti.o
                0x000051b8                _init
 .init          0x000051bc        0x8 e:/programfiles_x86/gnu tools arm embedded/5.2 2015q4/bin/../lib/gcc/arm-none-eabi/5.2.1/armv6-m/crtn.o
 *(.fini)
 .fini          0x000051c4        0x4 e:/programfiles_x86/gnu tools arm embedded/5.2 2015q4/bin/../lib/gcc/arm-none-eabi/5.2.1/armv6-m/crti.o
                0x000051c4                _fini
 .fini          0x000051c8        0x8 e:/programfiles_x86/gnu tools arm embedded/5.2 2015q4/bin/../lib/gcc/arm-none-eabi/5.2.1/armv6-m/crtn.o
 *crtbegin.o(.ctors)
 *crtbegin?.o(.ctors)
 *(EXCLUDE_FILE(*crtend.o *crtend?.o) .ctors)
 *(SORT(.ctors.*))
 *(.ctors)
 *crtbegin.o(.dtors)
 *crtbegin?.o(.dtors)
 *(EXCLUDE_FILE(*crtend.o *crtend?.o) .dtors)
 *(SORT(.dtors.*))
 *(.dtors)
 *(.rodata*)
 .rodata.str1.4
                0x000051d0       0x85 E:\CoIdeWork\GIT\TrapChecker\frdm_im920c_rcv_coide_kl25z\frdm_im920c_rcv/mbed/TARGET_KL25Z/TOOLCHAIN_GCC_ARM/board.o
 *fill*         0x00005255        0x3 
 .rodata.__stdin_name
                0x00005258        0x7 E:\CoIdeWork\GIT\TrapChecker\frdm_im920c_rcv_coide_kl25z\frdm_im920c_rcv/mbed/TARGET_KL25Z/TOOLCHAIN_GCC_ARM/retarget.o
                0x00005258                __stdin_name
 *fill*         0x0000525f        0x1 
 .rodata.__stderr_name
                0x00005260        0x8 E:\CoIdeWork\GIT\TrapChecker\frdm_im920c_rcv_coide_kl25z\frdm_im920c_rcv/mbed/TARGET_KL25Z/TOOLCHAIN_GCC_ARM/retarget.o
                0x00005260                __stderr_name
 .rodata.__stdout_name
                0x00005268        0x8 E:\CoIdeWork\GIT\TrapChecker\frdm_im920c_rcv_coide_kl25z\frdm_im920c_rcv/mbed/TARGET_KL25Z/TOOLCHAIN_GCC_ARM/retarget.o
                0x00005268                __stdout_name
 .rodata._ZTVN4mbed10FileHandleE
                0x00005270       0x2c E:\CoIdeWork\GIT\TrapChecker\frdm_im920c_rcv_coide_kl25z\frdm_im920c_rcv/mbed/TARGET_KL25Z/TOOLCHAIN_GCC_ARM/retarget.o
                0x00005270                vtable for mbed::FileHandle
 .rodata.str1.4
                0x0000529c        0xe E:\CoIdeWork\GIT\TrapChecker\frdm_im920c_rcv_coide_kl25z\frdm_im920c_rcv/mbed/TARGET_KL25Z/TOOLCHAIN_GCC_ARM/retarget.o
 .rodata.str1.1
                0x000052aa       0x9e ..\obj\main.o
 .rodata.str1.4
                0x00005348      0x110 E:\CoIdeWork\GIT\TrapChecker\frdm_im920c_rcv_coide_kl25z\frdm_im920c_rcv/mbed/TARGET_KL25Z/TOOLCHAIN_GCC_ARM\libmbed.a(serial_api.o)
 .rodata.str1.4
                0x00005458       0x7f E:\CoIdeWork\GIT\TrapChecker\frdm_im920c_rcv_coide_kl25z\frdm_im920c_rcv/mbed/TARGET_KL25Z/TOOLCHAIN_GCC_ARM\libmbed.a(pinmap.o)
 *fill*         0x000054d7        0x1 
 .rodata._ZTVN4mbed11InterruptInE
                0x000054d8       0x10 E:\CoIdeWork\GIT\TrapChecker\frdm_im920c_rcv_coide_kl25z\frdm_im920c_rcv/mbed/TARGET_KL25Z/TOOLCHAIN_GCC_ARM\libmbed.a(InterruptIn.o)
                0x000054d8                vtable for mbed::InterruptIn
 .rodata._ZTVN4mbed6SerialE
                0x000054e8       0x5c E:\CoIdeWork\GIT\TrapChecker\frdm_im920c_rcv_coide_kl25z\frdm_im920c_rcv/mbed/TARGET_KL25Z/TOOLCHAIN_GCC_ARM\libmbed.a(Serial.o)
                0x000054e8                vtable for mbed::Serial
 *fill*         0x00005544        0x4 
 .rodata._ZTVN4mbed10SerialBaseE
                0x00005548       0x10 E:\CoIdeWork\GIT\TrapChecker\frdm_im920c_rcv_coide_kl25z\frdm_im920c_rcv/mbed/TARGET_KL25Z/TOOLCHAIN_GCC_ARM\libmbed.a(SerialBase.o)
                0x00005548                vtable for mbed::SerialBase
 .rodata._ZTVN4mbed6TickerE
                0x00005558       0x14 E:\CoIdeWork\GIT\TrapChecker\frdm_im920c_rcv_coide_kl25z\frdm_im920c_rcv/mbed/TARGET_KL25Z/TOOLCHAIN_GCC_ARM\libmbed.a(Ticker.o)
                0x00005558                vtable for mbed::Ticker
 *fill*         0x0000556c        0x4 
 .rodata._ZTVN4mbed6StreamE
                0x00005570       0x44 E:\CoIdeWork\GIT\TrapChecker\frdm_im920c_rcv_coide_kl25z\frdm_im920c_rcv/mbed/TARGET_KL25Z/TOOLCHAIN_GCC_ARM\libmbed.a(Stream.o)
                0x00005570                vtable for mbed::Stream
 .rodata.str1.4
                0x000055b4        0x3 E:\CoIdeWork\GIT\TrapChecker\frdm_im920c_rcv_coide_kl25z\frdm_im920c_rcv/mbed/TARGET_KL25Z/TOOLCHAIN_GCC_ARM\libmbed.a(Stream.o)
                                  0x7 (size before relaxing)
 *fill*         0x000055b7        0x1 
 .rodata.str1.4
                0x000055b8       0x31 E:\CoIdeWork\GIT\TrapChecker\frdm_im920c_rcv_coide_kl25z\frdm_im920c_rcv/mbed/TARGET_KL25Z/TOOLCHAIN_GCC_ARM\libmbed.a(assert.o)
 *fill*         0x000055e9        0x7 
 .rodata._ZTVN4mbed10TimerEventE
                0x000055f0       0x14 E:\CoIdeWork\GIT\TrapChecker\frdm_im920c_rcv_coide_kl25z\frdm_im920c_rcv/mbed/TARGET_KL25Z/TOOLCHAIN_GCC_ARM\libmbed.a(TimerEvent.o)
                0x000055f0                vtable for mbed::TimerEvent
 .rodata.str1.4
                0x00005604       0x85 E:\CoIdeWork\GIT\TrapChecker\frdm_im920c_rcv_coide_kl25z\frdm_im920c_rcv/mbed/TARGET_KL25Z/TOOLCHAIN_GCC_ARM\libmbed.a(gpio.o)
 .rodata.str1.4
                0x00005604       0x66 E:\CoIdeWork\GIT\TrapChecker\frdm_im920c_rcv_coide_kl25z\frdm_im920c_rcv/mbed/TARGET_KL25Z/TOOLCHAIN_GCC_ARM\libmbed.a(pinmap_common.o)
 *fill*         0x0000566a        0x2 
 .rodata.us_interface
                0x0000566c       0x14 E:\CoIdeWork\GIT\TrapChecker\frdm_im920c_rcv_coide_kl25z\frdm_im920c_rcv/mbed/TARGET_KL25Z/TOOLCHAIN_GCC_ARM\libmbed.a(us_ticker_api.o)
 .rodata.us_data
                0x00005680        0x8 E:\CoIdeWork\GIT\TrapChecker\frdm_im920c_rcv_coide_kl25z\frdm_im920c_rcv/mbed/TARGET_KL25Z/TOOLCHAIN_GCC_ARM\libmbed.a(us_ticker_api.o)
 .rodata.PinMap_UART_RX
                0x00005688       0x6c E:\CoIdeWork\GIT\TrapChecker\frdm_im920c_rcv_coide_kl25z\frdm_im920c_rcv/mbed/TARGET_KL25Z/TOOLCHAIN_GCC_ARM\libmbed.a(PeripheralPins.o)
                0x00005688                PinMap_UART_RX
 .rodata.PinMap_UART_TX
                0x000056f4       0x6c E:\CoIdeWork\GIT\TrapChecker\frdm_im920c_rcv_coide_kl25z\frdm_im920c_rcv/mbed/TARGET_KL25Z/TOOLCHAIN_GCC_ARM\libmbed.a(PeripheralPins.o)
                0x000056f4                PinMap_UART_TX
 .rodata.search_bits
                0x00005760       0x14 E:\CoIdeWork\GIT\TrapChecker\frdm_im920c_rcv_coide_kl25z\frdm_im920c_rcv/mbed/TARGET_KL25Z/TOOLCHAIN_GCC_ARM\libmbed.a(gpio_irq_api.o)
                0x00005760                search_bits
 .rodata.str1.4
                0x00005774       0x28 E:\CoIdeWork\GIT\TrapChecker\frdm_im920c_rcv_coide_kl25z\frdm_im920c_rcv/mbed/TARGET_KL25Z/TOOLCHAIN_GCC_ARM\libmbed.a(gpio_irq_api.o)
 .rodata.str1.4
                0x0000579c       0x70 E:\CoIdeWork\GIT\TrapChecker\frdm_im920c_rcv_coide_kl25z\frdm_im920c_rcv/mbed/TARGET_KL25Z/TOOLCHAIN_GCC_ARM\libmbed.a(gpio_api.o)
                                 0x9c (size before relaxing)
 *fill*         0x0000580c        0x4 
 .rodata._ZTVN4mbed8FileBaseE
                0x00005810       0x10 E:\CoIdeWork\GIT\TrapChecker\frdm_im920c_rcv_coide_kl25z\frdm_im920c_rcv/mbed/TARGET_KL25Z/TOOLCHAIN_GCC_ARM\libmbed.a(FileBase.o)
                0x00005810                vtable for mbed::FileBase
 .rodata._ZTVN4mbed8FileLikeE
                0x00005820       0x3c E:\CoIdeWork\GIT\TrapChecker\frdm_im920c_rcv_coide_kl25z\frdm_im920c_rcv/mbed/TARGET_KL25Z/TOOLCHAIN_GCC_ARM\libmbed.a(FileLike.o)
                0x00005820                vtable for mbed::FileLike
 .rodata.__sf_fake_stdin
                0x0000585c       0x20 e:/programfiles_x86/gnu tools arm embedded/5.2 2015q4/bin/../lib/gcc/arm-none-eabi/5.2.1/../../../../arm-none-eabi/lib/armv6-m\libc_nano.a(lib_a-findfp.o)
                0x0000585c                __sf_fake_stdin
 .rodata.__sf_fake_stdout
                0x0000587c       0x20 e:/programfiles_x86/gnu tools arm embedded/5.2 2015q4/bin/../lib/gcc/arm-none-eabi/5.2.1/../../../../arm-none-eabi/lib/armv6-m\libc_nano.a(lib_a-findfp.o)
                0x0000587c                __sf_fake_stdout
 .rodata.__sf_fake_stderr
                0x0000589c       0x20 e:/programfiles_x86/gnu tools arm embedded/5.2 2015q4/bin/../lib/gcc/arm-none-eabi/5.2.1/../../../../arm-none-eabi/lib/armv6-m\libc_nano.a(lib_a-findfp.o)
                0x0000589c                __sf_fake_stderr
 .rodata.str1.1
                0x000058bc       0x9e e:/programfiles_x86/gnu tools arm embedded/5.2 2015q4/bin/../lib/gcc/arm-none-eabi/5.2.1/../../../../arm-none-eabi/lib/armv6-m\libc_nano.a(lib_a-impure.o)
                                  0x2 (size before relaxing)
 .rodata._global_impure_ptr
                0x000058bc        0x4 e:/programfiles_x86/gnu tools arm embedded/5.2 2015q4/bin/../lib/gcc/arm-none-eabi/5.2.1/../../../../arm-none-eabi/lib/armv6-m\libc_nano.a(lib_a-impure.o)
                0x000058bc                _global_impure_ptr
 .rodata.str1.1
                0x000058c0       0x11 e:/programfiles_x86/gnu tools arm embedded/5.2 2015q4/bin/../lib/gcc/arm-none-eabi/5.2.1/../../../../arm-none-eabi/lib/armv6-m\libc_nano.a(lib_a-nano-vfprintf.o)
 .rodata.str1.1
                0x000058d1       0x22 e:/programfiles_x86/gnu tools arm embedded/5.2 2015q4/bin/../lib/gcc/arm-none-eabi/5.2.1/../../../../arm-none-eabi/lib/armv6-m\libc_nano.a(lib_a-nano-vfprintf_i.o)
 *fill*         0x000058f3        0x1 
 .rodata        0x000058f4        0xc e:/programfiles_x86/gnu tools arm embedded/5.2 2015q4/bin/../lib/gcc/arm-none-eabi/5.2.1/../../../../arm-none-eabi/lib/armv6-m\libc_nano.a(lib_a-nano-vfscanf_i.o)
 .rodata.str1.1
                0x00005900       0x1b e:/programfiles_x86/gnu tools arm embedded/5.2 2015q4/bin/../lib/gcc/arm-none-eabi/5.2.1/../../../../arm-none-eabi/lib/armv6-m\libc_nano.a(lib_a-nano-vfscanf_i.o)
 .rodata._ctype_
                0x0000591b      0x101 e:/programfiles_x86/gnu tools arm embedded/5.2 2015q4/bin/../lib/gcc/arm-none-eabi/5.2.1/../../../../arm-none-eabi/lib/armv6-m\libc_nano.a(lib_a-ctype_.o)
                0x0000591b                _ctype_
 .rodata.str1.1
                0x00005a1c       0x11 e:/programfiles_x86/gnu tools arm embedded/5.2 2015q4/bin/../lib/gcc/arm-none-eabi/5.2.1/../../../../arm-none-eabi/lib/armv6-m\libc_nano.a(lib_a-nano-svfprintf.o)
 .rodata.str1.1
                0x00005a1c        0x4 e:/programfiles_x86/gnu tools arm embedded/5.2 2015q4/bin/../lib/gcc/arm-none-eabi/5.2.1/../../../../arm-none-eabi/lib/armv6-m\libc_nano.a(lib_a-nano-svfscanf.o)
 *(.eh_frame*)
 .eh_frame      0x00005a1c        0x0 e:/programfiles_x86/gnu tools arm embedded/5.2 2015q4/bin/../lib/gcc/arm-none-eabi/5.2.1/armv6-m/crtbegin.o
 .eh_frame      0x00005a1c        0x4 e:/programfiles_x86/gnu tools arm embedded/5.2 2015q4/bin/../lib/gcc/arm-none-eabi/5.2.1/armv6-m/crtend.o

.glue_7         0x00005a20        0x0
 .glue_7        0x00005a20        0x0 linker stubs

.glue_7t        0x00005a20        0x0
 .glue_7t       0x00005a20        0x0 linker stubs

.vfp11_veneer   0x00005a20        0x0
 .vfp11_veneer  0x00005a20        0x0 linker stubs

.v4_bx          0x00005a20        0x0
 .v4_bx         0x00005a20        0x0 linker stubs

.iplt           0x00005a20        0x0
 .iplt          0x00005a20        0x0 e:/programfiles_x86/gnu tools arm embedded/5.2 2015q4/bin/../lib/gcc/arm-none-eabi/5.2.1/armv6-m/crtbegin.o

.ARM.extab
 *(.ARM.extab* .gnu.linkonce.armextab.*)
                0x00005a20                __exidx_start = .

.ARM.exidx      0x00005a20        0x8
 *(.ARM.exidx* .gnu.linkonce.armexidx.*)
 .ARM.exidx     0x00005a20        0x8 e:/programfiles_x86/gnu tools arm embedded/5.2 2015q4/bin/../lib/gcc/arm-none-eabi/5.2.1/../../../../arm-none-eabi/lib/armv6-m/crt0.o
                0x00005a28                __exidx_end = .
                0x00005a28                __etext = .

.rel.dyn        0x00005a28        0x0
 .rel.iplt      0x00005a28        0x0 e:/programfiles_x86/gnu tools arm embedded/5.2 2015q4/bin/../lib/gcc/arm-none-eabi/5.2.1/armv6-m/crtbegin.o

.data           0x1ffff0c0       0x84 load address 0x00005a28
                0x1ffff0c0                __data_start__ = .
 *(vtable)
 *(.data*)
 .data          0x1ffff0c0        0x4 e:/programfiles_x86/gnu tools arm embedded/5.2 2015q4/bin/../lib/gcc/arm-none-eabi/5.2.1/armv6-m/crtbegin.o
                0x1ffff0c0                __dso_handle
 .data._ZZ5_sbrkE4heap
                0x1ffff0c4        0x4 E:\CoIdeWork\GIT\TrapChecker\frdm_im920c_rcv_coide_kl25z\frdm_im920c_rcv/mbed/TARGET_KL25Z/TOOLCHAIN_GCC_ARM/retarget.o
 .data.SystemCoreClock
                0x1ffff0c8        0x4 E:\CoIdeWork\GIT\TrapChecker\frdm_im920c_rcv_coide_kl25z\frdm_im920c_rcv/mbed/TARGET_KL25Z/TOOLCHAIN_GCC_ARM/system_MKL25Z4.o
                0x1ffff0c8                SystemCoreClock
 .data.is_debugger_attached
                0x1ffff0cc        0x4 E:\CoIdeWork\GIT\TrapChecker\frdm_im920c_rcv_coide_kl25z\frdm_im920c_rcv/mbed/TARGET_KL25Z/TOOLCHAIN_GCC_ARM\libmbed.a(semihost_api.o)
 .data.impure_data
                0x1ffff0d0       0x60 e:/programfiles_x86/gnu tools arm embedded/5.2 2015q4/bin/../lib/gcc/arm-none-eabi/5.2.1/../../../../arm-none-eabi/lib/armv6-m\libc_nano.a(lib_a-impure.o)
 .data._impure_ptr
                0x1ffff130        0x4 e:/programfiles_x86/gnu tools arm embedded/5.2 2015q4/bin/../lib/gcc/arm-none-eabi/5.2.1/../../../../arm-none-eabi/lib/armv6-m\libc_nano.a(lib_a-impure.o)
                0x1ffff130                _impure_ptr
 .data.__ctype_ptr__
                0x1ffff134        0x4 e:/programfiles_x86/gnu tools arm embedded/5.2 2015q4/bin/../lib/gcc/arm-none-eabi/5.2.1/../../../../arm-none-eabi/lib/armv6-m\libc_nano.a(lib_a-ctype_.o)
                0x1ffff134                __ctype_ptr__
                0x1ffff138                . = ALIGN (0x4)
                0x1ffff138                PROVIDE (__preinit_array_start, .)
 *(.preinit_array)
                0x1ffff138                PROVIDE (__preinit_array_end, .)
                0x1ffff138                . = ALIGN (0x4)
                0x1ffff138                PROVIDE (__init_array_start, .)
 *(SORT(.init_array.*))
 *(.init_array)
 .init_array    0x1ffff138        0x4 e:/programfiles_x86/gnu tools arm embedded/5.2 2015q4/bin/../lib/gcc/arm-none-eabi/5.2.1/armv6-m/crtbegin.o
 .init_array    0x1ffff13c        0x4 ..\obj\main.o
                0x1ffff140                PROVIDE (__init_array_end, .)
                0x1ffff140                . = ALIGN (0x4)
                [!provide]                PROVIDE (__fini_array_start, .)
 *(SORT(.fini_array.*))
 *(.fini_array)
 .fini_array    0x1ffff140        0x4 e:/programfiles_x86/gnu tools arm embedded/5.2 2015q4/bin/../lib/gcc/arm-none-eabi/5.2.1/armv6-m/crtbegin.o
                [!provide]                PROVIDE (__fini_array_end, .)
                0x1ffff144                . = ALIGN (0x4)
                0x1ffff144                __data_end__ = .

.jcr            0x1ffff144        0x0 load address 0x00005aac
 .jcr           0x1ffff144        0x0 e:/programfiles_x86/gnu tools arm embedded/5.2 2015q4/bin/../lib/gcc/arm-none-eabi/5.2.1/armv6-m/crtbegin.o

.tm_clone_table
                0x1ffff144        0x0 load address 0x00005aac
 .tm_clone_table
                0x1ffff144        0x0 e:/programfiles_x86/gnu tools arm embedded/5.2 2015q4/bin/../lib/gcc/arm-none-eabi/5.2.1/armv6-m/crtbegin.o
 .tm_clone_table
                0x1ffff144        0x0 e:/programfiles_x86/gnu tools arm embedded/5.2 2015q4/bin/../lib/gcc/arm-none-eabi/5.2.1/armv6-m/crtend.o

.igot.plt       0x1ffff144        0x0 load address 0x00005aac
 .igot.plt      0x1ffff144        0x0 e:/programfiles_x86/gnu tools arm embedded/5.2 2015q4/bin/../lib/gcc/arm-none-eabi/5.2.1/armv6-m/crtbegin.o

.bss            0x1ffff144      0x5a8 load address 0x00005aac
                0x1ffff144                __bss_start__ = .
 *(.bss*)
 .bss           0x1ffff144       0x1c e:/programfiles_x86/gnu tools arm embedded/5.2 2015q4/bin/../lib/gcc/arm-none-eabi/5.2.1/armv6-m/crtbegin.o
 .bss._ZL11filehandles
                0x1ffff160      0x100 E:\CoIdeWork\GIT\TrapChecker\frdm_im920c_rcv_coide_kl25z\frdm_im920c_rcv/mbed/TARGET_KL25Z/TOOLCHAIN_GCC_ARM/retarget.o
 .bss.buz       0x1ffff260       0x18 ..\obj\main.o
                0x1ffff260                buz
 .bss.sw1       0x1ffff278       0x58 ..\obj\main.o
                0x1ffff278                sw1
 .bss.sw2       0x1ffff2d0       0x58 ..\obj\main.o
                0x1ffff2d0                sw2
 .bss.receiveComplete
                0x1ffff328        0x1 ..\obj\main.o
                0x1ffff328                receiveComplete
 .bss.on_signal
                0x1ffff329        0x1 ..\obj\main.o
                0x1ffff329                on_signal
 .bss.buzzer_state
                0x1ffff32a        0x1 ..\obj\main.o
                0x1ffff32a                buzzer_state
 *fill*         0x1ffff32b        0x1 
 .bss.CheckConnectTimer
                0x1ffff32c       0x30 ..\obj\main.o
                0x1ffff32c                CheckConnectTimer
 .bss.sendSize  0x1ffff35c        0x1 ..\obj\main.o
                0x1ffff35c                sendSize
 *fill*         0x1ffff35d        0x3 
 .bss.chatTimer
                0x1ffff360       0x30 ..\obj\main.o
                0x1ffff360                chatTimer
 .bss.sendBuff  0x1ffff390       0x32 ..\obj\main.o
                0x1ffff390                sendBuff
 *fill*         0x1ffff3c2        0x2 
 .bss.sw3       0x1ffff3c4       0x58 ..\obj\main.o
                0x1ffff3c4                sw3
 .bss.receiveBuff
                0x1ffff41c       0x32 ..\obj\main.o
                0x1ffff41c                receiveBuff
 *fill*         0x1ffff44e        0x2 
 .bss.myled     0x1ffff450       0x18 ..\obj\main.o
                0x1ffff450                myled
 .bss.alert_cnt
                0x1ffff468        0x1 ..\obj\main.o
                0x1ffff468                alert_cnt
 *fill*         0x1ffff469        0x3 
 .bss.pc        0x1ffff46c       0x58 ..\obj\main.o
                0x1ffff46c                pc
 .bss.alert_number
                0x1ffff4c4        0x1 ..\obj\main.o
                0x1ffff4c4                alert_number
 .bss.intCnt    0x1ffff4c5        0x1 ..\obj\main.o
                0x1ffff4c5                intCnt
 *fill*         0x1ffff4c6        0x2 
 .bss.AlertTimer
                0x1ffff4c8       0x30 ..\obj\main.o
                0x1ffff4c8                AlertTimer
 .bss.check_connect
                0x1ffff4f8        0x1 ..\obj\main.o
                0x1ffff4f8                check_connect
 .bss.rBuffIndex
                0x1ffff4f9        0x1 ..\obj\main.o
                0x1ffff4f9                rBuffIndex
 *fill*         0x1ffff4fa        0x2 
 .bss.sw_led1   0x1ffff4fc       0x18 ..\obj\main.o
                0x1ffff4fc                sw_led1
 .bss.receiveSize
                0x1ffff514        0x1 ..\obj\main.o
                0x1ffff514                receiveSize
 .bss.sendComplete
                0x1ffff515        0x1 ..\obj\main.o
                0x1ffff515                sendComplete
 .bss.intCnt2   0x1ffff516        0x1 ..\obj\main.o
                0x1ffff516                intCnt2
 .bss.intCnt3   0x1ffff517        0x1 ..\obj\main.o
                0x1ffff517                intCnt3
 .bss.sBuffIndex
                0x1ffff518        0x1 ..\obj\main.o
                0x1ffff518                sBuffIndex
 *fill*         0x1ffff519        0x3 
 .bss.uart      0x1ffff51c       0x58 ..\obj\main.o
                0x1ffff51c                uart
 .bss.sw_led2   0x1ffff574       0x18 ..\obj\main.o
                0x1ffff574                sw_led2
 .bss.sw_led3   0x1ffff58c       0x18 ..\obj\main.o
                0x1ffff58c                sw_led3
 .bss.alert     0x1ffff5a4        0x1 ..\obj\main.o
                0x1ffff5a4                alert
 *fill*         0x1ffff5a5        0x3 
 .bss.stdio_uart_inited
                0x1ffff5a8        0x4 E:\CoIdeWork\GIT\TrapChecker\frdm_im920c_rcv_coide_kl25z\frdm_im920c_rcv/mbed/TARGET_KL25Z/TOOLCHAIN_GCC_ARM\libmbed.a(serial_api.o)
                0x1ffff5a8                stdio_uart_inited
 .bss.serial_irq_ids
                0x1ffff5ac        0xc E:\CoIdeWork\GIT\TrapChecker\frdm_im920c_rcv_coide_kl25z\frdm_im920c_rcv/mbed/TARGET_KL25Z/TOOLCHAIN_GCC_ARM\libmbed.a(serial_api.o)
 .bss.irq_handler
                0x1ffff5b8        0x4 E:\CoIdeWork\GIT\TrapChecker\frdm_im920c_rcv_coide_kl25z\frdm_im920c_rcv/mbed/TARGET_KL25Z/TOOLCHAIN_GCC_ARM\libmbed.a(serial_api.o)
 .bss.events    0x1ffff5bc        0x8 E:\CoIdeWork\GIT\TrapChecker\frdm_im920c_rcv_coide_kl25z\frdm_im920c_rcv/mbed/TARGET_KL25Z/TOOLCHAIN_GCC_ARM\libmbed.a(us_ticker_api.o)
 .bss.irq_handler
                0x1ffff5c4        0x4 E:\CoIdeWork\GIT\TrapChecker\frdm_im920c_rcv_coide_kl25z\frdm_im920c_rcv/mbed/TARGET_KL25Z/TOOLCHAIN_GCC_ARM\libmbed.a(gpio_irq_api.o)
 .bss.channel_ids
                0x1ffff5c8      0x100 E:\CoIdeWork\GIT\TrapChecker\frdm_im920c_rcv_coide_kl25z\frdm_im920c_rcv/mbed/TARGET_KL25Z/TOOLCHAIN_GCC_ARM\libmbed.a(gpio_irq_api.o)
 .bss.us_ticker_int_counter
                0x1ffff6c8        0x4 E:\CoIdeWork\GIT\TrapChecker\frdm_im920c_rcv_coide_kl25z\frdm_im920c_rcv/mbed/TARGET_KL25Z/TOOLCHAIN_GCC_ARM\libmbed.a(us_ticker.o)
 .bss.us_ticker_inited
                0x1ffff6cc        0x4 E:\CoIdeWork\GIT\TrapChecker\frdm_im920c_rcv_coide_kl25z\frdm_im920c_rcv/mbed/TARGET_KL25Z/TOOLCHAIN_GCC_ARM\libmbed.a(us_ticker.o)
 .bss.us_ticker_int_remainder
                0x1ffff6d0        0x2 E:\CoIdeWork\GIT\TrapChecker\frdm_im920c_rcv_coide_kl25z\frdm_im920c_rcv/mbed/TARGET_KL25Z/TOOLCHAIN_GCC_ARM\libmbed.a(us_ticker.o)
 *fill*         0x1ffff6d2        0x2 
 .bss._ZN4mbed8FileBase5_headE
                0x1ffff6d4        0x4 E:\CoIdeWork\GIT\TrapChecker\frdm_im920c_rcv_coide_kl25z\frdm_im920c_rcv/mbed/TARGET_KL25Z/TOOLCHAIN_GCC_ARM\libmbed.a(FileBase.o)
                0x1ffff6d4                mbed::FileBase::_head
 .bss.__malloc_sbrk_start
                0x1ffff6d8        0x4 e:/programfiles_x86/gnu tools arm embedded/5.2 2015q4/bin/../lib/gcc/arm-none-eabi/5.2.1/../../../../arm-none-eabi/lib/armv6-m\libc_nano.a(lib_a-nano-mallocr.o)
                0x1ffff6d8                __malloc_sbrk_start
 .bss.__malloc_free_list
                0x1ffff6dc        0x4 e:/programfiles_x86/gnu tools arm embedded/5.2 2015q4/bin/../lib/gcc/arm-none-eabi/5.2.1/../../../../arm-none-eabi/lib/armv6-m\libc_nano.a(lib_a-nano-mallocr.o)
                0x1ffff6dc                __malloc_free_list
 *(COMMON)
 COMMON         0x1ffff6e0        0x8 E:\CoIdeWork\GIT\TrapChecker\frdm_im920c_rcv_coide_kl25z\frdm_im920c_rcv/mbed/TARGET_KL25Z/TOOLCHAIN_GCC_ARM\libmbed.a(serial_api.o)
                0x1ffff6e0                stdio_uart
 COMMON         0x1ffff6e8        0x4 e:/programfiles_x86/gnu tools arm embedded/5.2 2015q4/bin/../lib/gcc/arm-none-eabi/5.2.1/../../../../arm-none-eabi/lib/armv6-m\libc_nano.a(lib_a-reent.o)
                0x1ffff6e8                errno
                0x1ffff6ec                __bss_end__ = .

.heap           0x1ffff6f0       0x80
                0x1ffff6f0                __end__ = .
                0x1ffff6f0                end = __end__
 *(.heap*)
 .heap          0x1ffff6f0       0x80 E:\CoIdeWork\GIT\TrapChecker\frdm_im920c_rcv_coide_kl25z\frdm_im920c_rcv/mbed/TARGET_KL25Z/TOOLCHAIN_GCC_ARM/startup_MKL25Z4.o
                0x1ffff6f0                __HeapBase
                0x1ffff770                __HeapLimit = .

.stack_dummy    0x1ffff6f0       0x80
 *(.stack)
 .stack         0x1ffff6f0       0x80 E:\CoIdeWork\GIT\TrapChecker\frdm_im920c_rcv_coide_kl25z\frdm_im920c_rcv/mbed/TARGET_KL25Z/TOOLCHAIN_GCC_ARM/startup_MKL25Z4.o
                0x20003000                __StackTop = (ORIGIN (RAM) + LENGTH (RAM))
                0x20002f80                __StackLimit = (__StackTop - SIZEOF (.stack_dummy))
                0x20003000                PROVIDE (__stack, __StackTop)
                0x00000001                ASSERT ((__StackLimit >= __HeapLimit), region RAM overflowed with stack)
LOAD ..\obj\main.o
LOAD E:\CoIdeWork\GIT\TrapChecker\frdm_im920c_rcv_coide_kl25z\frdm_im920c_rcv/mbed/TARGET_KL25Z/TOOLCHAIN_GCC_ARM\libmbed.a
LOAD e:/programfiles_x86/gnu tools arm embedded/5.2 2015q4/bin/../lib/gcc/arm-none-eabi/5.2.1/../../../../arm-none-eabi/lib/armv6-m\libstdc++_nano.a
LOAD e:/programfiles_x86/gnu tools arm embedded/5.2 2015q4/bin/../lib/gcc/arm-none-eabi/5.2.1/../../../../arm-none-eabi/lib/armv6-m\libsupc++_nano.a
LOAD e:/programfiles_x86/gnu tools arm embedded/5.2 2015q4/bin/../lib/gcc/arm-none-eabi/5.2.1/../../../../arm-none-eabi/lib/armv6-m\libm.a
LOAD e:/programfiles_x86/gnu tools arm embedded/5.2 2015q4/bin/../lib/gcc/arm-none-eabi/5.2.1/armv6-m\libgcc.a
LOAD e:/programfiles_x86/gnu tools arm embedded/5.2 2015q4/bin/../lib/gcc/arm-none-eabi/5.2.1/../../../../arm-none-eabi/lib/armv6-m\libc_nano.a
LOAD e:/programfiles_x86/gnu tools arm embedded/5.2 2015q4/bin/../lib/gcc/arm-none-eabi/5.2.1/../../../../arm-none-eabi/lib/armv6-m\libnosys.a
START GROUP
LOAD e:/programfiles_x86/gnu tools arm embedded/5.2 2015q4/bin/../lib/gcc/arm-none-eabi/5.2.1/armv6-m\libgcc.a
LOAD e:/programfiles_x86/gnu tools arm embedded/5.2 2015q4/bin/../lib/gcc/arm-none-eabi/5.2.1/../../../../arm-none-eabi/lib/armv6-m\libg_nano.a
LOAD e:/programfiles_x86/gnu tools arm embedded/5.2 2015q4/bin/../lib/gcc/arm-none-eabi/5.2.1/../../../../arm-none-eabi/lib/armv6-m\libc_nano.a
END GROUP
START GROUP
LOAD e:/programfiles_x86/gnu tools arm embedded/5.2 2015q4/bin/../lib/gcc/arm-none-eabi/5.2.1/armv6-m\libgcc.a
LOAD e:/programfiles_x86/gnu tools arm embedded/5.2 2015q4/bin/../lib/gcc/arm-none-eabi/5.2.1/../../../../arm-none-eabi/lib/armv6-m\libc_nano.a
END GROUP
LOAD e:/programfiles_x86/gnu tools arm embedded/5.2 2015q4/bin/../lib/gcc/arm-none-eabi/5.2.1/armv6-m/crtend.o
LOAD e:/programfiles_x86/gnu tools arm embedded/5.2 2015q4/bin/../lib/gcc/arm-none-eabi/5.2.1/armv6-m/crtn.o
OUTPUT(frdm_im920c_rcv.elf elf32-littlearm)

.ARM.attributes
                0x00000000       0x28
 .ARM.attributes
                0x00000000       0x1e e:/programfiles_x86/gnu tools arm embedded/5.2 2015q4/bin/../lib/gcc/arm-none-eabi/5.2.1/armv6-m/crti.o
 .ARM.attributes
                0x0000001e       0x2c e:/programfiles_x86/gnu tools arm embedded/5.2 2015q4/bin/../lib/gcc/arm-none-eabi/5.2.1/armv6-m/crtbegin.o
 .ARM.attributes
                0x0000004a       0x1b e:/programfiles_x86/gnu tools arm embedded/5.2 2015q4/bin/../lib/gcc/arm-none-eabi/5.2.1/../../../../arm-none-eabi/lib/armv6-m/crt0.o
 .ARM.attributes
                0x00000065       0x32 E:\CoIdeWork\GIT\TrapChecker\frdm_im920c_rcv_coide_kl25z\frdm_im920c_rcv/mbed/TARGET_KL25Z/TOOLCHAIN_GCC_ARM/board.o
 .ARM.attributes
                0x00000097       0x32 E:\CoIdeWork\GIT\TrapChecker\frdm_im920c_rcv_coide_kl25z\frdm_im920c_rcv/mbed/TARGET_KL25Z/TOOLCHAIN_GCC_ARM/cmsis_nvic.o
 .ARM.attributes
                0x000000c9       0x32 E:\CoIdeWork\GIT\TrapChecker\frdm_im920c_rcv_coide_kl25z\frdm_im920c_rcv/mbed/TARGET_KL25Z/TOOLCHAIN_GCC_ARM/mbed_overrides.o
 .ARM.attributes
                0x000000fb       0x32 E:\CoIdeWork\GIT\TrapChecker\frdm_im920c_rcv_coide_kl25z\frdm_im920c_rcv/mbed/TARGET_KL25Z/TOOLCHAIN_GCC_ARM/retarget.o
 .ARM.attributes
                0x0000012d       0x1b E:\CoIdeWork\GIT\TrapChecker\frdm_im920c_rcv_coide_kl25z\frdm_im920c_rcv/mbed/TARGET_KL25Z/TOOLCHAIN_GCC_ARM/startup_MKL25Z4.o
 .ARM.attributes
                0x00000148       0x32 E:\CoIdeWork\GIT\TrapChecker\frdm_im920c_rcv_coide_kl25z\frdm_im920c_rcv/mbed/TARGET_KL25Z/TOOLCHAIN_GCC_ARM/system_MKL25Z4.o
 .ARM.attributes
                0x0000017a       0x32 ..\obj\main.o
 .ARM.attributes
                0x000001ac       0x32 E:\CoIdeWork\GIT\TrapChecker\frdm_im920c_rcv_coide_kl25z\frdm_im920c_rcv/mbed/TARGET_KL25Z/TOOLCHAIN_GCC_ARM\libmbed.a(serial_api.o)
 .ARM.attributes
                0x000001de       0x32 E:\CoIdeWork\GIT\TrapChecker\frdm_im920c_rcv_coide_kl25z\frdm_im920c_rcv/mbed/TARGET_KL25Z/TOOLCHAIN_GCC_ARM\libmbed.a(pinmap.o)
 .ARM.attributes
                0x00000210       0x32 E:\CoIdeWork\GIT\TrapChecker\frdm_im920c_rcv_coide_kl25z\frdm_im920c_rcv/mbed/TARGET_KL25Z/TOOLCHAIN_GCC_ARM\libmbed.a(sleep.o)
 .ARM.attributes
                0x00000242       0x32 E:\CoIdeWork\GIT\TrapChecker\frdm_im920c_rcv_coide_kl25z\frdm_im920c_rcv/mbed/TARGET_KL25Z/TOOLCHAIN_GCC_ARM\libmbed.a(FilePath.o)
 .ARM.attributes
                0x00000274       0x32 E:\CoIdeWork\GIT\TrapChecker\frdm_im920c_rcv_coide_kl25z\frdm_im920c_rcv/mbed/TARGET_KL25Z/TOOLCHAIN_GCC_ARM\libmbed.a(InterruptIn.o)
 .ARM.attributes
                0x000002a6       0x32 E:\CoIdeWork\GIT\TrapChecker\frdm_im920c_rcv_coide_kl25z\frdm_im920c_rcv/mbed/TARGET_KL25Z/TOOLCHAIN_GCC_ARM\libmbed.a(Serial.o)
 .ARM.attributes
                0x000002d8       0x32 E:\CoIdeWork\GIT\TrapChecker\frdm_im920c_rcv_coide_kl25z\frdm_im920c_rcv/mbed/TARGET_KL25Z/TOOLCHAIN_GCC_ARM\libmbed.a(SerialBase.o)
 .ARM.attributes
                0x0000030a       0x32 E:\CoIdeWork\GIT\TrapChecker\frdm_im920c_rcv_coide_kl25z\frdm_im920c_rcv/mbed/TARGET_KL25Z/TOOLCHAIN_GCC_ARM\libmbed.a(Ticker.o)
 .ARM.attributes
                0x0000033c       0x32 E:\CoIdeWork\GIT\TrapChecker\frdm_im920c_rcv_coide_kl25z\frdm_im920c_rcv/mbed/TARGET_KL25Z/TOOLCHAIN_GCC_ARM\libmbed.a(Stream.o)
 .ARM.attributes
                0x0000036e       0x32 E:\CoIdeWork\GIT\TrapChecker\frdm_im920c_rcv_coide_kl25z\frdm_im920c_rcv/mbed/TARGET_KL25Z/TOOLCHAIN_GCC_ARM\libmbed.a(assert.o)
 .ARM.attributes
                0x000003a0       0x32 E:\CoIdeWork\GIT\TrapChecker\frdm_im920c_rcv_coide_kl25z\frdm_im920c_rcv/mbed/TARGET_KL25Z/TOOLCHAIN_GCC_ARM\libmbed.a(TimerEvent.o)
 .ARM.attributes
                0x000003d2       0x32 E:\CoIdeWork\GIT\TrapChecker\frdm_im920c_rcv_coide_kl25z\frdm_im920c_rcv/mbed/TARGET_KL25Z/TOOLCHAIN_GCC_ARM\libmbed.a(error.o)
 .ARM.attributes
                0x00000404       0x32 E:\CoIdeWork\GIT\TrapChecker\frdm_im920c_rcv_coide_kl25z\frdm_im920c_rcv/mbed/TARGET_KL25Z/TOOLCHAIN_GCC_ARM\libmbed.a(gpio.o)
 .ARM.attributes