Archive member included to satisfy reference by file (symbol)

E:\CoIdeWork\GIT\TrapChecker\frdm_im920c_rcv_coide_kl25z\frdm_im920c_rcv/mbed/TARGET_KL25Z/TOOLCHAIN_GCC_ARM\libmbed.a(serial_api.o)
                              E:\CoIdeWork\GIT\TrapChecker\frdm_im920c_rcv_coide_kl25z\frdm_im920c_rcv/mbed/TARGET_KL25Z/TOOLCHAIN_GCC_ARM/retarget.o (serial_init)
E:\CoIdeWork\GIT\TrapChecker\frdm_im920c_rcv_coide_kl25z\frdm_im920c_rcv/mbed/TARGET_KL25Z/TOOLCHAIN_GCC_ARM\libmbed.a(pinmap.o)
                              E:\CoIdeWork\GIT\TrapChecker\frdm_im920c_rcv_coide_kl25z\frdm_im920c_rcv/mbed/TARGET_KL25Z/TOOLCHAIN_GCC_ARM\libmbed.a(serial_api.o) (pin_mode)
E:\CoIdeWork\GIT\TrapChecker\frdm_im920c_rcv_coide_kl25z\frdm_im920c_rcv/mbed/TARGET_KL25Z/TOOLCHAIN_GCC_ARM\libmbed.a(sleep.o)
                              ..\obj\main.o (sleep)
E:\CoIdeWork\GIT\TrapChecker\frdm_im920c_rcv_coide_kl25z\frdm_im920c_rcv/mbed/TARGET_KL25Z/TOOLCHAIN_GCC_ARM\libmbed.a(FilePath.o)
                              E:\CoIdeWork\GIT\TrapChecker\frdm_im920c_rcv_coide_kl25z\frdm_im920c_rcv/mbed/TARGET_KL25Z/TOOLCHAIN_GCC_ARM/retarget.o (mbed::FilePath::FilePath(char const*))
E:\CoIdeWork\GIT\TrapChecker\frdm_im920c_rcv_coide_kl25z\frdm_im920c_rcv/mbed/TARGET_KL25Z/TOOLCHAIN_GCC_ARM\libmbed.a(FileSystemLike.o)
                              E:\CoIdeWork\GIT\TrapChecker\frdm_im920c_rcv_coide_kl25z\frdm_im920c_rcv/mbed/TARGET_KL25Z/TOOLCHAIN_GCC_ARM/retarget.o (mbed::FileSystemLike::opendir())
E:\CoIdeWork\GIT\TrapChecker\frdm_im920c_rcv_coide_kl25z\frdm_im920c_rcv/mbed/TARGET_KL25Z/TOOLCHAIN_GCC_ARM\libmbed.a(InterruptIn.o)
                              ..\obj\main.o (mbed::InterruptIn::~InterruptIn())
E:\CoIdeWork\GIT\TrapChecker\frdm_im920c_rcv_coide_kl25z\frdm_im920c_rcv/mbed/TARGET_KL25Z/TOOLCHAIN_GCC_ARM\libmbed.a(Serial.o)
                              ..\obj\main.o (mbed::Serial::Serial(PinName, PinName, char const*))
E:\CoIdeWork\GIT\TrapChecker\frdm_im920c_rcv_coide_kl25z\frdm_im920c_rcv/mbed/TARGET_KL25Z/TOOLCHAIN_GCC_ARM\libmbed.a(SerialBase.o)
                              E:\CoIdeWork\GIT\TrapChecker\frdm_im920c_rcv_coide_kl25z\frdm_im920c_rcv/mbed/TARGET_KL25Z/TOOLCHAIN_GCC_ARM\libmbed.a(Serial.o) (mbed::SerialBase::SerialBase(PinName, PinName))
E:\CoIdeWork\GIT\TrapChecker\frdm_im920c_rcv_coide_kl25z\frdm_im920c_rcv/mbed/TARGET_KL25Z/TOOLCHAIN_GCC_ARM\libmbed.a(Ticker.o)
                              ..\obj\main.o (mbed::Ticker::detach())
E:\CoIdeWork\GIT\TrapChecker\frdm_im920c_rcv_coide_kl25z\frdm_im920c_rcv/mbed/TARGET_KL25Z/TOOLCHAIN_GCC_ARM\libmbed.a(Stream.o)
                              E:\CoIdeWork\GIT\TrapChecker\frdm_im920c_rcv_coide_kl25z\frdm_im920c_rcv/mbed/TARGET_KL25Z/TOOLCHAIN_GCC_ARM\libmbed.a(Serial.o) (mbed::Stream::close())
E:\CoIdeWork\GIT\TrapChecker\frdm_im920c_rcv_coide_kl25z\frdm_im920c_rcv/mbed/TARGET_KL25Z/TOOLCHAIN_GCC_ARM\libmbed.a(assert.o)
                              E:\CoIdeWork\GIT\TrapChecker\frdm_im920c_rcv_coide_kl25z\frdm_im920c_rcv/mbed/TARGET_KL25Z/TOOLCHAIN_GCC_ARM/board.o (mbed_assert_internal)
E:\CoIdeWork\GIT\TrapChecker\frdm_im920c_rcv_coide_kl25z\frdm_im920c_rcv/mbed/TARGET_KL25Z/TOOLCHAIN_GCC_ARM\libmbed.a(TimerEvent.o)
                              ..\obj\main.o (mbed::TimerEvent::TimerEvent())
E:\CoIdeWork\GIT\TrapChecker\frdm_im920c_rcv_coide_kl25z\frdm_im920c_rcv/mbed/TARGET_KL25Z/TOOLCHAIN_GCC_ARM\libmbed.a(error.o)
                              E:\CoIdeWork\GIT\TrapChecker\frdm_im920c_rcv_coide_kl25z\frdm_im920c_rcv/mbed/TARGET_KL25Z/TOOLCHAIN_GCC_ARM/retarget.o (error)
E:\CoIdeWork\GIT\TrapChecker\frdm_im920c_rcv_coide_kl25z\frdm_im920c_rcv/mbed/TARGET_KL25Z/TOOLCHAIN_GCC_ARM\libmbed.a(gpio.o)
                              E:\CoIdeWork\GIT\TrapChecker\frdm_im920c_rcv_coide_kl25z\frdm_im920c_rcv/mbed/TARGET_KL25Z/TOOLCHAIN_GCC_ARM/mbed_overrides.o (gpio_init_in)
E:\CoIdeWork\GIT\TrapChecker\frdm_im920c_rcv_coide_kl25z\frdm_im920c_rcv/mbed/TARGET_KL25Z/TOOLCHAIN_GCC_ARM\libmbed.a(mbed_interface.o)
                              E:\CoIdeWork\GIT\TrapChecker\frdm_im920c_rcv_coide_kl25z\frdm_im920c_rcv/mbed/TARGET_KL25Z/TOOLCHAIN_GCC_ARM/retarget.o (mbed_interface_connected)
E:\CoIdeWork\GIT\TrapChecker\frdm_im920c_rcv_coide_kl25z\frdm_im920c_rcv/mbed/TARGET_KL25Z/TOOLCHAIN_GCC_ARM\libmbed.a(pinmap_common.o)
                              E:\CoIdeWork\GIT\TrapChecker\frdm_im920c_rcv_coide_kl25z\frdm_im920c_rcv/mbed/TARGET_KL25Z/TOOLCHAIN_GCC_ARM\libmbed.a(serial_api.o) (pinmap_pinout)
E:\CoIdeWork\GIT\TrapChecker\frdm_im920c_rcv_coide_kl25z\frdm_im920c_rcv/mbed/TARGET_KL25Z/TOOLCHAIN_GCC_ARM\libmbed.a(semihost_api.o)
                              E:\CoIdeWork\GIT\TrapChecker\frdm_im920c_rcv_coide_kl25z\frdm_im920c_rcv/mbed/TARGET_KL25Z/TOOLCHAIN_GCC_ARM/retarget.o (semihost_exit)
E:\CoIdeWork\GIT\TrapChecker\frdm_im920c_rcv_coide_kl25z\frdm_im920c_rcv/mbed/TARGET_KL25Z/TOOLCHAIN_GCC_ARM\libmbed.a(ticker_api.o)
[...]
Memory Configuration

Name             Origin             Length             Attributes
VECTORS          0x00000000         0x00000400         xr
FLASH_PROTECTION 0x00000400         0x00000010         xr
FLASH            0x00000410         0x0001fbf0         xr
RAM              0x1ffff0c0         0x00003f40         xrw
*default*        0x00000000         0xffffffff

Linker script and memory map

LOAD e:/programfiles_x86/gnu tools arm embedded/5.2 2015q4/bin/../lib/gcc/arm-none-eabi/5.2.1/armv6-m/crti.o
LOAD e:/programfiles_x86/gnu tools arm embedded/5.2 2015q4/bin/../lib/gcc/arm-none-eabi/5.2.1/armv6-m/crtbegin.o
LOAD e:/programfiles_x86/gnu tools arm embedded/5.2 2015q4/bin/../lib/gcc/arm-none-eabi/5.2.1/../../../../arm-none-eabi/lib/armv6-m/crt0.o
LOAD E:\CoIdeWork\GIT\TrapChecker\frdm_im920c_rcv_coide_kl25z\frdm_im920c_rcv/mbed/TARGET_KL25Z/TOOLCHAIN_GCC_ARM/board.o
LOAD E:\CoIdeWork\GIT\TrapChecker\frdm_im920c_rcv_coide_kl25z\frdm_im920c_rcv/mbed/TARGET_KL25Z/TOOLCHAIN_GCC_ARM/cmsis_nvic.o
LOAD E:\CoIdeWork\GIT\TrapChecker\frdm_im920c_rcv_coide_kl25z\frdm_im920c_rcv/mbed/TARGET_KL25Z/TOOLCHAIN_GCC_ARM/mbed_overrides.o
LOAD E:\CoIdeWork\GIT\TrapChecker\frdm_im920c_rcv_coide_kl25z\frdm_im920c_rcv/mbed/TARGET_KL25Z/TOOLCHAIN_GCC_ARM/retarget.o
LOAD E:\CoIdeWork\GIT\TrapChecker\frdm_im920c_rcv_coide_kl25z\frdm_im920c_rcv/mbed/TARGET_KL25Z/TOOLCHAIN_GCC_ARM/startup_MKL25Z4.o
LOAD E:\CoIdeWork\GIT\TrapChecker\frdm_im920c_rcv_coide_kl25z\frdm_im920c_rcv/mbed/TARGET_KL25Z/TOOLCHAIN_GCC_ARM/system_MKL25Z4.o

.isr_vector     0x00000000       0xf4
                0x00000000                __vector_table = .
 *(.vector_table)
 .vector_table  0x00000000       0xc0 E:\CoIdeWork\GIT\TrapChecker\frdm_im920c_rcv_coide_kl25z\frdm_im920c_rcv/mbed/TARGET_KL25Z/TOOLCHAIN_GCC_ARM/startup_MKL25Z4.o
                0x00000000                __isr_vector
 *(.text.Reset_Handler)
 .text.Reset_Handler
                0x000000c0       0x34 E:\CoIdeWork\GIT\TrapChecker\frdm_im920c_rcv_coide_kl25z\frdm_im920c_rcv/mbed/TARGET_KL25Z/TOOLCHAIN_GCC_ARM/startup_MKL25Z4.o
                0x000000c0                Reset_Handler
 *(.text.System_Init)
                0x000000f4                . = ALIGN (0x4)

.flash_protect  0x00000400       0x10
 *(.kinetis_flash_config_field)
 .kinetis_flash_config_field
                0x00000400       0x10 E:\CoIdeWork\GIT\TrapChecker\frdm_im920c_rcv_coide_kl25z\frdm_im920c_rcv/mbed/TARGET_KL25Z/TOOLCHAIN_GCC_ARM/startup_MKL25Z4.o
                0x00000410                . = ALIGN (0x4)

.text           0x00000410     0x5130
 *(.text*)
 .text          0x00000410       0xb4 e:/programfiles_x86/gnu tools arm embedded/5.2 2015q4/bin/../lib/gcc/arm-none-eabi/5.2.1/armv6-m/crtbegin.o
 .text          0x000004c4       0x78 e:/programfiles_x86/gnu tools arm embedded/5.2 2015q4/bin/../lib/gcc/arm-none-eabi/5.2.1/../../../../arm-none-eabi/lib/armv6-m/crt0.o
                0x000004c4                _start
                0x000004c4                _mainCRTStartup
 .text.mbed_die
                0x0000053c       0x68 E:\CoIdeWork\GIT\TrapChecker\frdm_im920c_rcv_coide_kl25z\frdm_im920c_rcv/mbed/TARGET_KL25Z/TOOLCHAIN_GCC_ARM/board.o
                0x0000053c                mbed_die
 .text.NVIC_SetVector
                0x000005a4       0x34 E:\CoIdeWork\GIT\TrapChecker\frdm_im920c_rcv_coide_kl25z\frdm_im920c_rcv/mbed/TARGET_KL25Z/TOOLCHAIN_GCC_ARM/cmsis_nvic.o
                0x000005a4                NVIC_SetVector
 .text.NMI_Handler
                0x000005d8       0x10 E:\CoIdeWork\GIT\TrapChecker\frdm_im920c_rcv_coide_kl25z\frdm_im920c_rcv/mbed/TARGET_KL25Z/TOOLCHAIN_GCC_ARM/mbed_overrides.o
                0x000005d8                NMI_Handler
 .text._ZN4mbed10FileHandle4flenEv
                0x000005e8       0x34 E:\CoIdeWork\GIT\TrapChecker\frdm_im920c_rcv_coide_kl25z\frdm_im920c_rcv/mbed/TARGET_KL25Z/TOOLCHAIN_GCC_ARM/retarget.o
                0x000005e8                mbed::FileHandle::flen()
 .text._ZL11init_serialv.part.0
                0x0000061c       0x14 E:\CoIdeWork\GIT\TrapChecker\frdm_im920c_rcv_coide_kl25z\frdm_im920c_rcv/mbed/TARGET_KL25Z/TOOLCHAIN_GCC_ARM/retarget.o
 .text._ZN4mbed10FileHandleD2Ev
                0x00000630       0x30 E:\CoIdeWork\GIT\TrapChecker\frdm_im920c_rcv_coide_kl25z\frdm_im920c_rcv/mbed/TARGET_KL25Z/TOOLCHAIN_GCC_ARM/retarget.o
                0x00000630                mbed::FileHandle::~FileHandle()
                0x00000630                mbed::FileHandle::~FileHandle()
 .text._open    0x00000660       0xf8 E:\CoIdeWork\GIT\TrapChecker\frdm_im920c_rcv_coide_kl25z\frdm_im920c_rcv/mbed/TARGET_KL25Z/TOOLCHAIN_GCC_ARM/retarget.o
                0x00000660                _open
 .text._close   0x00000758       0x2c E:\CoIdeWork\GIT\TrapChecker\frdm_im920c_rcv_coide_kl25z\frdm_im920c_rcv/mbed/TARGET_KL25Z/TOOLCHAIN_GCC_ARM/retarget.o
                0x00000758                _close
 .text._write   0x00000784       0x58 E:\CoIdeWork\GIT\TrapChecker\frdm_im920c_rcv_coide_kl25z\frdm_im920c_rcv/mbed/TARGET_KL25Z/TOOLCHAIN_GCC_ARM/retarget.o
                0x00000784                _write
 .text._read    0x000007dc       0x48 E:\CoIdeWork\GIT\TrapChecker\frdm_im920c_rcv_coide_kl25z\frdm_im920c_rcv/mbed/TARGET_KL25Z/TOOLCHAIN_GCC_ARM/retarget.o
                0x000007dc                _read
 .text._isatty  0x00000824       0x28 E:\CoIdeWork\GIT\TrapChecker\frdm_im920c_rcv_coide_kl25z\frdm_im920c_rcv/mbed/TARGET_KL25Z/TOOLCHAIN_GCC_ARM/retarget.o
                0x00000824                _isatty
 .text._lseek   0x0000084c       0x28 E:\CoIdeWork\GIT\TrapChecker\frdm_im920c_rcv_coide_kl25z\frdm_im920c_rcv/mbed/TARGET_KL25Z/TOOLCHAIN_GCC_ARM/retarget.o
                0x0000084c                _lseek
 .text._fstat   0x00000874       0x20 E:\CoIdeWork\GIT\TrapChecker\frdm_im920c_rcv_coide_kl25z\frdm_im920c_rcv/mbed/TARGET_KL25Z/TOOLCHAIN_GCC_ARM/retarget.o
                0x00000874                _fstat
 .text.__cxa_pure_virtual
                0x00000894        0x8 E:\CoIdeWork\GIT\TrapChecker\frdm_im920c_rcv_coide_kl25z\frdm_im920c_rcv/mbed/TARGET_KL25Z/TOOLCHAIN_GCC_ARM/retarget.o
                0x00000894                __cxa_pure_virtual
 .text._sbrk    0x0000089c       0x28 E:\CoIdeWork\GIT\TrapChecker\frdm_im920c_rcv_coide_kl25z\frdm_im920c_rcv/mbed/TARGET_KL25Z/TOOLCHAIN_GCC_ARM/retarget.o
                0x0000089c                _sbrk
 .text._exit    0x000008c4       0x34 E:\CoIdeWork\GIT\TrapChecker\frdm_im920c_rcv_coide_kl25z\frdm_im920c_rcv/mbed/TARGET_KL25Z/TOOLCHAIN_GCC_ARM/retarget.o
                0x000008c4                _exit
 .text._ZN4mbed26mbed_set_unbuffered_streamEP7__sFILE
                0x000008f8        0xc E:\CoIdeWork\GIT\TrapChecker\frdm_im920c_rcv_coide_kl25z\frdm_im920c_rcv/mbed/TARGET_KL25Z/TOOLCHAIN_GCC_ARM/retarget.o
                0x000008f8                mbed::mbed_set_unbuffered_stream(__sFILE*)
 .text._ZN4mbed9mbed_getcEP7__sFILE
                0x00000904        0x8 E:\CoIdeWork\GIT\TrapChecker\frdm_im920c_rcv_coide_kl25z\frdm_im920c_rcv/mbed/TARGET_KL25Z/TOOLCHAIN_GCC_ARM/retarget.o
                0x00000904                mbed::mbed_getc(__sFILE*)
 .text          0x0000090c        0xc E:\CoIdeWork\GIT\TrapChecker\frdm_im920c_rcv_coide_kl25z\frdm_im920c_rcv/mbed/TARGET_KL25Z/TOOLCHAIN_GCC_ARM/startup_MKL25Z4.o
                0x0000090e                HardFault_Handler
                0x00000910                SVC_Handler
                0x00000912                PendSV_Handler
                0x00000914                SysTick_Handler
                0x00000916                I2C1_IRQHandler
                0x00000916                UART1_IRQHandler
                0x00000916                DMA2_IRQHandler
                0x00000916                TPM0_IRQHandler
                0x00000916                TSI0_IRQHandler
                0x00000916                UART0_IRQHandler
                0x00000916                ADC0_IRQHandler
                0x00000916                SPI1_IRQHandler
                0x00000916                PORTD_IRQHandler
                0x00000916                TPM2_IRQHandler
                0x00000916                LPTimer_IRQHandler
                0x00000916                RTC_IRQHandler
                0x00000916                RTC_Seconds_IRQHandler
                0x00000916                MCG_IRQHandler
                0x00000916                UART2_IRQHandler
                0x00000916                Default_Handler
                0x00000916                USB0_IRQHandler
                0x00000916                LLW_IRQHandler
                0x00000916                PIT_IRQHandler
                0x00000916                I2C0_IRQHandler
                0x00000916                DMA3_IRQHandler
                0x00000916                DMA0_IRQHandler
                0x00000916                DAC0_IRQHandler
                0x00000916                DEF_IRQHandler
                0x00000916                TPM1_IRQHandler
                0x00000916                LVD_LVW_IRQHandler
                0x00000916                SPI0_IRQHandler
                0x00000916                PORTA_IRQHandler
                0x00000916                FTFA_IRQHandler
                0x00000916                CMP0_IRQHandler
                0x00000916                DMA1_IRQHandler
 .text.SystemInit
                0x00000918       0xb0 E:\CoIdeWork\GIT\TrapChecker\frdm_im920c_rcv_coide_kl25z\frdm_im920c_rcv/mbed/TARGET_KL25Z/TOOLCHAIN_GCC_ARM/system_MKL25Z4.o
                0x00000918                SystemInit
 .text._ZN4mbed10SerialBaseD2Ev
                0x000009c8        0x2 ..\obj\main.o
                0x000009c8                mbed::SerialBase::~SerialBase()
                0x000009c8                mbed::SerialBase::~SerialBase()
 *fill*         0x000009ca        0x2 
 .text._Z17periodicCallback2v
                0x000009cc       0x18 ..\obj\main.o
                0x000009cc                periodicCallback2()
 .text._Z17periodicCallback1v
                0x000009e4        0x8 ..\obj\main.o
                0x000009e4                periodicCallback1()
 .text._Z6uartCBv
                0x000009ec       0x48 ..\obj\main.o
                0x000009ec                uartCB()
 .text._Z4pcCBv
                0x00000a34       0x58 ..\obj\main.o
                0x00000a34                pcCB()
 .text.gpio_write
                0x00000a8c       0x30 ..\obj\main.o
 .text.gpio_read
                0x00000abc       0x2c ..\obj\main.o
 .text._ZN4mbed10SerialBaseD0Ev
                0x00000ae8        0xc ..\obj\main.o
                0x00000ae8                mbed::SerialBase::~SerialBase()
 .text._ZN4mbed6TickerD2Ev
                0x00000af4       0x1c ..\obj\main.o
                0x00000af4                mbed::Ticker::~Ticker()
                0x00000af4                mbed::Ticker::~Ticker()
 .text._ZN4mbed6SerialD2Ev
                0x00000b10       0x48 ..\obj\main.o
                0x00000b10                mbed::Serial::~Serial()
                0x00000b10                mbed::Serial::~Serial()
                0x00000b38                non-virtual thunk to mbed::Serial::~Serial()
                0x00000b48                non-virtual thunk to mbed::Serial::~Serial()
 .text._ZN4mbed10DigitalOutC2E7PinName
                0x00000b58       0x1a ..\obj\main.o
                0x00000b58                mbed::DigitalOut::DigitalOut(PinName)
                0x00000b58                mbed::DigitalOut::DigitalOut(PinName)
 .text._ZN4mbed6TickerD0Ev
                0x00000b72       0x12 ..\obj\main.o
                0x00000b72                mbed::Ticker::~Ticker()
 .text._Z9offBuzzerv
                0x00000b84       0x18 ..\obj\main.o
                0x00000b84                offBuzzer()
 .text._Z8onBuzzerv
                0x00000b9c       0x18 ..\obj\main.o
                0x00000b9c                onBuzzer()
 .text._Z12toggleBuzzerv
                0x00000bb4       0x1c ..\obj\main.o
                0x00000bb4                toggleBuzzer()
 .text._Z13alertCallbackv
                0x00000bd0       0x48 ..\obj\main.o
                0x00000bd0                alertCallback()
 .text._Z11startAlert1v
                0x00000c18       0x50 ..\obj\main.o
                0x00000c18                startAlert1()
 .text._Z10stopAlert1v
                0x00000c68       0x30 ..\obj\main.o
                0x00000c68                stopAlert1()
 .text._Z5push1v
                0x00000c98       0xd4 ..\obj\main.o
                0x00000c98                push1()
 .text._Z11startAlert2v
                0x00000d6c       0x50 ..\obj\main.o
                0x00000d6c                startAlert2()
 .text._Z10stopAlert2v
                0x00000dbc       0x30 ..\obj\main.o
                0x00000dbc                stopAlert2()
 .text._Z5push2v
                0x00000dec       0x34 ..\obj\main.o
                0x00000dec                push2()
 .text.startup.main
                0x00000e20      0x270 ..\obj\main.o
                0x00000e20                main
 .text._ZN4mbed6SerialD0Ev
                0x00001090       0x34 ..\obj\main.o
                0x00001090                mbed::Serial::~Serial()
                0x000010a2                non-virtual thunk to mbed::Serial::~Serial()
                0x000010b4                non-virtual thunk to mbed::Serial::~Serial()
 .text.startup._GLOBAL__sub_I_myled
                0x000010c4      0x110 ..\obj\main.o
 .text.mcgpllfll_frequency.part.0
                0x000011d4       0x4c E:\CoIdeWork\GIT\TrapChecker\frdm_im920c_rcv_coide_kl25z\frdm_im920c_rcv/mbed/TARGET_KL25Z/TOOLCHAIN_GCC_ARM\libmbed.a(serial_api.o)
 .text.uart0_irq
                0x00001220       0x50 E:\CoIdeWork\GIT\TrapChecker\frdm_im920c_rcv_coide_kl25z\frdm_im920c_rcv/mbed/TARGET_KL25Z/TOOLCHAIN_GCC_ARM\libmbed.a(serial_api.o)
                0x00001220                uart0_irq
 .text.uart2_irq
                0x00001270       0x40 E:\CoIdeWork\GIT\TrapChecker\frdm_im920c_rcv_coide_kl25z\frdm_im920c_rcv/mbed/TARGET_KL25Z/TOOLCHAIN_GCC_ARM\libmbed.a(serial_api.o)
                0x00001270                uart2_irq
 .text.uart1_irq
                0x000012b0       0x40 E:\CoIdeWork\GIT\TrapChecker\frdm_im920c_rcv_coide_kl25z\frdm_im920c_rcv/mbed/TARGET_KL25Z/TOOLCHAIN_GCC_ARM\libmbed.a(serial_api.o)
                0x000012b0                uart1_irq
 .text.serial_baud
                0x000012f0      0x16c E:\CoIdeWork\GIT\TrapChecker\frdm_im920c_rcv_coide_kl25z\frdm_im920c_rcv/mbed/TARGET_KL25Z/TOOLCHAIN_GCC_ARM\libmbed.a(serial_api.o)
                0x000012f0                serial_baud
 .text.serial_format
                0x0000145c       0x94 E:\CoIdeWork\GIT\TrapChecker\frdm_im920c_rcv_coide_kl25z\frdm_im920c_rcv/mbed/TARGET_KL25Z/TOOLCHAIN_GCC_ARM\libmbed.a(serial_api.o)
                0x0000145c                serial_format
 .text.serial_init
                0x000014f0      0x1d0 E:\CoIdeWork\GIT\TrapChecker\frdm_im920c_rcv_coide_kl25z\frdm_im920c_rcv/mbed/TARGET_KL25Z/TOOLCHAIN_GCC_ARM\libmbed.a(serial_api.o)
                0x000014f0                serial_init
 .text.serial_irq_handler
                0x000016c0       0x18 E:\CoIdeWork\GIT\TrapChecker\frdm_im920c_rcv_coide_kl25z\frdm_im920c_rcv/mbed/TARGET_KL25Z/TOOLCHAIN_GCC_ARM\libmbed.a(serial_api.o)
                0x000016c0                serial_irq_handler
 .text.serial_irq_set
                0x000016d8       0xd4 E:\CoIdeWork\GIT\TrapChecker\frdm_im920c_rcv_coide_kl25z\frdm_im920c_rcv/mbed/TARGET_KL25Z/TOOLCHAIN_GCC_ARM\libmbed.a(serial_api.o)
                0x000016d8                serial_irq_set
 .text.serial_getc
                0x000017ac       0x28 E:\CoIdeWork\GIT\TrapChecker\frdm_im920c_rcv_coide_kl25z\frdm_im920c_rcv/mbed/TARGET_KL25Z/TOOLCHAIN_GCC_ARM\libmbed.a(serial_api.o)
                0x000017ac                serial_getc
 .text.serial_putc
                0x000017d4       0x28 E:\CoIdeWork\GIT\TrapChecker\frdm_im920c_rcv_coide_kl25z\frdm_im920c_rcv/mbed/TARGET_KL25Z/TOOLCHAIN_GCC_ARM\libmbed.a(serial_api.o)
                0x000017d4                serial_putc
 .text.serial_readable
                0x000017fc       0x1c E:\CoIdeWork\GIT\TrapChecker\frdm_im920c_rcv_coide_kl25z\frdm_im920c_rcv/mbed/TARGET_KL25Z/TOOLCHAIN_GCC_ARM\libmbed.a(serial_api.o)
                0x000017fc                serial_readable
 .text.pin_function
                0x00001818       0x60 E:\CoIdeWork\GIT\TrapChecker\frdm_im920c_rcv_coide_kl25z\frdm_im920c_rcv/mbed/TARGET_KL25Z/TOOLCHAIN_GCC_ARM\libmbed.a(pinmap.o)
                0x00001818                pin_function
 .text.pin_mode
                0x00001878       0x34 E:\CoIdeWork\GIT\TrapChecker\frdm_im920c_rcv_coide_kl25z\frdm_im920c_rcv/mbed/TARGET_KL25Z/TOOLCHAIN_GCC_ARM\libmbed.a(pinmap.o)
                0x00001878                pin_mode
 .text.sleep    0x000018ac       0x18 E:\CoIdeWork\GIT\TrapChecker\frdm_im920c_rcv_coide_kl25z\frdm_im920c_rcv/mbed/TARGET_KL25Z/TOOLCHAIN_GCC_ARM\libmbed.a(sleep.o)
                0x000018ac                sleep
 .text._ZN4mbed8FilePathC2EPKc
                0x000018c4       0x58 E:\CoIdeWork\GIT\TrapChecker\frdm_im920c_rcv_coide_kl25z\frdm_im920c_rcv/mbed/TARGET_KL25Z/TOOLCHAIN_GCC_ARM\libmbed.a(FilePath.o)
                0x000018c4                mbed::FilePath::FilePath(char const*)
                0x000018c4                mbed::FilePath::FilePath(char const*)
 .text._ZN4mbed8FilePath8fileNameEv
                0x0000191c        0x4 E:\CoIdeWork\GIT\TrapChecker\frdm_im920c_rcv_coide_kl25z\frdm_im920c_rcv/mbed/TARGET_KL25Z/TOOLCHAIN_GCC_ARM\libmbed.a(FilePath.o)
                0x0000191c                mbed::FilePath::fileName()
 .text._ZN4mbed8FilePath10fileSystemEv
                0x00001920       0x1c E:\CoIdeWork\GIT\TrapChecker\frdm_im920c_rcv_coide_kl25z\frdm_im920c_rcv/mbed/TARGET_KL25Z/TOOLCHAIN_GCC_ARM\libmbed.a(FilePath.o)
                0x00001920                mbed::FilePath::fileSystem()
 .text._ZN4mbed8FilePath6isFileEv
                0x0000193c       0x18 E:\CoIdeWork\GIT\TrapChecker\frdm_im920c_rcv_coide_kl25z\frdm_im920c_rcv/mbed/TARGET_KL25Z/TOOLCHAIN_GCC_ARM\libmbed.a(FilePath.o)
                0x0000193c                mbed::FilePath::isFile()
 .text._ZN4mbed8FilePath4fileEv
                0x00001954       0x24 E:\CoIdeWork\GIT\TrapChecker\frdm_im920c_rcv_coide_kl25z\frdm_im920c_rcv/mbed/TARGET_KL25Z/TOOLCHAIN_GCC_ARM\libmbed.a(FilePath.o)
                0x00001954                mbed::FilePath::file()
 .text._ZN4mbed8FilePath6existsEv
                0x00001978        0xc E:\CoIdeWork\GIT\TrapChecker\frdm_im920c_rcv_coide_kl25z\frdm_im920c_rcv/mbed/TARGET_KL25Z/TOOLCHAIN_GCC_ARM\libmbed.a(FilePath.o)
                0x00001978                mbed::FilePath::exists()
 .text._ZN4mbed11InterruptInD2Ev
                0x00001984       0x18 E:\CoIdeWork\GIT\TrapChecker\frdm_im920c_rcv_coide_kl25z\frdm_im920c_rcv/mbed/TARGET_KL25Z/TOOLCHAIN_GCC_ARM\libmbed.a(InterruptIn.o)
                0x00001984                mbed::InterruptIn::~InterruptIn()
                0x00001984                mbed::InterruptIn::~InterruptIn()
 .text._ZN4mbed11InterruptInD0Ev
                0x0000199c       0x20 E:\CoIdeWork\GIT\TrapChecker\frdm_im920c_rcv_coide_kl25z\frdm_im920c_rcv/mbed/TARGET_KL25Z/TOOLCHAIN_GCC_ARM\libmbed.a(InterruptIn.o)
                0x0000199c                mbed::InterruptIn::~InterruptIn()
 .text._ZN4mbed11InterruptIn12_irq_handlerEm14gpio_irq_event
                0x000019bc       0x4c E:\CoIdeWork\GIT\TrapChecker\frdm_im920c_rcv_coide_kl25z\frdm_im920c_rcv/mbed/TARGET_KL25Z/TOOLCHAIN_GCC_ARM\libmbed.a(InterruptIn.o)
                0x000019bc                mbed::InterruptIn::_irq_handler(unsigned long, gpio_irq_event)
 .text._ZN4mbed11InterruptInC2E7PinName
                0x00001a08       0x48 E:\CoIdeWork\GIT\TrapChecker\frdm_im920c_rcv_coide_kl25z\frdm_im920c_rcv/mbed/TARGET_KL25Z/TOOLCHAIN_GCC_ARM\libmbed.a(InterruptIn.o)
                0x00001a08                mbed::InterruptIn::InterruptIn(PinName)
                0x00001a08                mbed::InterruptIn::InterruptIn(PinName)
 .text._ZN4mbed11InterruptIn4modeE7PinMode
                0x00001a50        0xc E:\CoIdeWork\GIT\TrapChecker\frdm_im920c_rcv_coide_kl25z\frdm_im920c_rcv/mbed/TARGET_KL25Z/TOOLCHAIN_GCC_ARM\libmbed.a(InterruptIn.o)
                0x00001a50                mbed::InterruptIn::mode(PinMode)
 .text._ZN4mbed11InterruptIn4fallEPFvvE
                0x00001a5c       0x28 E:\CoIdeWork\GIT\TrapChecker\frdm_im920c_rcv_coide_kl25z\frdm_im920c_rcv/mbed/TARGET_KL25Z/TOOLCHAIN_GCC_ARM\libmbed.a(InterruptIn.o)
                0x00001a5c                mbed::InterruptIn::fall(void (*)())
 .text._ZN4mbed6Serial5_getcEv
                0x00001a84        0x8 E:\CoIdeWork\GIT\TrapChecker\frdm_im920c_rcv_coide_kl25z\frdm_im920c_rcv/mbed/TARGET_KL25Z/TOOLCHAIN_GCC_ARM\libmbed.a(Serial.o)
                0x00001a84                mbed::Serial::_getc()
 .text._ZThn64_N4mbed6Serial5_getcEv
                0x00001a8c       0x10 E:\CoIdeWork\GIT\TrapChecker\frdm_im920c_rcv_coide_kl25z\frdm_im920c_rcv/mbed/TARGET_KL25Z/TOOLCHAIN_GCC_ARM\libmbed.a(Serial.o)
                0x00001a8c                non-virtual thunk to mbed::Serial::_getc()
 .text._ZN4mbed6Serial5_putcEi
                0x00001a9c        0x8 E:\CoIdeWork\GIT\TrapChecker\frdm_im920c_rcv_coide_kl25z\frdm_im920c_rcv/mbed/TARGET_KL25Z/TOOLCHAIN_GCC_ARM\libmbed.a(Serial.o)
                0x00001a9c                mbed::Serial::_putc(int)
 .text._ZThn64_N4mbed6Serial5_putcEi
                0x00001aa4       0x10 E:\CoIdeWork\GIT\TrapChecker\frdm_im920c_rcv_coide_kl25z\frdm_im920c_rcv/mbed/TARGET_KL25Z/TOOLCHAIN_GCC_ARM\libmbed.a(Serial.o)
                0x00001aa4                non-virtual thunk to mbed::Serial::_putc(int)
 .text._ZN4mbed6SerialC2E7PinNameS1_PKc
                0x00001ab4       0x30 E:\CoIdeWork\GIT\TrapChecker\frdm_im920c_rcv_coide_kl25z\frdm_im920c_rcv/mbed/TARGET_KL25Z/TOOLCHAIN_GCC_ARM\libmbed.a(Serial.o)
                0x00001ab4                mbed::Serial::Serial(PinName, PinName, char const*)
                0x00001ab4                mbed::Serial::Serial(PinName, PinName, char const*)
 .text._ZN4mbed10SerialBase12_irq_handlerEm9SerialIrq
                0x00001ae4       0x3c E:\CoIdeWork\GIT\TrapChecker\frdm_im920c_rcv_coide_kl25z\frdm_im920c_rcv/mbed/TARGET_KL25Z/TOOLCHAIN_GCC_ARM\libmbed.a(SerialBase.o)
                0x00001ae4                mbed::SerialBase::_irq_handler(unsigned long, SerialIrq)
 .text._ZN4mbed10SerialBaseC2E7PinNameS1_
                0x00001b20       0x3c E:\CoIdeWork\GIT\TrapChecker\frdm_im920c_rcv_coide_kl25z\frdm_im920c_rcv/mbed/TARGET_KL25Z/TOOLCHAIN_GCC_ARM\libmbed.a(SerialBase.o)
                0x00001b20                mbed::SerialBase::SerialBase(PinName, PinName)
                0x00001b20                mbed::SerialBase::SerialBase(PinName, PinName)
 .text._ZN4mbed10SerialBase4baudEi
                0x00001b5c       0x10 E:\CoIdeWork\GIT\TrapChecker\frdm_im920c_rcv_coide_kl25z\frdm_im920c_rcv/mbed/TARGET_KL25Z/TOOLCHAIN_GCC_ARM\libmbed.a(SerialBase.o)
                0x00001b5c                mbed::SerialBase::baud(int)
 .text._ZN4mbed10SerialBase8readableEv
                0x00001b6c        0xc E:\CoIdeWork\GIT\TrapChecker\frdm_im920c_rcv_coide_kl25z\frdm_im920c_rcv/mbed/TARGET_KL25Z/TOOLCHAIN_GCC_ARM\libmbed.a(SerialBase.o)
                0x00001b6c                mbed::SerialBase::readable()
 .text._ZN4mbed10SerialBase6attachEPFvvENS0_7IrqTypeE
                0x00001b78       0x30 E:\CoIdeWork\GIT\TrapChecker\frdm_im920c_rcv_coide_kl25z\frdm_im920c_rcv/mbed/TARGET_KL25Z/TOOLCHAIN_GCC_ARM\libmbed.a(SerialBase.o)
                0x00001b78                mbed::SerialBase::attach(void (*)(), mbed::SerialBase::IrqType)
 .text._ZN4mbed10SerialBase10_base_getcEv
                0x00001ba8        0xc E:\CoIdeWork\GIT\TrapChecker\frdm_im920c_rcv_coide_kl25z\frdm_im920c_rcv/mbed/TARGET_KL25Z/TOOLCHAIN_GCC_ARM\libmbed.a(SerialBase.o)
                0x00001ba8                mbed::SerialBase::_base_getc()
 .text._ZN4mbed10SerialBase10_base_putcEi
                0x00001bb4       0x10 E:\CoIdeWork\GIT\TrapChecker\frdm_im920c_rcv_coide_kl25z\frdm_im920c_rcv/mbed/TARGET_KL25Z/TOOLCHAIN_GCC_ARM\libmbed.a(SerialBase.o)
                0x00001bb4                mbed::SerialBase::_base_putc(int)
 .text._ZN4mbed6Ticker7handlerEv
                0x00001bc4       0x30 E:\CoIdeWork\GIT\TrapChecker\frdm_im920c_rcv_coide_kl25z\frdm_im920c_rcv/mbed/TARGET_KL25Z/TOOLCHAIN_GCC_ARM\libmbed.a(Ticker.o)
                0x00001bc4                mbed::Ticker::handler()
 .text._ZN4mbed6Ticker6detachEv
                0x00001bf4       0x10 E:\CoIdeWork\GIT\TrapChecker\frdm_im920c_rcv_coide_kl25z\frdm_im920c_rcv/mbed/TARGET_KL25Z/TOOLCHAIN_GCC_ARM\libmbed.a(Ticker.o)
                0x00001bf4                mbed::Ticker::detach()
 .text._ZN4mbed6Ticker5setupEm
                0x00001c04       0x1c E:\CoIdeWork\GIT\TrapChecker\frdm_im920c_rcv_coide_kl25z\frdm_im920c_rcv/mbed/TARGET_KL25Z/TOOLCHAIN_GCC_ARM\libmbed.a(Ticker.o)
                0x00001c04                mbed::Ticker::setup(unsigned long)
 .text._ZN4mbed6Stream5closeEv
                0x00001c20        0x4 E:\CoIdeWork\GIT\TrapChecker\frdm_im920c_rcv_coide_kl25z\frdm_im920c_rcv/mbed/TARGET_KL25Z/TOOLCHAIN_GCC_ARM\libmbed.a(Stream.o)
                0x00001c20                mbed::Stream::close()
 .text._ZN4mbed6Stream5writeEPKvj
                0x00001c24       0x2c E:\CoIdeWork\GIT\TrapChecker\frdm_im920c_rcv_coide_kl25z\frdm_im920c_rcv/mbed/TARGET_KL25Z/TOOLCHAIN_GCC_ARM\libmbed.a(Stream.o)
                0x00001c24                mbed::Stream::write(void const*, unsigned int)
 .text._ZN4mbed6Stream4readEPvj
                0x00001c50       0x2c E:\CoIdeWork\GIT\TrapChecker\frdm_im920c_rcv_coide_kl25z\frdm_im920c_rcv/mbed/TARGET_KL25Z/TOOLCHAIN_GCC_ARM\libmbed.a(Stream.o)
                0x00001c50                mbed::Stream::read(void*, unsigned int)
 .text._ZN4mbed6Stream5lseekEli
                0x00001c7c        0x4 E:\CoIdeWork\GIT\TrapChecker\frdm_im920c_rcv_coide_kl25z\frdm_im920c_rcv/mbed/TARGET_KL25Z/TOOLCHAIN_GCC_ARM\libmbed.a(Stream.o)
                0x00001c7c                mbed::Stream::lseek(long, int)
 .text._ZN4mbed6Stream6isattyEv
                0x00001c80        0x4 E:\CoIdeWork\GIT\TrapChecker\frdm_im920c_rcv_coide_kl25z\frdm_im920c_rcv/mbed/TARGET_KL25Z/TOOLCHAIN_GCC_ARM\libmbed.a(Stream.o)
                0x00001c80                mbed::Stream::isatty()
 .text._ZN4mbed6Stream5fsyncEv
                0x00001c84        0x4 E:\CoIdeWork\GIT\TrapChecker\frdm_im920c_rcv_coide_kl25z\frdm_im920c_rcv/mbed/TARGET_KL25Z/TOOLCHAIN_GCC_ARM\libmbed.a(Stream.o)
                0x00001c84                mbed::Stream::fsync()
 .text._ZN4mbed6Stream4flenEv
                0x00001c88        0x4 E:\CoIdeWork\GIT\TrapChecker\frdm_im920c_rcv_coide_kl25z\frdm_im920c_rcv/mbed/TARGET_KL25Z/TOOLCHAIN_GCC_ARM\libmbed.a(Stream.o)
                0x00001c88                mbed::Stream::flen()
 .text._ZN4mbed6StreamC2EPKc
                0x00001c8c       0x44 E:\CoIdeWork\GIT\TrapChecker\frdm_im920c_rcv_coide_kl25z\frdm_im920c_rcv/mbed/TARGET_KL25Z/TOOLCHAIN_GCC_ARM\libmbed.a(Stream.o)
                0x00001c8c                mbed::Stream::Stream(char const*)
                0x00001c8c                mbed::Stream::Stream(char const*)
 .text._ZN4mbed6StreamD2Ev
                0x00001cd0       0x24 E:\CoIdeWork\GIT\TrapChecker\frdm_im920c_rcv_coide_kl25z\frdm_im920c_rcv/mbed/TARGET_KL25Z/TOOLCHAIN_GCC_ARM\libmbed.a(Stream.o)
                0x00001cd0                mbed::Stream::~Stream()
                0x00001cd0                mbed::Stream::~Stream()
 .text._ZN4mbed6Stream4putcEi
                0x00001cf4       0x18 E:\CoIdeWork\GIT\TrapChecker\frdm_im920c_rcv_coide_kl25z\frdm_im920c_rcv/mbed/TARGET_KL25Z/TOOLCHAIN_GCC_ARM\libmbed.a(Stream.o)
                0x00001cf4                mbed::Stream::putc(int)
 .text._ZN4mbed6Stream4getcEv
                0x00001d0c       0x14 E:\CoIdeWork\GIT\TrapChecker\frdm_im920c_rcv_coide_kl25z\frdm_im920c_rcv/mbed/TARGET_KL25Z/TOOLCHAIN_GCC_ARM\libmbed.a(Stream.o)
                0x00001d0c                mbed::Stream::getc()
 .text.mbed_assert_internal
                0x00001d20       0x18 E:\CoIdeWork\GIT\TrapChecker\frdm_im920c_rcv_coide_kl25z\frdm_im920c_rcv/mbed/TARGET_KL25Z/TOOLCHAIN_GCC_ARM\libmbed.a(assert.o)
                0x00001d20                mbed_assert_internal
 .text._ZN4mbed10TimerEvent3irqEm
                0x00001d38        0xc E:\CoIdeWork\GIT\TrapChecker\frdm_im920c_rcv_coide_kl25z\frdm_im920c_rcv/mbed/TARGET_KL25Z/TOOLCHAIN_GCC_ARM\libmbed.a(TimerEvent.o)
                0x00001d38                mbed::TimerEvent::irq(unsigned long)
 .text._ZN4mbed10TimerEventC2Ev
                0x00001d44       0x2c E:\CoIdeWork\GIT\TrapChecker\frdm_im920c_rcv_coide_kl25z\frdm_im920c_rcv/mbed/TARGET_KL25Z/TOOLCHAIN_GCC_ARM\libmbed.a(TimerEvent.o)
                0x00001d44                mbed::TimerEvent::TimerEvent()
                0x00001d44                mbed::TimerEvent::TimerEvent()
 .text._ZN4mbed10TimerEventD2Ev
                0x00001d70       0x1c E:\CoIdeWork\GIT\TrapChecker\frdm_im920c_rcv_coide_kl25z\frdm_im920c_rcv/mbed/TARGET_KL25Z/TOOLCHAIN_GCC_ARM\libmbed.a(TimerEvent.o)
                0x00001d70                mbed::TimerEvent::~TimerEvent()
                0x00001d70                mbed::TimerEvent::~TimerEvent()
 .text._ZN4mbed10TimerEvent6insertEm
                0x00001d8c       0x10 E:\CoIdeWork\GIT\TrapChecker\frdm_im920c_rcv_coide_kl25z\frdm_im920c_rcv/mbed/TARGET_KL25Z/TOOLCHAIN_GCC_ARM\libmbed.a(TimerEvent.o)
                0x00001d8c                mbed::TimerEvent::insert(unsigned long)
 .text._ZN4mbed10TimerEvent6removeEv
                0x00001d9c       0x10 E:\CoIdeWork\GIT\TrapChecker\frdm_im920c_rcv_coide_kl25z\frdm_im920c_rcv/mbed/TARGET_KL25Z/TOOLCHAIN_GCC_ARM\libmbed.a(TimerEvent.o)
                0x00001d9c                mbed::TimerEvent::remove()
 .text.error    0x00001dac       0x20 E:\CoIdeWork\GIT\TrapChecker\frdm_im920c_rcv_coide_kl25z\frdm_im920c_rcv/mbed/TARGET_KL25Z/TOOLCHAIN_GCC_ARM\libmbed.a(error.o)
                0x00001dac                error
 .text.gpio_init_in
                0x00001dcc       0x20 E:\CoIdeWork\GIT\TrapChecker\frdm_im920c_rcv_coide_kl25z\frdm_im920c_rcv/mbed/TARGET_KL25Z/TOOLCHAIN_GCC_ARM\libmbed.a(gpio.o)
                0x00001dcc                gpio_init_in
 .text.gpio_init_out
                0x00001dec       0x44 E:\CoIdeWork\GIT\TrapChecker\frdm_im920c_rcv_coide_kl25z\frdm_im920c_rcv/mbed/TARGET_KL25Z/TOOLCHAIN_GCC_ARM\libmbed.a(gpio.o)
                0x00001dec                gpio_init_out
 .text.mbed_interface_connected
                0x00001e30        0x8 E:\CoIdeWork\GIT\TrapChecker\frdm_im920c_rcv_coide_kl25z\frdm_im920c_rcv/mbed/TARGET_KL25Z/TOOLCHAIN_GCC_ARM\libmbed.a(mbed_interface.o)
                0x00001e30                mbed_interface_connected
 .text.pinmap_pinout
                0x00001e38       0x38 E:\CoIdeWork\GIT\TrapChecker\frdm_im920c_rcv_coide_kl25z\frdm_im920c_rcv/mbed/TARGET_KL25Z/TOOLCHAIN_GCC_ARM\libmbed.a(pinmap_common.o)
                0x00001e38                pinmap_pinout
 .text.pinmap_merge
                0x00001e70       0x24 E:\CoIdeWork\GIT\TrapChecker\frdm_im920c_rcv_coide_kl25z\frdm_im920c_rcv/mbed/TARGET_KL25Z/TOOLCHAIN_GCC_ARM\libmbed.a(pinmap_common.o)
                0x00001e70                pinmap_merge
 .text.pinmap_peripheral
                0x00001e94       0x30 E:\CoIdeWork\GIT\TrapChecker\frdm_im920c_rcv_coide_kl25z\frdm_im920c_rcv/mbed/TARGET_KL25Z/TOOLCHAIN_GCC_ARM\libmbed.a(pinmap_common.o)
                0x00001e94                pinmap_peripheral
 .text.semihost_exit
                0x00001ec4       0x18 E:\CoIdeWork\GIT\TrapChecker\frdm_im920c_rcv_coide_kl25z\frdm_im920c_rcv/mbed/TARGET_KL25Z/TOOLCHAIN_GCC_ARM\libmbed.a(semihost_api.o)
                0x00001ec4                semihost_exit
 .text.semihost_connected
                0x00001edc        0xc E:\CoIdeWork\GIT\TrapChecker\frdm_im920c_rcv_coide_kl25z\frdm_im920c_rcv/mbed/TARGET_KL25Z/TOOLCHAIN_GCC_ARM\libmbed.a(semihost_api.o)
                0x00001edc                semihost_connected
 .text.ticker_set_handler
                0x00001ee8       0x14 E:\CoIdeWork\GIT\TrapChecker\frdm_im920c_rcv_coide_kl25z\frdm_im920c_rcv/mbed/TARGET_KL25Z/TOOLCHAIN_GCC_ARM\libmbed.a(ticker_api.o)
                0x00001ee8                ticker_set_handler
 .text.ticker_irq_handler
                0x00001efc       0x4c E:\CoIdeWork\GIT\TrapChecker\frdm_im920c_rcv_coide_kl25z\frdm_im920c_rcv/mbed/TARGET_KL25Z/TOOLCHAIN_GCC_ARM\libmbed.a(ticker_api.o)
                0x00001efc                ticker_irq_handler
 .text.ticker_insert_event
                0x00001f48       0x40 E:\CoIdeWork\GIT\TrapChecker\frdm_im920c_rcv_coide_kl25z\frdm_im920c_rcv/mbed/TARGET_KL25Z/TOOLCHAIN_GCC_ARM\libmbed.a(ticker_api.o)
                0x00001f48                ticker_insert_event
 .text.ticker_remove_event
                0x00001f88       0x48 E:\CoIdeWork\GIT\TrapChecker\frdm_im920c_rcv_coide_kl25z\frdm_im920c_rcv/mbed/TARGET_KL25Z/TOOLCHAIN_GCC_ARM\libmbed.a(ticker_api.o)
                0x00001f88                ticker_remove_event
 .text.ticker_read
                0x00001fd0        0xc E:\CoIdeWork\GIT\TrapChecker\frdm_im920c_rcv_coide_kl25z\frdm_im920c_rcv/mbed/TARGET_KL25Z/TOOLCHAIN_GCC_ARM\libmbed.a(ticker_api.o)
                0x00001fd0                ticker_read
 .text.get_us_ticker_data
                0x00001fdc        0x8 E:\CoIdeWork\GIT\TrapChecker\frdm_im920c_rcv_coide_kl25z\frdm_im920c_rcv/mbed/TARGET_KL25Z/TOOLCHAIN_GCC_ARM\libmbed.a(us_ticker_api.o)
                0x00001fdc                get_us_ticker_data
 .text.us_ticker_irq_handler
                0x00001fe4       0x10 E:\CoIdeWork\GIT\TrapChecker\frdm_im920c_rcv_coide_kl25z\frdm_im920c_rcv/mbed/TARGET_KL25Z/TOOLCHAIN_GCC_ARM\libmbed.a(us_ticker_api.o)
                0x00001fe4                us_ticker_irq_handler
 .text.wait_us  0x00001ff4       0x18 E:\CoIdeWork\GIT\TrapChecker\frdm_im920c_rcv_coide_kl25z\frdm_im920c_rcv/mbed/TARGET_KL25Z/TOOLCHAIN_GCC_ARM\libmbed.a(wait_api.o)
                0x00001ff4                wait_us
 .text.wait_ms  0x0000200c       0x10 E:\CoIdeWork\GIT\TrapChecker\frdm_im920c_rcv_coide_kl25z\frdm_im920c_rcv/mbed/TARGET_KL25Z/TOOLCHAIN_GCC_ARM\libmbed.a(wait_api.o)
                0x0000200c                wait_ms
 .text.handle_interrupt_in
                0x0000201c       0xe0 E:\CoIdeWork\GIT\TrapChecker\frdm_im920c_rcv_coide_kl25z\frdm_im920c_rcv/mbed/TARGET_KL25Z/TOOLCHAIN_GCC_ARM\libmbed.a(gpio_irq_api.o)
 .text.gpio_irqA
                0x000020fc       0x10 E:\CoIdeWork\GIT\TrapChecker\frdm_im920c_rcv_coide_kl25z\frdm_im920c_rcv/mbed/TARGET_KL25Z/TOOLCHAIN_GCC_ARM\libmbed.a(gpio_irq_api.o)
                0x000020fc                gpio_irqA
 .text.gpio_irqD
                0x0000210c       0x10 E:\CoIdeWork\GIT\TrapChecker\frdm_im920c_rcv_coide_kl25z\frdm_im920c_rcv/mbed/TARGET_KL25Z/TOOLCHAIN_GCC_ARM\libmbed.a(gpio_irq_api.o)
                0x0000210c                gpio_irqD
 .text.gpio_irq_init
                0x0000211c       0x8c E:\CoIdeWork\GIT\TrapChecker\frdm_im920c_rcv_coide_kl25z\frdm_im920c_rcv/mbed/TARGET_KL25Z/TOOLCHAIN_GCC_ARM\libmbed.a(gpio_irq_api.o)
                0x0000211c                gpio_irq_init
 .text.gpio_irq_free
                0x000021a8       0x10 E:\CoIdeWork\GIT\TrapChecker\frdm_im920c_rcv_coide_kl25z\frdm_im920c_rcv/mbed/TARGET_KL25Z/TOOLCHAIN_GCC_ARM\libmbed.a(gpio_irq_api.o)
                0x000021a8                gpio_irq_free
 .text.gpio_irq_set
                0x000021b8       0xa4 E:\CoIdeWork\GIT\TrapChecker\frdm_im920c_rcv_coide_kl25z\frdm_im920c_rcv/mbed/TARGET_KL25Z/TOOLCHAIN_GCC_ARM\libmbed.a(gpio_irq_api.o)
                0x000021b8                gpio_irq_set
 .text.gpio_set
                0x0000225c       0x30 E:\CoIdeWork\GIT\TrapChecker\frdm_im920c_rcv_coide_kl25z\frdm_im920c_rcv/mbed/TARGET_KL25Z/TOOLCHAIN_GCC_ARM\libmbed.a(gpio_api.o)
                0x0000225c                gpio_set
 .text.gpio_init
                0x0000228c       0x34 E:\CoIdeWork\GIT\TrapChecker\frdm_im920c_rcv_coide_kl25z\frdm_im920c_rcv/mbed/TARGET_KL25Z/TOOLCHAIN_GCC_ARM\libmbed.a(gpio_api.o)
                0x0000228c                gpio_init
 .text.gpio_mode
                0x000022c0        0xc E:\CoIdeWork\GIT\TrapChecker\frdm_im920c_rcv_coide_kl25z\frdm_im920c_rcv/mbed/TARGET_KL25Z/TOOLCHAIN_GCC_ARM\libmbed.a(gpio_api.o)
                0x000022c0                gpio_mode
 .text.gpio_dir
                0x000022cc       0x44 E:\CoIdeWork\GIT\TrapChecker\frdm_im920c_rcv_coide_kl25z\frdm_im920c_rcv/mbed/TARGET_KL25Z/TOOLCHAIN_GCC_ARM\libmbed.a(gpio_api.o)
                0x000022cc                gpio_dir
 .text.pit_init
                0x00002310       0x78 E:\CoIdeWork\GIT\TrapChecker\frdm_im920c_rcv_coide_kl25z\frdm_im920c_rcv/mbed/TARGET_KL25Z/TOOLCHAIN_GCC_ARM\libmbed.a(us_ticker.o)
 .text.lptmr_init
                0x00002388      0x1b0 E:\CoIdeWork\GIT\TrapChecker\frdm_im920c_rcv_coide_kl25z\frdm_im920c_rcv/mbed/TARGET_KL25Z/TOOLCHAIN_GCC_ARM\libmbed.a(us_ticker.o)
 .text.lptmr_isr
                0x00002538       0x68 E:\CoIdeWork\GIT\TrapChecker\frdm_im920c_rcv_coide_kl25z\frdm_im920c_rcv/mbed/TARGET_KL25Z/TOOLCHAIN_GCC_ARM\libmbed.a(us_ticker.o)
 .text.us_ticker_init
                0x000025a0       0x1c E:\CoIdeWork\GIT\TrapChecker\frdm_im920c_rcv_coide_kl25z\frdm_im920c_rcv/mbed/TARGET_KL25Z/TOOLCHAIN_GCC_ARM\libmbed.a(us_ticker.o)
                0x000025a0                us_ticker_init
 .text.us_ticker_read
                0x000025bc       0x2c E:\CoIdeWork\GIT\TrapChecker\frdm_im920c_rcv_coide_kl25z\frdm_im920c_rcv/mbed/TARGET_KL25Z/TOOLCHAIN_GCC_ARM\libmbed.a(us_ticker.o)
                0x000025bc                us_ticker_read
 .text.us_ticker_disable_interrupt
                0x000025e8       0x10 E:\CoIdeWork\GIT\TrapChecker\frdm_im920c_rcv_coide_kl25z\frdm_im920c_rcv/mbed/TARGET_KL25Z/TOOLCHAIN_GCC_ARM\libmbed.a(us_ticker.o)
                0x000025e8                us_ticker_disable_interrupt
 .text.us_ticker_clear_interrupt
                0x000025f8        0x4 E:\CoIdeWork\GIT\TrapChecker\frdm_im920c_rcv_coide_kl25z\frdm_im920c_rcv/mbed/TARGET_KL25Z/TOOLCHAIN_GCC_ARM\libmbed.a(us_ticker.o)
                0x000025f8                us_ticker_clear_interrupt
 .text.us_ticker_set_interrupt
                0x000025fc       0x6c E:\CoIdeWork\GIT\TrapChecker\frdm_im920c_rcv_coide_kl25z\frdm_im920c_rcv/mbed/TARGET_KL25Z/TOOLCHAIN_GCC_ARM\libmbed.a(us_ticker.o)
                0x000025fc                us_ticker_set_interrupt
 .text._ZN4mbed8FileBaseD2Ev
                0x00002668       0x34 E:\CoIdeWork\GIT\TrapChecker\frdm_im920c_rcv_coide_kl25z\frdm_im920c_rcv/mbed/TARGET_KL25Z/TOOLCHAIN_GCC_ARM\libmbed.a(FileBase.o)
                0x00002668                mbed::FileBase::~FileBase()
                0x00002668                mbed::FileBase::~FileBase()
 .text._ZN4mbed8FileBaseD0Ev
                0x0000269c       0x40 E:\CoIdeWork\GIT\TrapChecker\frdm_im920c_rcv_coide_kl25z\frdm_im920c_rcv/mbed/TARGET_KL25Z/TOOLCHAIN_GCC_ARM\libmbed.a(FileBase.o)
                0x0000269c                mbed::FileBase::~FileBase()
 .text._ZN4mbed8FileBaseC2EPKcNS_8PathTypeE
                0x000026dc       0x24 E:\CoIdeWork\GIT\TrapChecker\frdm_im920c_rcv_coide_kl25z\frdm_im920c_rcv/mbed/TARGET_KL25Z/TOOLCHAIN_GCC_ARM\libmbed.a(FileBase.o)
                0x000026dc                mbed::FileBase::FileBase(char const*, mbed::PathType)
                0x000026dc                mbed::FileBase::FileBase(char const*, mbed::PathType)
 .text._ZN4mbed8FileBase6lookupEPKcj
                0x00002700       0x40 E:\CoIdeWork\GIT\TrapChecker\frdm_im920c_rcv_coide_kl25z\frdm_im920c_rcv/mbed/TARGET_KL25Z/TOOLCHAIN_GCC_ARM\libmbed.a(FileBase.o)
                0x00002700                mbed::FileBase::lookup(char const*, unsigned int)
 .text._ZN4mbed8FileBase11getPathTypeEv
                0x00002740        0x4 E:\CoIdeWork\GIT\TrapChecker\frdm_im920c_rcv_coide_kl25z\frdm_im920c_rcv/mbed/TARGET_KL25Z/TOOLCHAIN_GCC_ARM\libmbed.a(FileBase.o)
                0x00002740                mbed::FileBase::getPathType()
 .text._ZN4mbed8FileLikeC2EPKc
                0x00002744       0x28 E:\CoIdeWork\GIT\TrapChecker\frdm_im920c_rcv_coide_kl25z\frdm_im920c_rcv/mbed/TARGET_KL25Z/TOOLCHAIN_GCC_ARM\libmbed.a(FileLike.o)
                0x00002744                mbed::FileLike::FileLike(char const*)
                0x00002744                mbed::FileLike::FileLike(char const*)
 .text._ZN4mbed8FileLikeD2Ev
                0x0000276c       0x24 E:\CoIdeWork\GIT\TrapChecker\frdm_im920c_rcv_coide_kl25z\frdm_im920c_rcv/mbed/TARGET_KL25Z/TOOLCHAIN_GCC_ARM\libmbed.a(FileLike.o)
                0x0000276c                mbed::FileLike::~FileLike()
                0x0000276c                mbed::FileLike::~FileLike()
 .text.__aeabi_atexit
                0x00002790        0xe e:/programfiles_x86/gnu tools arm embedded/5.2 2015q4/bin/../lib/gcc/arm-none-eabi/5.2.1/../../../../arm-none-eabi/lib/armv6-m\libstdc++_nano.a(atexit_arm.o)
                0x00002790                __aeabi_atexit
 .text._ZdlPv   0x0000279e        0x8 e:/programfiles_x86/gnu tools arm embedded/5.2 2015q4/bin/../lib/gcc/arm-none-eabi/5.2.1/../../../../arm-none-eabi/lib/armv6-m\libstdc++_nano.a(del_op.o)
                0x0000279e                operator delete(void*)
 *fill*         0x000027a6        0x2 
 .text          0x000027a8      0x114 e:/programfiles_x86/gnu tools arm embedded/5.2 2015q4/bin/../lib/gcc/arm-none-eabi/5.2.1/armv6-m\libgcc.a(_udivsi3.o)
                0x000027a8                __aeabi_uidiv
                0x000027a8                __udivsi3
                0x000028b4                __aeabi_uidivmod
 .text          0x000028bc        0x4 e:/programfiles_x86/gnu tools arm embedded/5.2 2015q4/bin/../lib/gcc/arm-none-eabi/5.2.1/armv6-m\libgcc.a(_dvmd_tls.o)
                0x000028bc                __aeabi_idiv0
                0x000028bc                __aeabi_ldiv0
 .text.__cxa_atexit
                0x000028c0       0x1c e:/programfiles_x86/gnu tools arm embedded/5.2 2015q4/bin/../lib/gcc/arm-none-eabi/5.2.1/../../../../arm-none-eabi/lib/armv6-m\libc_nano.a(lib_a-cxa_atexit.o)
                0x000028c0                __cxa_atexit
 .text.__errno  0x000028dc        0xc e:/programfiles_x86/gnu tools arm embedded/5.2 2015q4/bin/../lib/gcc/arm-none-eabi/5.2.1/../../../../arm-none-eabi/lib/armv6-m\libc_nano.a(lib_a-errno.o)
                0x000028dc                __errno
 .text.exit     0x000028e8       0x2c e:/programfiles_x86/gnu tools arm embedded/5.2 2015q4/bin/../lib/gcc/arm-none-eabi/5.2.1/../../../../arm-none-eabi/lib/armv6-m\libc_nano.a(lib_a-exit.o)
                0x000028e8                exit
 .text._fclose_r
                0x00002914       0xb0 e:/programfiles_x86/gnu tools arm embedded/5.2 2015q4/bin/../lib/gcc/arm-none-eabi/5.2.1/../../../../arm-none-eabi/lib/armv6-m\libc_nano.a(lib_a-fclose.o)
                0x00002914                _fclose_r
 .text.fclose   0x000029c4       0x14 e:/programfiles_x86/gnu tools arm embedded/5.2 2015q4/bin/../lib/gcc/arm-none-eabi/5.2.1/../../../../arm-none-eabi/lib/armv6-m\libc_nano.a(lib_a-fclose.o)
                0x000029c4                fclose
 .text.__sflush_r
                0x000029d8      0x10c e:/programfiles_x86/gnu tools arm embedded/5.2 2015q4/bin/../lib/gcc/arm-none-eabi/5.2.1/../../../../arm-none-eabi/lib/armv6-m\libc_nano.a(lib_a-fflush.o)
                0x000029d8                __sflush_r
 .text._fflush_r
                0x00002ae4       0x58 e:/programfiles_x86/gnu tools arm embedded/5.2 2015q4/bin/../lib/gcc/arm-none-eabi/5.2.1/../../../../arm-none-eabi/lib/armv6-m\libc_nano.a(lib_a-fflush.o)
                0x00002ae4                _fflush_r
 .text.fflush   0x00002b3c       0x28 e:/programfiles_x86/gnu tools arm embedded/5.2 2015q4/bin/../lib/gcc/arm-none-eabi/5.2.1/../../../../arm-none-eabi/lib/armv6-m\libc_nano.a(lib_a-fflush.o)
                0x00002b3c                fflush
 .text._fgetc_r
                0x00002b64       0x5c e:/programfiles_x86/gnu tools arm embedded/5.2 2015q4/bin/../lib/gcc/arm-none-eabi/5.2.1/../../../../arm-none-eabi/lib/armv6-m\libc_nano.a(lib_a-fgetc.o)
                0x00002b64                _fgetc_r
 .text.fgetc    0x00002bc0       0x14 e:/programfiles_x86/gnu tools arm embedded/5.2 2015q4/bin/../lib/gcc/arm-none-eabi/5.2.1/../../../../arm-none-eabi/lib/armv6-m\libc_nano.a(lib_a-fgetc.o)
                0x00002bc0                fgetc
 .text._cleanup_r
                0x00002bd4       0x10 e:/programfiles_x86/gnu tools arm embedded/5.2 2015q4/bin/../lib/gcc/arm-none-eabi/5.2.1/../../../../arm-none-eabi/lib/armv6-m\libc_nano.a(lib_a-findfp.o)
                0x00002bd4                _cleanup_r
 .text.std.isra.0
                0x00002be4       0x48 e:/programfiles_x86/gnu tools arm embedded/5.2 2015q4/bin/../lib/gcc/arm-none-eabi/5.2.1/../../../../arm-none-eabi/lib/armv6-m\libc_nano.a(lib_a-findfp.o)
 .text.__sfmoreglue
                0x00002c2c       0x2c e:/programfiles_x86/gnu tools arm embedded/5.2 2015q4/bin/../lib/gcc/arm-none-eabi/5.2.1/../../../../arm-none-eabi/lib/armv6-m\libc_nano.a(lib_a-findfp.o)
                0x00002c2c                __sfmoreglue
 .text.__sinit  0x00002c58       0x68 e:/programfiles_x86/gnu tools arm embedded/5.2 2015q4/bin/../lib/gcc/arm-none-eabi/5.2.1/../../../../arm-none-eabi/lib/armv6-m\libc_nano.a(lib_a-findfp.o)
                0x00002c58                __sinit
 .text.__sfp    0x00002cc0       0x7c e:/programfiles_x86/gnu tools arm embedded/5.2 2015q4/bin/../lib/gcc/arm-none-eabi/5.2.1/../../../../arm-none-eabi/lib/armv6-m\libc_nano.a(lib_a-findfp.o)
                0x00002cc0                __sfp
 .text.__sfp_lock_acquire
                0x00002d3c        0x2 e:/programfiles_x86/gnu tools arm embedded/5.2 2015q4/bin/../lib/gcc/arm-none-eabi/5.2.1/../../../../arm-none-eabi/lib/armv6-m\libc_nano.a(lib_a-findfp.o)
                0x00002d3c                __sfp_lock_acquire
 .text.__sfp_lock_release
                0x00002d3e        0x2 e:/programfiles_x86/gnu tools arm embedded/5.2 2015q4/bin/../lib/gcc/arm-none-eabi/5.2.1/../../../../arm-none-eabi/lib/armv6-m\libc_nano.a(lib_a-findfp.o)
                0x00002d3e                __sfp_lock_release
 .text._fopen_r
                0x00002d40       0x7c e:/programfiles_x86/gnu tools arm embedded/5.2 2015q4/bin/../lib/gcc/arm-none-eabi/5.2.1/../../../../arm-none-eabi/lib/armv6-m\libc_nano.a(lib_a-fopen.o)
                0x00002d40                _fopen_r
 .text.fopen    0x00002dbc       0x14 e:/programfiles_x86/gnu tools arm embedded/5.2 2015q4/bin/../lib/gcc/arm-none-eabi/5.2.1/../../../../arm-none-eabi/lib/armv6-m\libc_nano.a(lib_a-fopen.o)
                0x00002dbc                fopen
 .text._fputc_r
                0x00002dd0       0x4c e:/programfiles_x86/gnu tools arm embedded/5.2 2015q4/bin/../lib/gcc/arm-none-eabi/5.2.1/../../../../arm-none-eabi/lib/armv6-m\libc_nano.a(lib_a-fputc.o)
                0x00002dd0                _fputc_r
 .text.fputc    0x00002e1c       0x14 e:/programfiles_x86/gnu tools arm embedded/5.2 2015q4/bin/../lib/gcc/arm-none-eabi/5.2.1/../../../../arm-none-eabi/lib/armv6-m\libc_nano.a(lib_a-fputc.o)
                0x00002e1c                fputc
 .text._fseek_r
                0x00002e30        0x8 e:/programfiles_x86/gnu tools arm embedded/5.2 2015q4/bin/../lib/gcc/arm-none-eabi/5.2.1/../../../../arm-none-eabi/lib/armv6-m\libc_nano.a(lib_a-fseek.o)
                0x00002e30                _fseek_r
 .text._fseeko_r
                0x00002e38      0x130 e:/programfiles_x86/gnu tools arm embedded/5.2 2015q4/bin/../lib/gcc/arm-none-eabi/5.2.1/../../../../arm-none-eabi/lib/armv6-m\libc_nano.a(lib_a-fseeko.o)
                0x00002e38                _fseeko_r
 .text._fwalk   0x00002f68       0x38 e:/programfiles_x86/gnu tools arm embedded/5.2 2015q4/bin/../lib/gcc/arm-none-eabi/5.2.1/../../../../arm-none-eabi/lib/armv6-m\libc_nano.a(lib_a-fwalk.o)
                0x00002f68                _fwalk
 .text._fwalk_reent
                0x00002fa0       0x42 e:/programfiles_x86/gnu tools arm embedded/5.2 2015q4/bin/../lib/gcc/arm-none-eabi/5.2.1/../../../../arm-none-eabi/lib/armv6-m\libc_nano.a(lib_a-fwalk.o)
                0x00002fa0                _fwalk_reent
 *fill*         0x00002fe2        0x2 
 .text.__libc_init_array
                0x00002fe4       0x4c e:/programfiles_x86/gnu tools arm embedded/5.2 2015q4/bin/../lib/gcc/arm-none-eabi/5.2.1/../../../../arm-none-eabi/lib/armv6-m\libc_nano.a(lib_a-init.o)
                0x00002fe4                __libc_init_array
 .text.__smakebuf_r
                0x00003030       0xa4 e:/programfiles_x86/gnu tools arm embedded/5.2 2015q4/bin/../lib/gcc/arm-none-eabi/5.2.1/../../../../arm-none-eabi/lib/armv6-m\libc_nano.a(lib_a-makebuf.o)
                0x00003030                __smakebuf_r
 .text.malloc   0x000030d4       0x14 e:/programfiles_x86/gnu tools arm embedded/5.2 2015q4/bin/../lib/gcc/arm-none-eabi/5.2.1/../../../../arm-none-eabi/lib/armv6-m\libc_nano.a(lib_a-malloc.o)
                0x000030d4                malloc
 .text.free     0x000030e8       0x14 e:/programfiles_x86/gnu tools arm embedded/5.2 2015q4/bin/../lib/gcc/arm-none-eabi/5.2.1/../../../../arm-none-eabi/lib/armv6-m\libc_nano.a(lib_a-malloc.o)
                0x000030e8                free
 .text.memchr   0x000030fc       0x16 e:/programfiles_x86/gnu tools arm embedded/5.2 2015q4/bin/../lib/gcc/arm-none-eabi/5.2.1/../../../../arm-none-eabi/lib/armv6-m\libc_nano.a(lib_a-memchr-stub.o)
                0x000030fc                memchr
 .text.memcpy   0x00003112       0x12 e:/programfiles_x86/gnu tools arm embedded/5.2 2015q4/bin/../lib/gcc/arm-none-eabi/5.2.1/../../../../arm-none-eabi/lib/armv6-m\libc_nano.a(lib_a-memcpy-stub.o)
                0x00003112                memcpy
 .text.memset   0x00003124       0x10 e:/programfiles_x86/gnu tools arm embedded/5.2 2015q4/bin/../lib/gcc/arm-none-eabi/5.2.1/../../../../arm-none-eabi/lib/armv6-m\libc_nano.a(lib_a-memset.o)
                0x00003124                memset
 .text._free_r  0x00003134       0x8c e:/programfiles_x86/gnu tools arm embedded/5.2 2015q4/bin/../lib/gcc/arm-none-eabi/5.2.1/../../../../arm-none-eabi/lib/armv6-m\libc_nano.a(lib_a-nano-freer.o)
                0x00003134                _free_r
 .text._malloc_r
                0x000031c0       0xac e:/programfiles_x86/gnu tools arm embedded/5.2 2015q4/bin/../lib/gcc/arm-none-eabi/5.2.1/../../../../arm-none-eabi/lib/armv6-m\libc_nano.a(lib_a-nano-mallocr.o)
                0x000031c0                _malloc_r
 .text.__sfputc_r
                0x0000326c       0x2a e:/programfiles_x86/gnu tools arm embedded/5.2 2015q4/bin/../lib/gcc/arm-none-eabi/5.2.1/../../../../arm-none-eabi/lib/armv6-m\libc_nano.a(lib_a-nano-vfprintf.o)
 .text.__sfputs_r
                0x00003296       0x24 e:/programfiles_x86/gnu tools arm embedded/5.2 2015q4/bin/../lib/gcc/arm-none-eabi/5.2.1/../../../../arm-none-eabi/lib/armv6-m\libc_nano.a(lib_a-nano-vfprintf.o)
                0x00003296                __sfputs_r
 *fill*         0x000032ba        0x2 
 .text._vfprintf_r
                0x000032bc      0x238 e:/programfiles_x86/gnu tools arm embedded/5.2 2015q4/bin/../lib/gcc/arm-none-eabi/5.2.1/../../../../arm-none-eabi/lib/armv6-m\libc_nano.a(lib_a-nano-vfprintf.o)
                0x000032bc                _vfprintf_r
                0x000032bc                _vfiprintf_r
 .text.vfprintf
                0x000034f4       0x18 e:/programfiles_x86/gnu tools arm embedded/5.2 2015q4/bin/../lib/gcc/arm-none-eabi/5.2.1/../../../../arm-none-eabi/lib/armv6-m\libc_nano.a(lib_a-nano-vfprintf.o)
                0x000034f4                vfprintf
                0x000034f4                vfiprintf
 .text._printf_common
                0x0000350c       0xdc e:/programfiles_x86/gnu tools arm embedded/5.2 2015q4/bin/../lib/gcc/arm-none-eabi/5.2.1/../../../../arm-none-eabi/lib/armv6-m\libc_nano.a(lib_a-nano-vfprintf_i.o)
                0x0000350c                _printf_common
 .text._printf_i
                0x000035e8      0x244 e:/programfiles_x86/gnu tools arm embedded/5.2 2015q4/bin/../lib/gcc/arm-none-eabi/5.2.1/../../../../arm-none-eabi/lib/armv6-m\libc_nano.a(lib_a-nano-vfprintf_i.o)
                0x000035e8                _printf_i
 .text._scanf_chars
                0x0000382c       0xc4 e:/programfiles_x86/gnu tools arm embedded/5.2 2015q4/bin/../lib/gcc/arm-none-eabi/5.2.1/../../../../arm-none-eabi/lib/armv6-m\libc_nano.a(lib_a-nano-vfscanf_i.o)
                0x0000382c                _scanf_chars
 .text._scanf_i
                0x000038f0      0x200 e:/programfiles_x86/gnu tools arm embedded/5.2 2015q4/bin/../lib/gcc/arm-none-eabi/5.2.1/../../../../arm-none-eabi/lib/armv6-m\libc_nano.a(lib_a-nano-vfscanf_i.o)
                0x000038f0                _scanf_i
 .text._open_r  0x00003af0       0x28 e:/programfiles_x86/gnu tools arm embedded/5.2 2015q4/bin/../lib/gcc/arm-none-eabi/5.2.1/../../../../arm-none-eabi/lib/armv6-m\libc_nano.a(lib_a-openr.o)
                0x00003af0                _open_r
 .text._putc_r  0x00003b18       0x78 e:/programfiles_x86/gnu tools arm embedded/5.2 2015q4/bin/../lib/gcc/arm-none-eabi/5.2.1/../../../../arm-none-eabi/lib/armv6-m\libc_nano.a(lib_a-putc.o)
                0x00003b18                _putc_r
 .text.lflush   0x00003b90       0x18 e:/programfiles_x86/gnu tools arm embedded/5.2 2015q4/bin/../lib/gcc/arm-none-eabi/5.2.1/../../../../arm-none-eabi/lib/armv6-m\libc_nano.a(lib_a-refill.o)
 .text.__srefill_r
                0x00003ba8      0x120 e:/programfiles_x86/gnu tools arm embedded/5.2 2015q4/bin/../lib/gcc/arm-none-eabi/5.2.1/../../../../arm-none-eabi/lib/armv6-m\libc_nano.a(lib_a-refill.o)
                0x00003ba8                __srefill_r
 .text.__srget_r
                0x00003cc8       0x60 e:/programfiles_x86/gnu tools arm embedded/5.2 2015q4/bin/../lib/gcc/arm-none-eabi/5.2.1/../../../../arm-none-eabi/lib/armv6-m\libc_nano.a(lib_a-rget.o)
                0x00003cc8                __srget_r
 .text._sbrk_r  0x00003d28       0x24 e:/programfiles_x86/gnu tools arm embedded/5.2 2015q4/bin/../lib/gcc/arm-none-eabi/5.2.1/../../../../arm-none-eabi/lib/armv6-m\libc_nano.a(lib_a-sbrkr.o)
                0x00003d28                _sbrk_r
 .text.__sccl   0x00003d4c       0x64 e:/programfiles_x86/gnu tools arm embedded/5.2 2015q4/bin/../lib/gcc/arm-none-eabi/5.2.1/../../../../arm-none-eabi/lib/armv6-m\libc_nano.a(lib_a-sccl.o)
                0x00003d4c                __sccl
 .text.setbuf   0x00003db0       0x12 e:/programfiles_x86/gnu tools arm embedded/5.2 2015q4/bin/../lib/gcc/arm-none-eabi/5.2.1/../../../../arm-none-eabi/lib/armv6-m\libc_nano.a(lib_a-setbuf.o)
                0x00003db0                setbuf
 *fill*         0x00003dc2        0x2 
 .text.setvbuf  0x00003dc4      0x10c e:/programfiles_x86/gnu tools arm embedded/5.2 2015q4/bin/../lib/gcc/arm-none-eabi/5.2.1/../../../../arm-none-eabi/lib/armv6-m\libc_nano.a(lib_a-setvbuf.o)
                0x00003dc4                setvbuf
 .text.sprintf  0x00003ed0       0x44 e:/programfiles_x86/gnu tools arm embedded/5.2 2015q4/bin/../lib/gcc/arm-none-eabi/5.2.1/../../../../arm-none-eabi/lib/armv6-m\libc_nano.a(lib_a-sprintf.o)
                0x00003ed0                siprintf
                0x00003ed0                sprintf
 .text.sscanf   0x00003f14       0x50 e:/programfiles_x86/gnu tools arm embedded/5.2 2015q4/bin/../lib/gcc/arm-none-eabi/5.2.1/../../../../arm-none-eabi/lib/armv6-m\libc_nano.a(lib_a-sscanf.o)
                0x00003f14                siscanf
                0x00003f14                sscanf
 .text.__sread  0x00003f64       0x28 e:/programfiles_x86/gnu tools arm embedded/5.2 2015q4/bin/../lib/gcc/arm-none-eabi/5.2.1/../../../../arm-none-eabi/lib/armv6-m\libc_nano.a(lib_a-stdio.o)
                0x00003f64                __sread
 .text.__seofread
                0x00003f8c        0x4 e:/programfiles_x86/gnu tools arm embedded/5.2 2015q4/bin/../lib/gcc/arm-none-eabi/5.2.1/../../../../arm-none-eabi/lib/armv6-m\libc_nano.a(lib_a-stdio.o)
                0x00003f8c                __seofread
 .text.__swrite
                0x00003f90       0x38 e:/programfiles_x86/gnu tools arm embedded/5.2 2015q4/bin/../lib/gcc/arm-none-eabi/5.2.1/../../../../arm-none-eabi/lib/armv6-m\libc_nano.a(lib_a-stdio.o)
                0x00003f90                __swrite
 .text.__sseek  0x00003fc8       0x2c e:/programfiles_x86/gnu tools arm embedded/5.2 2015q4/bin/../lib/gcc/arm-none-eabi/5.2.1/../../../../arm-none-eabi/lib/armv6-m\libc_nano.a(lib_a-stdio.o)
                0x00003fc8                __sseek
 .text.__sclose
                0x00003ff4        0xc e:/programfiles_x86/gnu tools arm embedded/5.2 2015q4/bin/../lib/gcc/arm-none-eabi/5.2.1/../../../../arm-none-eabi/lib/armv6-m\libc_nano.a(lib_a-stdio.o)
                0x00003ff4                __sclose
 .text          0x00004000       0x14 e:/programfiles_x86/gnu tools arm embedded/5.2 2015q4/bin/../lib/gcc/arm-none-eabi/5.2.1/../../../../arm-none-eabi/lib/armv6-m\libc_nano.a(lib_a-strcmp.o)
                0x00004000                strcmp
 .text          0x00004014        0xe e:/programfiles_x86/gnu tools arm embedded/5.2 2015q4/bin/../lib/gcc/arm-none-eabi/5.2.1/../../../../arm-none-eabi/lib/armv6-m\libc_nano.a(lib_a-strlen.o)
                0x00004014                strlen
 .text.strncmp  0x00004022       0x24 e:/programfiles_x86/gnu tools arm embedded/5.2 2015q4/bin/../lib/gcc/arm-none-eabi/5.2.1/../../../../arm-none-eabi/lib/armv6-m\libc_nano.a(lib_a-strncmp.o)
                0x00004022                strncmp
 *fill*         0x00004046        0x2 
 .text._strtol_r
                0x00004048      0x124 e:/programfiles_x86/gnu tools arm embedded/5.2 2015q4/bin/../lib/gcc/arm-none-eabi/5.2.1/../../../../arm-none-eabi/lib/armv6-m\libc_nano.a(lib_a-strtol.o)
                0x00004048                _strtol_r
 .text._strtoul_r
                0x0000416c      0x108 e:/programfiles_x86/gnu tools arm embedded/5.2 2015q4/bin/../lib/gcc/arm-none-eabi/5.2.1/../../../../arm-none-eabi/lib/armv6-m\libc_nano.a(lib_a-strtoul.o)
                0x0000416c                _strtoul_r
 .text.__submore
                0x00004274       0x7c e:/programfiles_x86/gnu tools arm embedded/5.2 2015q4/bin/../lib/gcc/arm-none-eabi/5.2.1/../../../../arm-none-eabi/lib/armv6-m\libc_nano.a(lib_a-ungetc.o)
                0x00004274                __submore
 .text.__swbuf_r
                0x000042f0       0xb0 e:/programfiles_x86/gnu tools arm embedded/5.2 2015q4/bin/../lib/gcc/arm-none-eabi/5.2.1/../../../../arm-none-eabi/lib/armv6-m\libc_nano.a(lib_a-wbuf.o)
                0x000042f0                __swbuf_r
 .text._write_r
                0x000043a0       0x28 e:/programfiles_x86/gnu tools arm embedded/5.2 2015q4/bin/../lib/gcc/arm-none-eabi/5.2.1/../../../../arm-none-eabi/lib/armv6-m\libc_nano.a(lib_a-writer.o)
                0x000043a0                _write_r
 .text.__swsetup_r
                0x000043c8       0xe8 e:/programfiles_x86/gnu tools arm embedded/5.2 2015q4/bin/../lib/gcc/arm-none-eabi/5.2.1/../../../../arm-none-eabi/lib/armv6-m\libc_nano.a(lib_a-wsetup.o)
                0x000043c8                __swsetup_r
 .text._close_r
                0x000044b0       0x24 e:/programfiles_x86/gnu tools arm embedded/5.2 2015q4/bin/../lib/gcc/arm-none-eabi/5.2.1/../../../../arm-none-eabi/lib/armv6-m\libc_nano.a(lib_a-closer.o)
                0x000044b0                _close_r
 .text.__sflags
                0x000044d4       0x74 e:/programfiles_x86/gnu tools arm embedded/5.2 2015q4/bin/../lib/gcc/arm-none-eabi/5.2.1/../../../../arm-none-eabi/lib/armv6-m\libc_nano.a(lib_a-flags.o)
                0x000044d4                __sflags
 .text._fstat_r
                0x00004548       0x24 e:/programfiles_x86/gnu tools arm embedded/5.2 2015q4/bin/../lib/gcc/arm-none-eabi/5.2.1/../../../../arm-none-eabi/lib/armv6-m\libc_nano.a(lib_a-fstatr.o)
                0x00004548                _fstat_r
 .text._isatty_r
                0x0000456c       0x24 e:/programfiles_x86/gnu tools arm embedded/5.2 2015q4/bin/../lib/gcc/arm-none-eabi/5.2.1/../../../../arm-none-eabi/lib/armv6-m\libc_nano.a(lib_a-isattyr.o)
                0x0000456c                _isatty_r
 .text._lseek_r
                0x00004590       0x28 e:/programfiles_x86/gnu tools arm embedded/5.2 2015q4/bin/../lib/gcc/arm-none-eabi/5.2.1/../../../../arm-none-eabi/lib/armv6-m\libc_nano.a(lib_a-lseekr.o)
                0x00004590                _lseek_r
 .text.memmove  0x000045b8       0x2a e:/programfiles_x86/gnu tools arm embedded/5.2 2015q4/bin/../lib/gcc/arm-none-eabi/5.2.1/../../../../arm-none-eabi/lib/armv6-m\libc_nano.a(lib_a-memmove.o)
                0x000045b8                memmove
 .text._realloc_r
                0x000045e2       0x4c e:/programfiles_x86/gnu tools arm embedded/5.2 2015q4/bin/../lib/gcc/arm-none-eabi/5.2.1/../../../../arm-none-eabi/lib/armv6-m\libc_nano.a(lib_a-nano-reallocr.o)
                0x000045e2                _realloc_r
 *fill*         0x0000462e        0x2 
 .text.__ssputs_r
                0x00004630       0xc4 e:/programfiles_x86/gnu tools arm embedded/5.2 2015q4/bin/../lib/gcc/arm-none-eabi/5.2.1/../../../../arm-none-eabi/lib/armv6-m\libc_nano.a(lib_a-nano-svfprintf.o)
                0x00004630                __ssputs_r
 .text._svfprintf_r
                0x000046f4      0x1fc e:/programfiles_x86/gnu tools arm embedded/5.2 2015q4/bin/../lib/gcc/arm-none-eabi/5.2.1/../../../../arm-none-eabi/lib/armv6-m\libc_nano.a(lib_a-nano-svfprintf.o)
                0x000046f4                _svfiprintf_r
                0x000046f4                _svfprintf_r
 .text._sungetc_r
                0x000048f0       0x78 e:/programfiles_x86/gnu tools arm embedded/5.2 2015q4/bin/../lib/gcc/arm-none-eabi/5.2.1/../../../../arm-none-eabi/lib/armv6-m\libc_nano.a(lib_a-nano-svfscanf.o)
                0x000048f0                _sungetc_r
 .text.__ssrefill_r
                0x00004968       0x3e e:/programfiles_x86/gnu tools arm embedded/5.2 2015q4/bin/../lib/gcc/arm-none-eabi/5.2.1/../../../../arm-none-eabi/lib/armv6-m\libc_nano.a(lib_a-nano-svfscanf.o)
                0x00004968                __ssrefill_r
 *fill*         0x000049a6        0x2 
 .text.__ssvfscanf_r
                0x000049a8      0x2ec e:/programfiles_x86/gnu tools arm embedded/5.2 2015q4/bin/../lib/gcc/arm-none-eabi/5.2.1/../../../../arm-none-eabi/lib/armv6-m\libc_nano.a(lib_a-nano-svfscanf.o)
                0x000049a8                __ssvfiscanf_r
                0x000049a8                __ssvfscanf_r
 .text._read_r  0x00004c94       0x28 e:/programfiles_x86/gnu tools arm embedded/5.2 2015q4/bin/../lib/gcc/arm-none-eabi/5.2.1/../../../../arm-none-eabi/lib/armv6-m\libc_nano.a(lib_a-readr.o)
                0x00004c94                _read_r
 .text._malloc_usable_size_r
                0x00004cbc       0x16 e:/programfiles_x86/gnu tools arm embedded/5.2 2015q4/bin/../lib/gcc/arm-none-eabi/5.2.1/../../../../arm-none-eabi/lib/armv6-m\libc_nano.a(lib_a-nano-msizer.o)
                0x00004cbc                _malloc_usable_size_r
 *(.init)
 *fill*         0x00004cd2        0x2 
 .init          0x00004cd4        0x4 e:/programfiles_x86/gnu tools arm embedded/5.2 2015q4/bin/../lib/gcc/arm-none-eabi/5.2.1/armv6-m/crti.o
                0x00004cd4                _init
 .init          0x00004cd8        0x8 e:/programfiles_x86/gnu tools arm embedded/5.2 2015q4/bin/../lib/gcc/arm-none-eabi/5.2.1/armv6-m/crtn.o
 *(.fini)
 .fini          0x00004ce0        0x4 e:/programfiles_x86/gnu tools arm embedded/5.2 2015q4/bin/../lib/gcc/arm-none-eabi/5.2.1/armv6-m/crti.o
                0x00004ce0                _fini
 .fini          0x00004ce4        0x8 e:/programfiles_x86/gnu tools arm embedded/5.2 2015q4/bin/../lib/gcc/arm-none-eabi/5.2.1/armv6-m/crtn.o
 *crtbegin.o(.ctors)
 *crtbegin?.o(.ctors)
 *(EXCLUDE_FILE(*crtend.o *crtend?.o) .ctors)
 *(SORT(.ctors.*))
 *(.ctors)
 *crtbegin.o(.dtors)
 *crtbegin?.o(.dtors)
 *(EXCLUDE_FILE(*crtend.o *crtend?.o) .dtors)
 *(SORT(.dtors.*))
 *(.dtors)
 *(.rodata*)
 .rodata.str1.4
                0x00004cec       0x85 E:\CoIdeWork\GIT\TrapChecker\frdm_im920c_rcv_coide_kl25z\frdm_im920c_rcv/mbed/TARGET_KL25Z/TOOLCHAIN_GCC_ARM/board.o
 *fill*         0x00004d71        0x3 
 .rodata.__stdin_name
                0x00004d74        0x7 E:\CoIdeWork\GIT\TrapChecker\frdm_im920c_rcv_coide_kl25z\frdm_im920c_rcv/mbed/TARGET_KL25Z/TOOLCHAIN_GCC_ARM/retarget.o
                0x00004d74                __stdin_name
 *fill*         0x00004d7b        0x1 
 .rodata.__stderr_name
                0x00004d7c        0x8 E:\CoIdeWork\GIT\TrapChecker\frdm_im920c_rcv_coide_kl25z\frdm_im920c_rcv/mbed/TARGET_KL25Z/TOOLCHAIN_GCC_ARM/retarget.o
                0x00004d7c                __stderr_name
 .rodata.__stdout_name
                0x00004d84        0x8 E:\CoIdeWork\GIT\TrapChecker\frdm_im920c_rcv_coide_kl25z\frdm_im920c_rcv/mbed/TARGET_KL25Z/TOOLCHAIN_GCC_ARM/retarget.o
                0x00004d84                __stdout_name
 *fill*         0x00004d8c        0x4 
 .rodata._ZTVN4mbed10FileHandleE
                0x00004d90       0x2c E:\CoIdeWork\GIT\TrapChecker\frdm_im920c_rcv_coide_kl25z\frdm_im920c_rcv/mbed/TARGET_KL25Z/TOOLCHAIN_GCC_ARM/retarget.o
                0x00004d90                vtable for mbed::FileHandle
 .rodata.str1.4
                0x00004dbc        0xe E:\CoIdeWork\GIT\TrapChecker\frdm_im920c_rcv_coide_kl25z\frdm_im920c_rcv/mbed/TARGET_KL25Z/TOOLCHAIN_GCC_ARM/retarget.o
 .rodata.str1.1
                0x00004dca       0x9e ..\obj\main.o
 .rodata.str1.4
                0x00004e68      0x110 E:\CoIdeWork\GIT\TrapChecker\frdm_im920c_rcv_coide_kl25z\frdm_im920c_rcv/mbed/TARGET_KL25Z/TOOLCHAIN_GCC_ARM\libmbed.a(serial_api.o)
 .rodata.str1.4
                0x00004f78       0x7f E:\CoIdeWork\GIT\TrapChecker\frdm_im920c_rcv_coide_kl25z\frdm_im920c_rcv/mbed/TARGET_KL25Z/TOOLCHAIN_GCC_ARM\libmbed.a(pinmap.o)
 *fill*         0x00004ff7        0x1 
 .rodata._ZTVN4mbed11InterruptInE
                0x00004ff8       0x10 E:\CoIdeWork\GIT\TrapChecker\frdm_im920c_rcv_coide_kl25z\frdm_im920c_rcv/mbed/TARGET_KL25Z/TOOLCHAIN_GCC_ARM\libmbed.a(InterruptIn.o)
                0x00004ff8                vtable for mbed::InterruptIn
 .rodata._ZTVN4mbed6SerialE
                0x00005008       0x5c E:\CoIdeWork\GIT\TrapChecker\frdm_im920c_rcv_coide_kl25z\frdm_im920c_rcv/mbed/TARGET_KL25Z/TOOLCHAIN_GCC_ARM\libmbed.a(Serial.o)
                0x00005008                vtable for mbed::Serial
 *fill*         0x00005064        0x4 
 .rodata._ZTVN4mbed10SerialBaseE
                0x00005068       0x10 E:\CoIdeWork\GIT\TrapChecker\frdm_im920c_rcv_coide_kl25z\frdm_im920c_rcv/mbed/TARGET_KL25Z/TOOLCHAIN_GCC_ARM\libmbed.a(SerialBase.o)
                0x00005068                vtable for mbed::SerialBase
 .rodata._ZTVN4mbed6TickerE
                0x00005078       0x14 E:\CoIdeWork\GIT\TrapChecker\frdm_im920c_rcv_coide_kl25z\frdm_im920c_rcv/mbed/TARGET_KL25Z/TOOLCHAIN_GCC_ARM\libmbed.a(Ticker.o)
                0x00005078                vtable for mbed::Ticker
 *fill*         0x0000508c        0x4 
 .rodata._ZTVN4mbed6StreamE
                0x00005090       0x44 E:\CoIdeWork\GIT\TrapChecker\frdm_im920c_rcv_coide_kl25z\frdm_im920c_rcv/mbed/TARGET_KL25Z/TOOLCHAIN_GCC_ARM\libmbed.a(Stream.o)
                0x00005090                vtable for mbed::Stream
 .rodata.str1.4
                0x000050d4        0x3 E:\CoIdeWork\GIT\TrapChecker\frdm_im920c_rcv_coide_kl25z\frdm_im920c_rcv/mbed/TARGET_KL25Z/TOOLCHAIN_GCC_ARM\libmbed.a(Stream.o)
                                  0x7 (size before relaxing)
 *fill*         0x000050d7        0x1 
 .rodata.str1.4
                0x000050d8       0x31 E:\CoIdeWork\GIT\TrapChecker\frdm_im920c_rcv_coide_kl25z\frdm_im920c_rcv/mbed/TARGET_KL25Z/TOOLCHAIN_GCC_ARM\libmbed.a(assert.o)
 *fill*         0x00005109        0x7 
 .rodata._ZTVN4mbed10TimerEventE
                0x00005110       0x14 E:\CoIdeWork\GIT\TrapChecker\frdm_im920c_rcv_coide_kl25z\frdm_im920c_rcv/mbed/TARGET_KL25Z/TOOLCHAIN_GCC_ARM\libmbed.a(TimerEvent.o)
                0x00005110                vtable for mbed::TimerEvent
 .rodata.str1.4
                0x00005124       0x85 E:\CoIdeWork\GIT\TrapChecker\frdm_im920c_rcv_coide_kl25z\frdm_im920c_rcv/mbed/TARGET_KL25Z/TOOLCHAIN_GCC_ARM\libmbed.a(gpio.o)
 .rodata.str1.4
                0x00005124       0x66 E:\CoIdeWork\GIT\TrapChecker\frdm_im920c_rcv_coide_kl25z\frdm_im920c_rcv/mbed/TARGET_KL25Z/TOOLCHAIN_GCC_ARM\libmbed.a(pinmap_common.o)
 *fill*         0x0000518a        0x2 
 .rodata.us_interface
                0x0000518c       0x14 E:\CoIdeWork\GIT\TrapChecker\frdm_im920c_rcv_coide_kl25z\frdm_im920c_rcv/mbed/TARGET_KL25Z/TOOLCHAIN_GCC_ARM\libmbed.a(us_ticker_api.o)
 .rodata.us_data
                0x000051a0        0x8 E:\CoIdeWork\GIT\TrapChecker\frdm_im920c_rcv_coide_kl25z\frdm_im920c_rcv/mbed/TARGET_KL25Z/TOOLCHAIN_GCC_ARM\libmbed.a(us_ticker_api.o)
 .rodata.PinMap_UART_RX
                0x000051a8       0x6c E:\CoIdeWork\GIT\TrapChecker\frdm_im920c_rcv_coide_kl25z\frdm_im920c_rcv/mbed/TARGET_KL25Z/TOOLCHAIN_GCC_ARM\libmbed.a(PeripheralPins.o)
                0x000051a8                PinMap_UART_RX
 .rodata.PinMap_UART_TX
                0x00005214       0x6c E:\CoIdeWork\GIT\TrapChecker\frdm_im920c_rcv_coide_kl25z\frdm_im920c_rcv/mbed/TARGET_KL25Z/TOOLCHAIN_GCC_ARM\libmbed.a(PeripheralPins.o)
                0x00005214                PinMap_UART_TX
 .rodata.search_bits
                0x00005280       0x14 E:\CoIdeWork\GIT\TrapChecker\frdm_im920c_rcv_coide_kl25z\frdm_im920c_rcv/mbed/TARGET_KL25Z/TOOLCHAIN_GCC_ARM\libmbed.a(gpio_irq_api.o)
                0x00005280                search_bits
 .rodata.str1.4
                0x00005294       0x28 E:\CoIdeWork\GIT\TrapChecker\frdm_im920c_rcv_coide_kl25z\frdm_im920c_rcv/mbed/TARGET_KL25Z/TOOLCHAIN_GCC_ARM\libmbed.a(gpio_irq_api.o)
 .rodata.str1.4
                0x000052bc       0x70 E:\CoIdeWork\GIT\TrapChecker\frdm_im920c_rcv_coide_kl25z\frdm_im920c_rcv/mbed/TARGET_KL25Z/TOOLCHAIN_GCC_ARM\libmbed.a(gpio_api.o)
                                 0x9c (size before relaxing)
 *fill*         0x0000532c        0x4 
 .rodata._ZTVN4mbed8FileBaseE
                0x00005330       0x10 E:\CoIdeWork\GIT\TrapChecker\frdm_im920c_rcv_coide_kl25z\frdm_im920c_rcv/mbed/TARGET_KL25Z/TOOLCHAIN_GCC_ARM\libmbed.a(FileBase.o)
                0x00005330                vtable for mbed::FileBase
 .rodata._ZTVN4mbed8FileLikeE
                0x00005340       0x3c E:\CoIdeWork\GIT\TrapChecker\frdm_im920c_rcv_coide_kl25z\frdm_im920c_rcv/mbed/TARGET_KL25Z/TOOLCHAIN_GCC_ARM\libmbed.a(FileLike.o)
                0x00005340                vtable for mbed::FileLike
 .rodata.__sf_fake_stdin
                0x0000537c       0x20 e:/programfiles_x86/gnu tools arm embedded/5.2 2015q4/bin/../lib/gcc/arm-none-eabi/5.2.1/../../../../arm-none-eabi/lib/armv6-m\libc_nano.a(lib_a-findfp.o)
                0x0000537c                __sf_fake_stdin
 .rodata.__sf_fake_stdout
                0x0000539c       0x20 e:/programfiles_x86/gnu tools arm embedded/5.2 2015q4/bin/../lib/gcc/arm-none-eabi/5.2.1/../../../../arm-none-eabi/lib/armv6-m\libc_nano.a(lib_a-findfp.o)
                0x0000539c                __sf_fake_stdout
 .rodata.__sf_fake_stderr
                0x000053bc       0x20 e:/programfiles_x86/gnu tools arm embedded/5.2 2015q4/bin/../lib/gcc/arm-none-eabi/5.2.1/../../../../arm-none-eabi/lib/armv6-m\libc_nano.a(lib_a-findfp.o)
                0x000053bc                __sf_fake_stderr
 .rodata.str1.1
                0x000053dc       0x9e e:/programfiles_x86/gnu tools arm embedded/5.2 2015q4/bin/../lib/gcc/arm-none-eabi/5.2.1/../../../../arm-none-eabi/lib/armv6-m\libc_nano.a(lib_a-impure.o)
                                  0x2 (size before relaxing)
 .rodata._global_impure_ptr
                0x000053dc        0x4 e:/programfiles_x86/gnu tools arm embedded/5.2 2015q4/bin/../lib/gcc/arm-none-eabi/5.2.1/../../../../arm-none-eabi/lib/armv6-m\libc_nano.a(lib_a-impure.o)
                0x000053dc                _global_impure_ptr
 .rodata.str1.1
                0x000053e0       0x11 e:/programfiles_x86/gnu tools arm embedded/5.2 2015q4/bin/../lib/gcc/arm-none-eabi/5.2.1/../../../../arm-none-eabi/lib/armv6-m\libc_nano.a(lib_a-nano-vfprintf.o)
 .rodata.str1.1
                0x000053f1       0x22 e:/programfiles_x86/gnu tools arm embedded/5.2 2015q4/bin/../lib/gcc/arm-none-eabi/5.2.1/../../../../arm-none-eabi/lib/armv6-m\libc_nano.a(lib_a-nano-vfprintf_i.o)
 *fill*         0x00005413        0x1 
 .rodata        0x00005414        0xc e:/programfiles_x86/gnu tools arm embedded/5.2 2015q4/bin/../lib/gcc/arm-none-eabi/5.2.1/../../../../arm-none-eabi/lib/armv6-m\libc_nano.a(lib_a-nano-vfscanf_i.o)
 .rodata.str1.1
                0x00005420       0x1b e:/programfiles_x86/gnu tools arm embedded/5.2 2015q4/bin/../lib/gcc/arm-none-eabi/5.2.1/../../../../arm-none-eabi/lib/armv6-m\libc_nano.a(lib_a-nano-vfscanf_i.o)
 .rodata._ctype_
                0x0000543b      0x101 e:/programfiles_x86/gnu tools arm embedded/5.2 2015q4/bin/../lib/gcc/arm-none-eabi/5.2.1/../../../../arm-none-eabi/lib/armv6-m\libc_nano.a(lib_a-ctype_.o)
                0x0000543b                _ctype_
 .rodata.str1.1
                0x0000553c       0x11 e:/programfiles_x86/gnu tools arm embedded/5.2 2015q4/bin/../lib/gcc/arm-none-eabi/5.2.1/../../../../arm-none-eabi/lib/armv6-m\libc_nano.a(lib_a-nano-svfprintf.o)
 .rodata.str1.1
                0x0000553c        0x4 e:/programfiles_x86/gnu tools arm embedded/5.2 2015q4/bin/../lib/gcc/arm-none-eabi/5.2.1/../../../../arm-none-eabi/lib/armv6-m\libc_nano.a(lib_a-nano-svfscanf.o)
 *(.eh_frame*)
 .eh_frame      0x0000553c        0x0 e:/programfiles_x86/gnu tools arm embedded/5.2 2015q4/bin/../lib/gcc/arm-none-eabi/5.2.1/armv6-m/crtbegin.o
 .eh_frame      0x0000553c        0x4 e:/programfiles_x86/gnu tools arm embedded/5.2 2015q4/bin/../lib/gcc/arm-none-eabi/5.2.1/armv6-m/crtend.o

.glue_7         0x00005540        0x0
 .glue_7        0x00005540        0x0 linker stubs

.glue_7t        0x00005540        0x0
 .glue_7t       0x00005540        0x0 linker stubs

.vfp11_veneer   0x00005540        0x0
 .vfp11_veneer  0x00005540        0x0 linker stubs

.v4_bx          0x00005540        0x0
 .v4_bx         0x00005540        0x0 linker stubs

.iplt           0x00005540        0x0
 .iplt          0x00005540        0x0 e:/programfiles_x86/gnu tools arm embedded/5.2 2015q4/bin/../lib/gcc/arm-none-eabi/5.2.1/armv6-m/crtbegin.o

.ARM.extab
 *(.ARM.extab* .gnu.linkonce.armextab.*)
                0x00005540                __exidx_start = .

.ARM.exidx      0x00005540        0x8
 *(.ARM.exidx* .gnu.linkonce.armexidx.*)
 .ARM.exidx     0x00005540        0x8 e:/programfiles_x86/gnu tools arm embedded/5.2 2015q4/bin/../lib/gcc/arm-none-eabi/5.2.1/../../../../arm-none-eabi/lib/armv6-m/crt0.o
                0x00005548                __exidx_end = .
                0x00005548                __etext = .

.rel.dyn        0x00005548        0x0
 .rel.iplt      0x00005548        0x0 e:/programfiles_x86/gnu tools arm embedded/5.2 2015q4/bin/../lib/gcc/arm-none-eabi/5.2.1/armv6-m/crtbegin.o

.data           0x1ffff0c0       0x84 load address 0x00005548
                0x1ffff0c0                __data_start__ = .
 *(vtable)
 *(.data*)
 .data          0x1ffff0c0        0x4 e:/programfiles_x86/gnu tools arm embedded/5.2 2015q4/bin/../lib/gcc/arm-none-eabi/5.2.1/armv6-m/crtbegin.o
                0x1ffff0c0                __dso_handle
 .data._ZZ5_sbrkE4heap
                0x1ffff0c4        0x4 E:\CoIdeWork\GIT\TrapChecker\frdm_im920c_rcv_coide_kl25z\frdm_im920c_rcv/mbed/TARGET_KL25Z/TOOLCHAIN_GCC_ARM/retarget.o
 .data.SystemCoreClock
                0x1ffff0c8        0x4 E:\CoIdeWork\GIT\TrapChecker\frdm_im920c_rcv_coide_kl25z\frdm_im920c_rcv/mbed/TARGET_KL25Z/TOOLCHAIN_GCC_ARM/system_MKL25Z4.o
                0x1ffff0c8                SystemCoreClock
 .data.is_debugger_attached
                0x1ffff0cc        0x4 E:\CoIdeWork\GIT\TrapChecker\frdm_im920c_rcv_coide_kl25z\frdm_im920c_rcv/mbed/TARGET_KL25Z/TOOLCHAIN_GCC_ARM\libmbed.a(semihost_api.o)
 .data.impure_data
                0x1ffff0d0       0x60 e:/programfiles_x86/gnu tools arm embedded/5.2 2015q4/bin/../lib/gcc/arm-none-eabi/5.2.1/../../../../arm-none-eabi/lib/armv6-m\libc_nano.a(lib_a-impure.o)
 .data._impure_ptr
                0x1ffff130        0x4 e:/programfiles_x86/gnu tools arm embedded/5.2 2015q4/bin/../lib/gcc/arm-none-eabi/5.2.1/../../../../arm-none-eabi/lib/armv6-m\libc_nano.a(lib_a-impure.o)
                0x1ffff130                _impure_ptr
 .data.__ctype_ptr__
                0x1ffff134        0x4 e:/programfiles_x86/gnu tools arm embedded/5.2 2015q4/bin/../lib/gcc/arm-none-eabi/5.2.1/../../../../arm-none-eabi/lib/armv6-m\libc_nano.a(lib_a-ctype_.o)
                0x1ffff134                __ctype_ptr__
                0x1ffff138                . = ALIGN (0x4)
                0x1ffff138                PROVIDE (__preinit_array_start, .)
 *(.preinit_array)
                0x1ffff138                PROVIDE (__preinit_array_end, .)
                0x1ffff138                . = ALIGN (0x4)
                0x1ffff138                PROVIDE (__init_array_start, .)
 *(SORT(.init_array.*))
 *(.init_array)
 .init_array    0x1ffff138        0x4 e:/programfiles_x86/gnu tools arm embedded/5.2 2015q4/bin/../lib/gcc/arm-none-eabi/5.2.1/armv6-m/crtbegin.o
 .init_array    0x1ffff13c        0x4 ..\obj\main.o
                0x1ffff140                PROVIDE (__init_array_end, .)
                0x1ffff140                . = ALIGN (0x4)
                [!provide]                PROVIDE (__fini_array_start, .)
 *(SORT(.fini_array.*))
 *(.fini_array)
 .fini_array    0x1ffff140        0x4 e:/programfiles_x86/gnu tools arm embedded/5.2 2015q4/bin/../lib/gcc/arm-none-eabi/5.2.1/armv6-m/crtbegin.o
                [!provide]                PROVIDE (__fini_array_end, .)
                0x1ffff144                . = ALIGN (0x4)
                0x1ffff144                __data_end__ = .

.jcr            0x1ffff144        0x0 load address 0x000055cc
 .jcr           0x1ffff144        0x0 e:/programfiles_x86/gnu tools arm embedded/5.2 2015q4/bin/../lib/gcc/arm-none-eabi/5.2.1/armv6-m/crtbegin.o

.tm_clone_table
                0x1ffff144        0x0 load address 0x000055cc
 .tm_clone_table
                0x1ffff144        0x0 e:/programfiles_x86/gnu tools arm embedded/5.2 2015q4/bin/../lib/gcc/arm-none-eabi/5.2.1/armv6-m/crtbegin.o
 .tm_clone_table
                0x1ffff144        0x0 e:/programfiles_x86/gnu tools arm embedded/5.2 2015q4/bin/../lib/gcc/arm-none-eabi/5.2.1/armv6-m/crtend.o

.igot.plt       0x1ffff144        0x0 load address 0x000055cc
 .igot.plt      0x1ffff144        0x0 e:/programfiles_x86/gnu tools arm embedded/5.2 2015q4/bin/../lib/gcc/arm-none-eabi/5.2.1/armv6-m/crtbegin.o

.bss            0x1ffff144      0x500 load address 0x000055cc
                0x1ffff144                __bss_start__ = .
 *(.bss*)
 .bss           0x1ffff144       0x1c e:/programfiles_x86/gnu tools arm embedded/5.2 2015q4/bin/../lib/gcc/arm-none-eabi/5.2.1/armv6-m/crtbegin.o
 .bss._ZL11filehandles
                0x1ffff160      0x100 E:\CoIdeWork\GIT\TrapChecker\frdm_im920c_rcv_coide_kl25z\frdm_im920c_rcv/mbed/TARGET_KL25Z/TOOLCHAIN_GCC_ARM/retarget.o
 .bss.sendComplete
                0x1ffff260        0x1 ..\obj\main.o
                0x1ffff260                sendComplete
 .bss.alert_number
                0x1ffff261        0x1 ..\obj\main.o
                0x1ffff261                alert_number
 .bss.sendBuff  0x1ffff262       0x32 ..\obj\main.o
                0x1ffff262                sendBuff
 .bss.sendSize  0x1ffff294        0x1 ..\obj\main.o
                0x1ffff294                sendSize
 *fill*         0x1ffff295        0x3 
 .bss.chatTimer
                0x1ffff298       0x30 ..\obj\main.o
                0x1ffff298                chatTimer
 .bss.pc        0x1ffff2c8       0x58 ..\obj\main.o
                0x1ffff2c8                pc
 .bss.receiveSize
                0x1ffff320        0x1 ..\obj\main.o
                0x1ffff320                receiveSize
 *fill*         0x1ffff321        0x3 
 .bss.sw_led2   0x1ffff324       0x18 ..\obj\main.o
                0x1ffff324                sw_led2
 .bss.sw2       0x1ffff33c       0x58 ..\obj\main.o
                0x1ffff33c                sw2
 .bss.intCnt    0x1ffff394        0x1 ..\obj\main.o
                0x1ffff394                intCnt
 *fill*         0x1ffff395        0x3 
 .bss.sw_led1   0x1ffff398       0x18 ..\obj\main.o
                0x1ffff398                sw_led1
 .bss.uart      0x1ffff3b0       0x58 ..\obj\main.o
                0x1ffff3b0                uart
 .bss.sBuffIndex
                0x1ffff408        0x1 ..\obj\main.o
                0x1ffff408                sBuffIndex
 *fill*         0x1ffff409        0x3 
 .bss.AlertTimer
                0x1ffff40c       0x30 ..\obj\main.o
                0x1ffff40c                AlertTimer
 .bss.buzzer_state
                0x1ffff43c        0x1 ..\obj\main.o
                0x1ffff43c                buzzer_state
 .bss.alert     0x1ffff43d        0x1 ..\obj\main.o
                0x1ffff43d                alert
 .bss.receiveBuff
                0x1ffff43e       0x32 ..\obj\main.o
                0x1ffff43e                receiveBuff
 .bss.receiveComplete
                0x1ffff470        0x1 ..\obj\main.o
                0x1ffff470                receiveComplete
 *fill*         0x1ffff471        0x3 
 .bss.myled     0x1ffff474       0x18 ..\obj\main.o
                0x1ffff474                myled
 .bss.buz       0x1ffff48c       0x18 ..\obj\main.o
                0x1ffff48c                buz
 .bss.rBuffIndex
                0x1ffff4a4        0x1 ..\obj\main.o
                0x1ffff4a4                rBuffIndex
 *fill*         0x1ffff4a5        0x3 
 .bss.sw1       0x1ffff4a8       0x58 ..\obj\main.o
                0x1ffff4a8                sw1
 .bss.stdio_uart_inited
                0x1ffff500        0x4 E:\CoIdeWork\GIT\TrapChecker\frdm_im920c_rcv_coide_kl25z\frdm_im920c_rcv/mbed/TARGET_KL25Z/TOOLCHAIN_GCC_ARM\libmbed.a(serial_api.o)
                0x1ffff500                stdio_uart_inited
 .bss.serial_irq_ids
                0x1ffff504        0xc E:\CoIdeWork\GIT\TrapChecker\frdm_im920c_rcv_coide_kl25z\frdm_im920c_rcv/mbed/TARGET_KL25Z/TOOLCHAIN_GCC_ARM\libmbed.a(serial_api.o)
 .bss.irq_handler
                0x1ffff510        0x4 E:\CoIdeWork\GIT\TrapChecker\frdm_im920c_rcv_coide_kl25z\frdm_im920c_rcv/mbed/TARGET_KL25Z/TOOLCHAIN_GCC_ARM\libmbed.a(serial_api.o)
 .bss.events    0x1ffff514        0x8 E:\CoIdeWork\GIT\TrapChecker\frdm_im920c_rcv_coide_kl25z\frdm_im920c_rcv/mbed/TARGET_KL25Z/TOOLCHAIN_GCC_ARM\libmbed.a(us_ticker_api.o)
 .bss.irq_handler
                0x1ffff51c        0x4 E:\CoIdeWork\GIT\TrapChecker\frdm_im920c_rcv_coide_kl25z\frdm_im920c_rcv/mbed/TARGET_KL25Z/TOOLCHAIN_GCC_ARM\libmbed.a(gpio_irq_api.o)
 .bss.channel_ids
                0x1ffff520      0x100 E:\CoIdeWork\GIT\TrapChecker\frdm_im920c_rcv_coide_kl25z\frdm_im920c_rcv/mbed/TARGET_KL25Z/TOOLCHAIN_GCC_ARM\libmbed.a(gpio_irq_api.o)
 .bss.us_ticker_int_counter
                0x1ffff620        0x4 E:\CoIdeWork\GIT\TrapChecker\frdm_im920c_rcv_coide_kl25z\frdm_im920c_rcv/mbed/TARGET_KL25Z/TOOLCHAIN_GCC_ARM\libmbed.a(us_ticker.o)
 .bss.us_ticker_inited
                0x1ffff624        0x4 E:\CoIdeWork\GIT\TrapChecker\frdm_im920c_rcv_coide_kl25z\frdm_im920c_rcv/mbed/TARGET_KL25Z/TOOLCHAIN_GCC_ARM\libmbed.a(us_ticker.o)
 .bss.us_ticker_int_remainder
                0x1ffff628        0x2 E:\CoIdeWork\GIT\TrapChecker\frdm_im920c_rcv_coide_kl25z\frdm_im920c_rcv/mbed/TARGET_KL25Z/TOOLCHAIN_GCC_ARM\libmbed.a(us_ticker.o)
 *fill*         0x1ffff62a        0x2 
 .bss._ZN4mbed8FileBase5_headE
                0x1ffff62c        0x4 E:\CoIdeWork\GIT\TrapChecker\frdm_im920c_rcv_coide_kl25z\frdm_im920c_rcv/mbed/TARGET_KL25Z/TOOLCHAIN_GCC_ARM\libmbed.a(FileBase.o)
                0x1ffff62c                mbed::FileBase::_head
 .bss.__malloc_sbrk_start
                0x1ffff630        0x4 e:/programfiles_x86/gnu tools arm embedded/5.2 2015q4/bin/../lib/gcc/arm-none-eabi/5.2.1/../../../../arm-none-eabi/lib/armv6-m\libc_nano.a(lib_a-nano-mallocr.o)
                0x1ffff630                __malloc_sbrk_start
 .bss.__malloc_free_list
                0x1ffff634        0x4 e:/programfiles_x86/gnu tools arm embedded/5.2 2015q4/bin/../lib/gcc/arm-none-eabi/5.2.1/../../../../arm-none-eabi/lib/armv6-m\libc_nano.a(lib_a-nano-mallocr.o)
                0x1ffff634                __malloc_free_list
 *(COMMON)
 COMMON         0x1ffff638        0x8 E:\CoIdeWork\GIT\TrapChecker\frdm_im920c_rcv_coide_kl25z\frdm_im920c_rcv/mbed/TARGET_KL25Z/TOOLCHAIN_GCC_ARM\libmbed.a(serial_api.o)
                0x1ffff638                stdio_uart
 COMMON         0x1ffff640        0x4 e:/programfiles_x86/gnu tools arm embedded/5.2 2015q4/bin/../lib/gcc/arm-none-eabi/5.2.1/../../../../arm-none-eabi/lib/armv6-m\libc_nano.a(lib_a-reent.o)
                0x1ffff640                errno
                0x1ffff644                __bss_end__ = .

.heap           0x1ffff648       0x80
                0x1ffff648                __end__ = .
                0x1ffff648                end = __end__
 *(.heap*)
 .heap          0x1ffff648       0x80 E:\CoIdeWork\GIT\TrapChecker\frdm_im920c_rcv_coide_kl25z\frdm_im920c_rcv/mbed/TARGET_KL25Z/TOOLCHAIN_GCC_ARM/startup_MKL25Z4.o
                0x1ffff648                __HeapBase
                0x1ffff6c8                __HeapLimit = .

.stack_dummy    0x1ffff648       0x80
 *(.stack)
 .stack         0x1ffff648       0x80 E:\CoIdeWork\GIT\TrapChecker\frdm_im920c_rcv_coide_kl25z\frdm_im920c_rcv/mbed/TARGET_KL25Z/TOOLCHAIN_GCC_ARM/startup_MKL25Z4.o
                0x20003000                __StackTop = (ORIGIN (RAM) + LENGTH (RAM))
                0x20002f80                __StackLimit = (__StackTop - SIZEOF (.stack_dummy))
                0x20003000                PROVIDE (__stack, __StackTop)
                0x00000001                ASSERT ((__StackLimit >= __HeapLimit), region RAM overflowed with stack)
LOAD ..\obj\main.o
LOAD E:\CoIdeWork\GIT\TrapChecker\frdm_im920c_rcv_coide_kl25z\frdm_im920c_rcv/mbed/TARGET_KL25Z/TOOLCHAIN_GCC_ARM\libmbed.a
LOAD e:/programfiles_x86/gnu tools arm embedded/5.2 2015q4/bin/../lib/gcc/arm-none-eabi/5.2.1/../../../../arm-none-eabi/lib/armv6-m\libstdc++_nano.a
LOAD e:/programfiles_x86/gnu tools arm embedded/5.2 2015q4/bin/../lib/gcc/arm-none-eabi/5.2.1/../../../../arm-none-eabi/lib/armv6-m\libsupc++_nano.a
LOAD e:/programfiles_x86/gnu tools arm embedded/5.2 2015q4/bin/../lib/gcc/arm-none-eabi/5.2.1/../../../../arm-none-eabi/lib/armv6-m\libm.a
LOAD e:/programfiles_x86/gnu tools arm embedded/5.2 2015q4/bin/../lib/gcc/arm-none-eabi/5.2.1/armv6-m\libgcc.a
LOAD e:/programfiles_x86/gnu tools arm embedded/5.2 2015q4/bin/../lib/gcc/arm-none-eabi/5.2.1/../../../../arm-none-eabi/lib/armv6-m\libc_nano.a
LOAD e:/programfiles_x86/gnu tools arm embedded/5.2 2015q4/bin/../lib/gcc/arm-none-eabi/5.2.1/../../../../arm-none-eabi/lib/armv6-m\libnosys.a
START GROUP
LOAD e:/programfiles_x86/gnu tools arm embedded/5.2 2015q4/bin/../lib/gcc/arm-none-eabi/5.2.1/armv6-m\libgcc.a
LOAD e:/programfiles_x86/gnu tools arm embedded/5.2 2015q4/bin/../lib/gcc/arm-none-eabi/5.2.1/../../../../arm-none-eabi/lib/armv6-m\libg_nano.a
LOAD e:/programfiles_x86/gnu tools arm embedded/5.2 2015q4/bin/../lib/gcc/arm-none-eabi/5.2.1/../../../../arm-none-eabi/lib/armv6-m\libc_nano.a
END GROUP
START GROUP
LOAD e:/programfiles_x86/gnu tools arm embedded/5.2 2015q4/bin/../lib/gcc/arm-none-eabi/5.2.1/armv6-m\libgcc.a
LOAD e:/programfiles_x86/gnu tools arm embedded/5.2 2015q4/bin/../lib/gcc/arm-none-eabi/5.2.1/../../../../arm-none-eabi/lib/armv6-m\libc_nano.a
END GROUP
LOAD e:/programfiles_x86/gnu tools arm embedded/5.2 2015q4/bin/../lib/gcc/arm-none-eabi/5.2.1/armv6-m/crtend.o
LOAD e:/programfiles_x86/gnu tools arm embedded/5.2 2015q4/bin/../lib/gcc/arm-none-eabi/5.2.1/armv6-m/crtn.o
OUTPUT(frdm_im920c_rcv.elf elf32-littlearm)

.ARM.attributes
                0x00000000       0x28
 .ARM.attributes
                0x00000000       0x1e e:/programfiles_x86/gnu tools arm embedded/5.2 2015q4/bin/../lib/gcc/arm-none-eabi/5.2.1/armv6-m/crti.o
 .ARM.attributes
                0x0000001e       0x2c e:/programfiles_x86/gnu tools arm embedded/5.2 2015q4/bin/../lib/gcc/arm-none-eabi/5.2.1/armv6-m/crtbegin.o
 .ARM.attributes
                0x0000004a       0x1b e:/programfiles_x86/gnu tools arm embedded/5.2 2015q4/bin/../lib/gcc/arm-none-eabi/5.2.1/../../../../arm-none-eabi/lib/armv6-m/crt0.o
 .ARM.attributes
                0x00000065       0x32 E:\CoIdeWork\GIT\TrapChecker\frdm_im920c_rcv_coide_kl25z\frdm_im920c_rcv/mbed/TARGET_KL25Z/TOOLCHAIN_GCC_ARM/board.o
 .ARM.attributes
                0x00000097       0x32 E:\CoIdeWork\GIT\TrapChecker\frdm_im920c_rcv_coide_kl25z\frdm_im920c_rcv/mbed/TARGET_KL25Z/TOOLCHAIN_GCC_ARM/cmsis_nvic.o
 .ARM.attributes
                0x000000c9       0x32 E:\CoIdeWork\GIT\TrapChecker\frdm_im920c_rcv_coide_kl25z\frdm_im920c_rcv/mbed/TARGET_KL25Z/TOOLCHAIN_GCC_ARM/mbed_overrides.o
 .ARM.attributes
                0x000000fb       0x32 E:\CoIdeWork\GIT\TrapChecker\frdm_im920c_rcv_coide_kl25z\frdm_im920c_rcv/mbed/TARGET_KL25Z/TOOLCHAIN_GCC_ARM/retarget.o
 .ARM.attributes
                0x0000012d       0x1b E:\CoIdeWork\GIT\TrapChecker\frdm_im920c_rcv_coide_kl25z\frdm_im920c_rcv/mbed/TARGET_KL25Z/TOOLCHAIN_GCC_ARM/startup_MKL25Z4.o
 .ARM.attributes
                0x00000148       0x32 E:\CoIdeWork\GIT\TrapChecker\frdm_im920c_rcv_coide_kl25z\frdm_im920c_rcv/mbed/TARGET_KL25Z/TOOLCHAIN_GCC_ARM/system_MKL25Z4.o
 .ARM.attributes
                0x0000017a       0x32 ..\obj\main.o
 .ARM.attributes
                0x000001ac       0x32 E:\CoIdeWork\GIT\TrapChecker\frdm_im920c_rcv_coide_kl25z\frdm_im920c_rcv/mbed/TARGET_KL25Z/TOOLCHAIN_GCC_ARM\libmbed.a(serial_api.o)
 .ARM.attributes
                0x000001de       0x32 E:\CoIdeWork\GIT\TrapChecker\frdm_im920c_rcv_coide_kl25z\frdm_im920c_rcv/mbed/TARGET_KL25Z/TOOLCHAIN_GCC_ARM\libmbed.a(pinmap.o)
 .ARM.attributes
                0x00000210       0x32 E:\CoIdeWork\GIT\TrapChecker\frdm_im920c_rcv_coide_kl25z\frdm_im920c_rcv/mbed/TARGET_KL25Z/TOOLCHAIN_GCC_ARM\libmbed.a(sleep.o)
 .ARM.attributes
                0x00000242       0x32 E:\CoIdeWork\GIT\TrapChecker\frdm_im920c_rcv_coide_kl25z\frdm_im920c_rcv/mbed/TARGET_KL25Z/TOOLCHAIN_GCC_ARM\libmbed.a(FilePath.o)
 .ARM.attributes
                0x00000274       0x32 E:\CoIdeWork\GIT\TrapChecker\frdm_im920c_rcv_coide_kl25z\frdm_im920c_rcv/mbed/TARGET_KL25Z/TOOLCHAIN_GCC_ARM\libmbed.a(InterruptIn.o)
 .ARM.attributes
                0x000002a6       0x32 E:\CoIdeWork\GIT\TrapChecker\frdm_im920c_rcv_coide_kl25z\frdm_im920c_rcv/mbed/TARGET_KL25Z/TOOLCHAIN_GCC_ARM\libmbed.a(Serial.o)
 .ARM.attributes
                0x000002d8       0x32 E:\CoIdeWork\GIT\TrapChecker\frdm_im920c_rcv_coide_kl25z\frdm_im920c_rcv/mbed/TARGET_KL25Z/TOOLCHAIN_GCC_ARM\libmbed.a(SerialBase.o)
 .ARM.attributes
                0x0000030a       0x32 E:\CoIdeWork\GIT\TrapChecker\frdm_im920c_rcv_coide_kl25z\frdm_im920c_rcv/mbed/TARGET_KL25Z/TOOLCHAIN_GCC_ARM\libmbed.a(Ticker.o)
 .ARM.attributes
                0x0000033c       0x32 E:\CoIdeWork\GIT\TrapChecker\frdm_im920c_rcv_coide_kl25z\frdm_im920c_rcv/mbed/TARGET_KL25Z/TOOLCHAIN_GCC_ARM\libmbed.a(Stream.o)
 .ARM.attributes
                0x0000036e       0x32 E:\CoIdeWork\GIT\TrapChecker\frdm_im920c_rcv_coide_kl25z\frdm_im920c_rcv/mbed/TARGET_KL25Z/TOOLCHAIN_GCC_ARM\libmbed.a(assert.o)
 .ARM.attributes
                0x000003a0       0x32 E:\CoIdeWork\GIT\TrapChecker\frdm_im920c_rcv_coide_kl25z\frdm_im920c_rcv/mbed/TARGET_KL25Z/TOOLCHAIN_GCC_ARM\libmbed.a(TimerEvent.o)
 .ARM.attributes
                0x000003d2       0x32 E:\CoIdeWork\GIT\TrapChecker\frdm_im920c_rcv_coide_kl25z\frdm_im920c_rcv/mbed/TARGET_KL25Z/TOOLCHAIN_GCC_ARM\libmbed.a(error.o)
 .ARM.attributes
                0x00000404       0x32 E:\CoIdeWork\GIT\TrapChecker\frdm_im920c_rcv_coide_kl25z\frdm_im920c_rcv/mbed/TARGET_KL25Z/TOOLCHAIN_GCC_ARM\libmbed.a(gpio.o)
 .ARM.attributes
                0x00000436       0x32 E:\CoIdeWork\GIT\TrapChecker\frdm_im920c_rcv_coide_kl25z\frdm_im920c_rcv/mbed/TARGET_KL25Z/TOOLCHAIN_GCC_ARM\libmbed.a(mbed_interface.o)
 .ARM.attributes
                0x00000468       0x32 E:\CoIdeWork\GIT\TrapChecker\frdm_im920c_rcv_coide_kl25z\frdm_im920c_rcv/mbed/TARGET_KL25Z/TOOLCHAIN_GCC_ARM\libmbed.a(pinmap_common.o)
 .ARM.attributes
                0x0000049a       0x32 E:\CoIdeWork\GIT\TrapChecker\frdm_im920c_rcv_coide_kl25z\frdm_im920c_rcv/mbed/TARGET_KL25Z/TOOLCHAIN_GCC_ARM\libmbed.a(semihost_api.o)
 .ARM.attributes
                0x000004cc       0x32 E:\CoIdeWork\GIT\TrapChecker\frdm_im920c_rcv_coide_kl25z\frdm_im920c_rcv/mbed/TARGET_KL25Z/TOOLCHAIN_GCC_ARM\libmbed.a(ticker_api.o)
 .ARM.attributes
                0x000004fe       0x32 E:\CoIdeWork\GIT\TrapChecker\frdm_im920c_rcv_coide_kl25z\frdm_im920c_rcv/mbed/TARGET_KL25Z/TOOLCHAIN_GCC_ARM\libmbed.a(us_ticker_api.o)
 .ARM.attributes
                0x00000530       0x32 E:\CoIdeWork\GIT\TrapChecker\frdm_im920c_rcv_coide_kl25z\frdm_im920c_rcv/mbed/TARGET_KL25Z/TOOLCHAIN_GCC_ARM\libmbed.a(wait_api.o)
 .ARM.attributes
                0x00000562       0x32 E:\CoIdeWork\GIT\TrapChecker\frdm_im920c_rcv_coide_kl25z\frdm_im920c_rcv/mbed/TARGET_KL25Z/TOOLCHAIN_GCC_ARM\libmbed.a(PeripheralPins.o)
 .ARM.attributes
                0x00000594       0x32 E:\CoIdeWork\GIT\TrapChecker\frdm_im920c_rcv_coide_kl25z\frdm_im920c_rcv/mbed/TARGET_KL25Z/TOOLCHAIN_GCC_ARM\libmbed.a(gpio_irq_api.o)
 .ARM.attributes
                0x000005c6       0x32 E:\CoIdeWork\GIT\TrapChecker\frdm_im920c_rcv_coide_kl25z\frdm_im920c_rcv/mbed/TARGET_KL25Z/TOOLCHAIN_GCC_ARM\libmbed.a(gpio_api.o)
 .ARM.attributes
                0x000005f8       0x32 E:\CoIdeWork\GIT\TrapChecker\frdm_im920c_rcv_coide_kl25z\frdm_im920c_rcv/mbed/TARGET_KL25Z/TOOLCHAIN_GCC_ARM\libmbed.a(us_ticker.o)
 .ARM.attributes
                0x0000062a       0x32 E:\CoIdeWork\GIT\TrapChecker\frdm_im920c_rcv_coide_kl25z\frdm_im920c_rcv/mbed/TARGET_KL25Z/TOOLCHAIN_GCC_ARM\libmbed.a(FileBase.o)
 .ARM.attributes