Archive member included to satisfy reference by file (symbol)

E:\CoIdeWork\GIT\TrapChecker\frdm_im920c_snd_coide_kl25z\frdm_im920c_snd/mbed/TARGET_KL25Z/TOOLCHAIN_GCC_ARM\libmbed.a(serial_api.o)
                              E:\CoIdeWork\GIT\TrapChecker\frdm_im920c_snd_coide_kl25z\frdm_im920c_snd/mbed/TARGET_KL25Z/TOOLCHAIN_GCC_ARM/retarget.o (serial_init)
E:\CoIdeWork\GIT\TrapChecker\frdm_im920c_snd_coide_kl25z\frdm_im920c_snd/mbed/TARGET_KL25Z/TOOLCHAIN_GCC_ARM\libmbed.a(pinmap.o)
                              E:\CoIdeWork\GIT\TrapChecker\frdm_im920c_snd_coide_kl25z\frdm_im920c_snd/mbed/TARGET_KL25Z/TOOLCHAIN_GCC_ARM\libmbed.a(serial_api.o) (pin_mode)
E:\CoIdeWork\GIT\TrapChecker\frdm_im920c_snd_coide_kl25z\frdm_im920c_snd/mbed/TARGET_KL25Z/TOOLCHAIN_GCC_ARM\libmbed.a(sleep.o)
                              ..\obj\main.o (sleep)
E:\CoIdeWork\GIT\TrapChecker\frdm_im920c_snd_coide_kl25z\frdm_im920c_snd/mbed/TARGET_KL25Z/TOOLCHAIN_GCC_ARM\libmbed.a(FilePath.o)
                              E:\CoIdeWork\GIT\TrapChecker\frdm_im920c_snd_coide_kl25z\frdm_im920c_snd/mbed/TARGET_KL25Z/TOOLCHAIN_GCC_ARM/retarget.o (mbed::FilePath::FilePath(char const*))
E:\CoIdeWork\GIT\TrapChecker\frdm_im920c_snd_coide_kl25z\frdm_im920c_snd/mbed/TARGET_KL25Z/TOOLCHAIN_GCC_ARM\libmbed.a(FileSystemLike.o)
                              E:\CoIdeWork\GIT\TrapChecker\frdm_im920c_snd_coide_kl25z\frdm_im920c_snd/mbed/TARGET_KL25Z/TOOLCHAIN_GCC_ARM/retarget.o (mbed::FileSystemLike::opendir())
E:\CoIdeWork\GIT\TrapChecker\frdm_im920c_snd_coide_kl25z\frdm_im920c_snd/mbed/TARGET_KL25Z/TOOLCHAIN_GCC_ARM\libmbed.a(InterruptIn.o)
                              ..\obj\main.o (mbed::InterruptIn::~InterruptIn())
E:\CoIdeWork\GIT\TrapChecker\frdm_im920c_snd_coide_kl25z\frdm_im920c_snd/mbed/TARGET_KL25Z/TOOLCHAIN_GCC_ARM\libmbed.a(Serial.o)
                              ..\obj\main.o (mbed::Serial::Serial(PinName, PinName, char const*))
E:\CoIdeWork\GIT\TrapChecker\frdm_im920c_snd_coide_kl25z\frdm_im920c_snd/mbed/TARGET_KL25Z/TOOLCHAIN_GCC_ARM\libmbed.a(SerialBase.o)
                              E:\CoIdeWork\GIT\TrapChecker\frdm_im920c_snd_coide_kl25z\frdm_im920c_snd/mbed/TARGET_KL25Z/TOOLCHAIN_GCC_ARM\libmbed.a(Serial.o) (mbed::SerialBase::SerialBase(PinName, PinName))
E:\CoIdeWork\GIT\TrapChecker\frdm_im920c_snd_coide_kl25z\frdm_im920c_snd/mbed/TARGET_KL25Z/TOOLCHAIN_GCC_ARM\libmbed.a(Timeout.o)
                              ..\obj\main.o (vtable for mbed::Timeout)
E:\CoIdeWork\GIT\TrapChecker\frdm_im920c_snd_coide_kl25z\frdm_im920c_snd/mbed/TARGET_KL25Z/TOOLCHAIN_GCC_ARM\libmbed.a(Ticker.o)
                              ..\obj\main.o (mbed::Ticker::detach())
E:\CoIdeWork\GIT\TrapChecker\frdm_im920c_snd_coide_kl25z\frdm_im920c_snd/mbed/TARGET_KL25Z/TOOLCHAIN_GCC_ARM\libmbed.a(Stream.o)
                              E:\CoIdeWork\GIT\TrapChecker\frdm_im920c_snd_coide_kl25z\frdm_im920c_snd/mbed/TARGET_KL25Z/TOOLCHAIN_GCC_ARM\libmbed.a(Serial.o) (mbed::Stream::close())
E:\CoIdeWork\GIT\TrapChecker\frdm_im920c_snd_coide_kl25z\frdm_im920c_snd/mbed/TARGET_KL25Z/TOOLCHAIN_GCC_ARM\libmbed.a(assert.o)
                              E:\CoIdeWork\GIT\TrapChecker\frdm_im920c_snd_coide_kl25z\frdm_im920c_snd/mbed/TARGET_KL25Z/TOOLCHAIN_GCC_ARM/board.o (mbed_assert_internal)
E:\CoIdeWork\GIT\TrapChecker\frdm_im920c_snd_coide_kl25z\frdm_im920c_snd/mbed/TARGET_KL25Z/TOOLCHAIN_GCC_ARM\libmbed.a(TimerEvent.o)
                              ..\obj\main.o (mbed::TimerEvent::TimerEvent())
E:\CoIdeWork\GIT\TrapChecker\frdm_im920c_snd_coide_kl25z\frdm_im920c_snd/mbed/TARGET_KL25Z/TOOLCHAIN_GCC_ARM\libmbed.a(error.o)
                              E:\CoIdeWork\GIT\TrapChecker\frdm_im920c_snd_coide_kl25z\frdm_im920c_snd/mbed/TARGET_KL25Z/TOOLCHAIN_GCC_ARM/retarget.o (error)
E:\CoIdeWork\GIT\TrapChecker\frdm_im920c_snd_coide_kl25z\frdm_im920c_snd/mbed/TARGET_KL25Z/TOOLCHAIN_GCC_ARM\libmbed.a(gpio.o)
                              E:\CoIdeWork\GIT\TrapChecker\frdm_im920c_snd_coide_kl25z\frdm_im920c_snd/mbed/TARGET_KL25Z/TOOLCHAIN_GCC_ARM/mbed_overrides.o (gpio_init_in)
E:\CoIdeWork\GIT\TrapChecker\frdm_im920c_snd_coide_kl25z\frdm_im920c_snd/mbed/TARGET_KL25Z/TOOLCHAIN_GCC_ARM\libmbed.a(mbed_interface.o)
                              E:\CoIdeWork\GIT\TrapChecker\frdm_im920c_snd_coide_kl25z\frdm_im920c_snd/mbed/TARGET_KL25Z/TOOLCHAIN_GCC_ARM/retarget.o (mbed_interface_connected)
E:\CoIdeWork\GIT\TrapChecker\frdm_im920c_snd_coide_kl25z\frdm_im920c_snd/mbed/TARGET_KL25Z/TOOLCHAIN_GCC_ARM\libmbed.a(pinmap_common.o)
                              E:\CoIdeWork\GIT\TrapChecker\frdm_im920c_snd_coide_kl25z\frdm_im920c_snd/mbed/TARGET_KL25Z/TOOLCHAIN_GCC_ARM\libmbed.a(serial_api.o) (pinmap_pinout)
E:\CoIdeWork\GIT\TrapChecker\frdm_im920c_snd_coide_kl25z\frdm_im920c_snd/mbed/TARGET_KL25Z/TOOLCHAIN_GCC_ARM\libmbed.a(semihost_api.o)
[...]
Memory Configuration

Name             Origin             Length             Attributes
VECTORS          0x00000000         0x00000400         xr
FLASH_PROTECTION 0x00000400         0x00000010         xr
FLASH            0x00000410         0x0001fbf0         xr
RAM              0x1ffff0c0         0x00003f40         xrw
*default*        0x00000000         0xffffffff

Linker script and memory map

LOAD e:/programfiles_x86/gnu tools arm embedded/5.2 2015q4/bin/../lib/gcc/arm-none-eabi/5.2.1/armv6-m/crti.o
LOAD e:/programfiles_x86/gnu tools arm embedded/5.2 2015q4/bin/../lib/gcc/arm-none-eabi/5.2.1/armv6-m/crtbegin.o
LOAD e:/programfiles_x86/gnu tools arm embedded/5.2 2015q4/bin/../lib/gcc/arm-none-eabi/5.2.1/../../../../arm-none-eabi/lib/armv6-m/crt0.o
LOAD E:\CoIdeWork\GIT\TrapChecker\frdm_im920c_snd_coide_kl25z\frdm_im920c_snd/mbed/TARGET_KL25Z/TOOLCHAIN_GCC_ARM/board.o
LOAD E:\CoIdeWork\GIT\TrapChecker\frdm_im920c_snd_coide_kl25z\frdm_im920c_snd/mbed/TARGET_KL25Z/TOOLCHAIN_GCC_ARM/cmsis_nvic.o
LOAD E:\CoIdeWork\GIT\TrapChecker\frdm_im920c_snd_coide_kl25z\frdm_im920c_snd/mbed/TARGET_KL25Z/TOOLCHAIN_GCC_ARM/mbed_overrides.o
LOAD E:\CoIdeWork\GIT\TrapChecker\frdm_im920c_snd_coide_kl25z\frdm_im920c_snd/mbed/TARGET_KL25Z/TOOLCHAIN_GCC_ARM/retarget.o
LOAD E:\CoIdeWork\GIT\TrapChecker\frdm_im920c_snd_coide_kl25z\frdm_im920c_snd/mbed/TARGET_KL25Z/TOOLCHAIN_GCC_ARM/startup_MKL25Z4.o
LOAD E:\CoIdeWork\GIT\TrapChecker\frdm_im920c_snd_coide_kl25z\frdm_im920c_snd/mbed/TARGET_KL25Z/TOOLCHAIN_GCC_ARM/system_MKL25Z4.o

.isr_vector     0x00000000       0xf4
                0x00000000                __vector_table = .
 *(.vector_table)
 .vector_table  0x00000000       0xc0 E:\CoIdeWork\GIT\TrapChecker\frdm_im920c_snd_coide_kl25z\frdm_im920c_snd/mbed/TARGET_KL25Z/TOOLCHAIN_GCC_ARM/startup_MKL25Z4.o
                0x00000000                __isr_vector
 *(.text.Reset_Handler)
 .text.Reset_Handler
                0x000000c0       0x34 E:\CoIdeWork\GIT\TrapChecker\frdm_im920c_snd_coide_kl25z\frdm_im920c_snd/mbed/TARGET_KL25Z/TOOLCHAIN_GCC_ARM/startup_MKL25Z4.o
                0x000000c0                Reset_Handler
 *(.text.System_Init)
                0x000000f4                . = ALIGN (0x4)

.flash_protect  0x00000400       0x10
 *(.kinetis_flash_config_field)
 .kinetis_flash_config_field
                0x00000400       0x10 E:\CoIdeWork\GIT\TrapChecker\frdm_im920c_snd_coide_kl25z\frdm_im920c_snd/mbed/TARGET_KL25Z/TOOLCHAIN_GCC_ARM/startup_MKL25Z4.o
                0x00000410                . = ALIGN (0x4)

.text           0x00000410     0x50e8
 *(.text*)
 .text          0x00000410       0xb4 e:/programfiles_x86/gnu tools arm embedded/5.2 2015q4/bin/../lib/gcc/arm-none-eabi/5.2.1/armv6-m/crtbegin.o
 .text          0x000004c4       0x78 e:/programfiles_x86/gnu tools arm embedded/5.2 2015q4/bin/../lib/gcc/arm-none-eabi/5.2.1/../../../../arm-none-eabi/lib/armv6-m/crt0.o
                0x000004c4                _start
                0x000004c4                _mainCRTStartup
 .text.mbed_die
                0x0000053c       0x68 E:\CoIdeWork\GIT\TrapChecker\frdm_im920c_snd_coide_kl25z\frdm_im920c_snd/mbed/TARGET_KL25Z/TOOLCHAIN_GCC_ARM/board.o
                0x0000053c                mbed_die
 .text.NVIC_SetVector
                0x000005a4       0x34 E:\CoIdeWork\GIT\TrapChecker\frdm_im920c_snd_coide_kl25z\frdm_im920c_snd/mbed/TARGET_KL25Z/TOOLCHAIN_GCC_ARM/cmsis_nvic.o
                0x000005a4                NVIC_SetVector
 .text.NMI_Handler
                0x000005d8       0x10 E:\CoIdeWork\GIT\TrapChecker\frdm_im920c_snd_coide_kl25z\frdm_im920c_snd/mbed/TARGET_KL25Z/TOOLCHAIN_GCC_ARM/mbed_overrides.o
                0x000005d8                NMI_Handler
 .text._ZN4mbed10FileHandle4flenEv
                0x000005e8       0x34 E:\CoIdeWork\GIT\TrapChecker\frdm_im920c_snd_coide_kl25z\frdm_im920c_snd/mbed/TARGET_KL25Z/TOOLCHAIN_GCC_ARM/retarget.o
                0x000005e8                mbed::FileHandle::flen()
 .text._ZL11init_serialv.part.0
                0x0000061c       0x14 E:\CoIdeWork\GIT\TrapChecker\frdm_im920c_snd_coide_kl25z\frdm_im920c_snd/mbed/TARGET_KL25Z/TOOLCHAIN_GCC_ARM/retarget.o
 .text._ZN4mbed10FileHandleD2Ev
                0x00000630       0x30 E:\CoIdeWork\GIT\TrapChecker\frdm_im920c_snd_coide_kl25z\frdm_im920c_snd/mbed/TARGET_KL25Z/TOOLCHAIN_GCC_ARM/retarget.o
                0x00000630                mbed::FileHandle::~FileHandle()
                0x00000630                mbed::FileHandle::~FileHandle()
 .text._open    0x00000660       0xf8 E:\CoIdeWork\GIT\TrapChecker\frdm_im920c_snd_coide_kl25z\frdm_im920c_snd/mbed/TARGET_KL25Z/TOOLCHAIN_GCC_ARM/retarget.o
                0x00000660                _open
 .text._close   0x00000758       0x2c E:\CoIdeWork\GIT\TrapChecker\frdm_im920c_snd_coide_kl25z\frdm_im920c_snd/mbed/TARGET_KL25Z/TOOLCHAIN_GCC_ARM/retarget.o
                0x00000758                _close
 .text._write   0x00000784       0x58 E:\CoIdeWork\GIT\TrapChecker\frdm_im920c_snd_coide_kl25z\frdm_im920c_snd/mbed/TARGET_KL25Z/TOOLCHAIN_GCC_ARM/retarget.o
                0x00000784                _write
 .text._read    0x000007dc       0x48 E:\CoIdeWork\GIT\TrapChecker\frdm_im920c_snd_coide_kl25z\frdm_im920c_snd/mbed/TARGET_KL25Z/TOOLCHAIN_GCC_ARM/retarget.o
                0x000007dc                _read
 .text._isatty  0x00000824       0x28 E:\CoIdeWork\GIT\TrapChecker\frdm_im920c_snd_coide_kl25z\frdm_im920c_snd/mbed/TARGET_KL25Z/TOOLCHAIN_GCC_ARM/retarget.o
                0x00000824                _isatty
 .text._lseek   0x0000084c       0x28 E:\CoIdeWork\GIT\TrapChecker\frdm_im920c_snd_coide_kl25z\frdm_im920c_snd/mbed/TARGET_KL25Z/TOOLCHAIN_GCC_ARM/retarget.o
                0x0000084c                _lseek
 .text._fstat   0x00000874       0x20 E:\CoIdeWork\GIT\TrapChecker\frdm_im920c_snd_coide_kl25z\frdm_im920c_snd/mbed/TARGET_KL25Z/TOOLCHAIN_GCC_ARM/retarget.o
                0x00000874                _fstat
 .text.__cxa_pure_virtual
                0x00000894        0x8 E:\CoIdeWork\GIT\TrapChecker\frdm_im920c_snd_coide_kl25z\frdm_im920c_snd/mbed/TARGET_KL25Z/TOOLCHAIN_GCC_ARM/retarget.o
                0x00000894                __cxa_pure_virtual
 .text._sbrk    0x0000089c       0x28 E:\CoIdeWork\GIT\TrapChecker\frdm_im920c_snd_coide_kl25z\frdm_im920c_snd/mbed/TARGET_KL25Z/TOOLCHAIN_GCC_ARM/retarget.o
                0x0000089c                _sbrk
 .text._exit    0x000008c4       0x34 E:\CoIdeWork\GIT\TrapChecker\frdm_im920c_snd_coide_kl25z\frdm_im920c_snd/mbed/TARGET_KL25Z/TOOLCHAIN_GCC_ARM/retarget.o
                0x000008c4                _exit
 .text._ZN4mbed26mbed_set_unbuffered_streamEP7__sFILE
                0x000008f8        0xc E:\CoIdeWork\GIT\TrapChecker\frdm_im920c_snd_coide_kl25z\frdm_im920c_snd/mbed/TARGET_KL25Z/TOOLCHAIN_GCC_ARM/retarget.o
                0x000008f8                mbed::mbed_set_unbuffered_stream(__sFILE*)
 .text._ZN4mbed9mbed_getcEP7__sFILE
                0x00000904        0x8 E:\CoIdeWork\GIT\TrapChecker\frdm_im920c_snd_coide_kl25z\frdm_im920c_snd/mbed/TARGET_KL25Z/TOOLCHAIN_GCC_ARM/retarget.o
                0x00000904                mbed::mbed_getc(__sFILE*)
 .text          0x0000090c        0xc E:\CoIdeWork\GIT\TrapChecker\frdm_im920c_snd_coide_kl25z\frdm_im920c_snd/mbed/TARGET_KL25Z/TOOLCHAIN_GCC_ARM/startup_MKL25Z4.o
                0x0000090e                HardFault_Handler
                0x00000910                SVC_Handler
                0x00000912                PendSV_Handler
                0x00000914                SysTick_Handler
                0x00000916                I2C1_IRQHandler
                0x00000916                UART1_IRQHandler
                0x00000916                DMA2_IRQHandler
                0x00000916                TPM0_IRQHandler
                0x00000916                TSI0_IRQHandler
                0x00000916                UART0_IRQHandler
                0x00000916                ADC0_IRQHandler
                0x00000916                SPI1_IRQHandler
                0x00000916                PORTD_IRQHandler
                0x00000916                TPM2_IRQHandler
                0x00000916                LPTimer_IRQHandler
                0x00000916                RTC_IRQHandler
                0x00000916                RTC_Seconds_IRQHandler
                0x00000916                MCG_IRQHandler
                0x00000916                UART2_IRQHandler
                0x00000916                Default_Handler
                0x00000916                USB0_IRQHandler
                0x00000916                LLW_IRQHandler
                0x00000916                PIT_IRQHandler
                0x00000916                I2C0_IRQHandler
                0x00000916                DMA3_IRQHandler
                0x00000916                DMA0_IRQHandler
                0x00000916                DAC0_IRQHandler
                0x00000916                DEF_IRQHandler
                0x00000916                TPM1_IRQHandler
                0x00000916                LVD_LVW_IRQHandler
                0x00000916                SPI0_IRQHandler
                0x00000916                PORTA_IRQHandler
                0x00000916                FTFA_IRQHandler
                0x00000916                CMP0_IRQHandler
                0x00000916                DMA1_IRQHandler
 .text.SystemInit
                0x00000918       0xb0 E:\CoIdeWork\GIT\TrapChecker\frdm_im920c_snd_coide_kl25z\frdm_im920c_snd/mbed/TARGET_KL25Z/TOOLCHAIN_GCC_ARM/system_MKL25Z4.o
                0x00000918                SystemInit
 .text._ZN4mbed10SerialBaseD2Ev
                0x000009c8        0x2 ..\obj\main.o
                0x000009c8                mbed::SerialBase::~SerialBase()
                0x000009c8                mbed::SerialBase::~SerialBase()
 *fill*         0x000009ca        0x2 
 .text._Z8AutoSendv
                0x000009cc       0xdc ..\obj\main.o
                0x000009cc                AutoSend()
 .text._Z4flipv
                0x00000aa8       0x44 ..\obj\main.o
                0x00000aa8                flip()
 .text._Z6uartCBv
                0x00000aec       0x48 ..\obj\main.o
                0x00000aec                uartCB()
 .text._Z4pcCBv
                0x00000b34       0x58 ..\obj\main.o
                0x00000b34                pcCB()
 .text._ZN4mbed10SerialBaseD0Ev
                0x00000b8c        0xc ..\obj\main.o
                0x00000b8c                mbed::SerialBase::~SerialBase()
 .text._ZN4mbed6TickerD2Ev
                0x00000b98       0x1c ..\obj\main.o
                0x00000b98                mbed::Ticker::~Ticker()
                0x00000b98                mbed::Ticker::~Ticker()
 .text._ZN4mbed7TimeoutD2Ev
                0x00000bb4       0x14 ..\obj\main.o
                0x00000bb4                mbed::Timeout::~Timeout()
                0x00000bb4                mbed::Timeout::~Timeout()
 .text._ZN4mbed6SerialD2Ev
                0x00000bc8       0x48 ..\obj\main.o
                0x00000bc8                mbed::Serial::~Serial()
                0x00000bc8                mbed::Serial::~Serial()
                0x00000bf0                non-virtual thunk to mbed::Serial::~Serial()
                0x00000c00                non-virtual thunk to mbed::Serial::~Serial()
 .text._Z16periodicCallbackv
                0x00000c10      0x120 ..\obj\main.o
                0x00000c10                periodicCallback()
 .text._ZN4mbed6TickerD0Ev
                0x00000d30       0x12 ..\obj\main.o
                0x00000d30                mbed::Ticker::~Ticker()
 *fill*         0x00000d42        0x2 
 .text.startup.main
                0x00000d44      0x2d4 ..\obj\main.o
                0x00000d44                main
 .text._ZN4mbed6SerialD0Ev
                0x00001018       0x34 ..\obj\main.o
                0x00001018                mbed::Serial::~Serial()
                0x0000102a                non-virtual thunk to mbed::Serial::~Serial()
                0x0000103c                non-virtual thunk to mbed::Serial::~Serial()
 .text._ZN4mbed7TimeoutD0Ev
                0x0000104c       0x12 ..\obj\main.o
                0x0000104c                mbed::Timeout::~Timeout()
 *fill*         0x0000105e        0x2 
 .text.startup._GLOBAL__sub_I_myled
                0x00001060       0xf0 ..\obj\main.o
 .text.mcgpllfll_frequency.part.0
                0x00001150       0x4c E:\CoIdeWork\GIT\TrapChecker\frdm_im920c_snd_coide_kl25z\frdm_im920c_snd/mbed/TARGET_KL25Z/TOOLCHAIN_GCC_ARM\libmbed.a(serial_api.o)
 .text.uart0_irq
                0x0000119c       0x50 E:\CoIdeWork\GIT\TrapChecker\frdm_im920c_snd_coide_kl25z\frdm_im920c_snd/mbed/TARGET_KL25Z/TOOLCHAIN_GCC_ARM\libmbed.a(serial_api.o)
                0x0000119c                uart0_irq
 .text.uart2_irq
                0x000011ec       0x40 E:\CoIdeWork\GIT\TrapChecker\frdm_im920c_snd_coide_kl25z\frdm_im920c_snd/mbed/TARGET_KL25Z/TOOLCHAIN_GCC_ARM\libmbed.a(serial_api.o)
                0x000011ec                uart2_irq
 .text.uart1_irq
                0x0000122c       0x40 E:\CoIdeWork\GIT\TrapChecker\frdm_im920c_snd_coide_kl25z\frdm_im920c_snd/mbed/TARGET_KL25Z/TOOLCHAIN_GCC_ARM\libmbed.a(serial_api.o)
                0x0000122c                uart1_irq
 .text.serial_baud
                0x0000126c      0x16c E:\CoIdeWork\GIT\TrapChecker\frdm_im920c_snd_coide_kl25z\frdm_im920c_snd/mbed/TARGET_KL25Z/TOOLCHAIN_GCC_ARM\libmbed.a(serial_api.o)
                0x0000126c                serial_baud
 .text.serial_format
                0x000013d8       0x94 E:\CoIdeWork\GIT\TrapChecker\frdm_im920c_snd_coide_kl25z\frdm_im920c_snd/mbed/TARGET_KL25Z/TOOLCHAIN_GCC_ARM\libmbed.a(serial_api.o)
                0x000013d8                serial_format
 .text.serial_init
                0x0000146c      0x1d0 E:\CoIdeWork\GIT\TrapChecker\frdm_im920c_snd_coide_kl25z\frdm_im920c_snd/mbed/TARGET_KL25Z/TOOLCHAIN_GCC_ARM\libmbed.a(serial_api.o)
                0x0000146c                serial_init
 .text.serial_irq_handler
                0x0000163c       0x18 E:\CoIdeWork\GIT\TrapChecker\frdm_im920c_snd_coide_kl25z\frdm_im920c_snd/mbed/TARGET_KL25Z/TOOLCHAIN_GCC_ARM\libmbed.a(serial_api.o)
                0x0000163c                serial_irq_handler
 .text.serial_irq_set
                0x00001654       0xd4 E:\CoIdeWork\GIT\TrapChecker\frdm_im920c_snd_coide_kl25z\frdm_im920c_snd/mbed/TARGET_KL25Z/TOOLCHAIN_GCC_ARM\libmbed.a(serial_api.o)
                0x00001654                serial_irq_set
 .text.serial_getc
                0x00001728       0x28 E:\CoIdeWork\GIT\TrapChecker\frdm_im920c_snd_coide_kl25z\frdm_im920c_snd/mbed/TARGET_KL25Z/TOOLCHAIN_GCC_ARM\libmbed.a(serial_api.o)
                0x00001728                serial_getc
 .text.serial_putc
                0x00001750       0x28 E:\CoIdeWork\GIT\TrapChecker\frdm_im920c_snd_coide_kl25z\frdm_im920c_snd/mbed/TARGET_KL25Z/TOOLCHAIN_GCC_ARM\libmbed.a(serial_api.o)
                0x00001750                serial_putc
 .text.serial_readable
                0x00001778       0x1c E:\CoIdeWork\GIT\TrapChecker\frdm_im920c_snd_coide_kl25z\frdm_im920c_snd/mbed/TARGET_KL25Z/TOOLCHAIN_GCC_ARM\libmbed.a(serial_api.o)
                0x00001778                serial_readable
 .text.pin_function
                0x00001794       0x60 E:\CoIdeWork\GIT\TrapChecker\frdm_im920c_snd_coide_kl25z\frdm_im920c_snd/mbed/TARGET_KL25Z/TOOLCHAIN_GCC_ARM\libmbed.a(pinmap.o)
                0x00001794                pin_function
 .text.pin_mode
                0x000017f4       0x34 E:\CoIdeWork\GIT\TrapChecker\frdm_im920c_snd_coide_kl25z\frdm_im920c_snd/mbed/TARGET_KL25Z/TOOLCHAIN_GCC_ARM\libmbed.a(pinmap.o)
                0x000017f4                pin_mode
 .text.sleep    0x00001828       0x18 E:\CoIdeWork\GIT\TrapChecker\frdm_im920c_snd_coide_kl25z\frdm_im920c_snd/mbed/TARGET_KL25Z/TOOLCHAIN_GCC_ARM\libmbed.a(sleep.o)
                0x00001828                sleep
 .text._ZN4mbed8FilePathC2EPKc
                0x00001840       0x58 E:\CoIdeWork\GIT\TrapChecker\frdm_im920c_snd_coide_kl25z\frdm_im920c_snd/mbed/TARGET_KL25Z/TOOLCHAIN_GCC_ARM\libmbed.a(FilePath.o)
                0x00001840                mbed::FilePath::FilePath(char const*)
                0x00001840                mbed::FilePath::FilePath(char const*)
 .text._ZN4mbed8FilePath8fileNameEv
                0x00001898        0x4 E:\CoIdeWork\GIT\TrapChecker\frdm_im920c_snd_coide_kl25z\frdm_im920c_snd/mbed/TARGET_KL25Z/TOOLCHAIN_GCC_ARM\libmbed.a(FilePath.o)
                0x00001898                mbed::FilePath::fileName()
 .text._ZN4mbed8FilePath10fileSystemEv
                0x0000189c       0x1c E:\CoIdeWork\GIT\TrapChecker\frdm_im920c_snd_coide_kl25z\frdm_im920c_snd/mbed/TARGET_KL25Z/TOOLCHAIN_GCC_ARM\libmbed.a(FilePath.o)
                0x0000189c                mbed::FilePath::fileSystem()
 .text._ZN4mbed8FilePath6isFileEv
                0x000018b8       0x18 E:\CoIdeWork\GIT\TrapChecker\frdm_im920c_snd_coide_kl25z\frdm_im920c_snd/mbed/TARGET_KL25Z/TOOLCHAIN_GCC_ARM\libmbed.a(FilePath.o)
                0x000018b8                mbed::FilePath::isFile()
 .text._ZN4mbed8FilePath4fileEv
                0x000018d0       0x24 E:\CoIdeWork\GIT\TrapChecker\frdm_im920c_snd_coide_kl25z\frdm_im920c_snd/mbed/TARGET_KL25Z/TOOLCHAIN_GCC_ARM\libmbed.a(FilePath.o)
                0x000018d0                mbed::FilePath::file()
 .text._ZN4mbed8FilePath6existsEv
                0x000018f4        0xc E:\CoIdeWork\GIT\TrapChecker\frdm_im920c_snd_coide_kl25z\frdm_im920c_snd/mbed/TARGET_KL25Z/TOOLCHAIN_GCC_ARM\libmbed.a(FilePath.o)
                0x000018f4                mbed::FilePath::exists()
 .text._ZN4mbed11InterruptInD2Ev
                0x00001900       0x18 E:\CoIdeWork\GIT\TrapChecker\frdm_im920c_snd_coide_kl25z\frdm_im920c_snd/mbed/TARGET_KL25Z/TOOLCHAIN_GCC_ARM\libmbed.a(InterruptIn.o)
                0x00001900                mbed::InterruptIn::~InterruptIn()
                0x00001900                mbed::InterruptIn::~InterruptIn()
 .text._ZN4mbed11InterruptInD0Ev
                0x00001918       0x20 E:\CoIdeWork\GIT\TrapChecker\frdm_im920c_snd_coide_kl25z\frdm_im920c_snd/mbed/TARGET_KL25Z/TOOLCHAIN_GCC_ARM\libmbed.a(InterruptIn.o)
                0x00001918                mbed::InterruptIn::~InterruptIn()
 .text._ZN4mbed11InterruptIn12_irq_handlerEm14gpio_irq_event
                0x00001938       0x4c E:\CoIdeWork\GIT\TrapChecker\frdm_im920c_snd_coide_kl25z\frdm_im920c_snd/mbed/TARGET_KL25Z/TOOLCHAIN_GCC_ARM\libmbed.a(InterruptIn.o)
                0x00001938                mbed::InterruptIn::_irq_handler(unsigned long, gpio_irq_event)
 .text._ZN4mbed11InterruptInC2E7PinName
                0x00001984       0x48 E:\CoIdeWork\GIT\TrapChecker\frdm_im920c_snd_coide_kl25z\frdm_im920c_snd/mbed/TARGET_KL25Z/TOOLCHAIN_GCC_ARM\libmbed.a(InterruptIn.o)
                0x00001984                mbed::InterruptIn::InterruptIn(PinName)
                0x00001984                mbed::InterruptIn::InterruptIn(PinName)
 .text._ZN4mbed11InterruptIn4modeE7PinMode
                0x000019cc        0xc E:\CoIdeWork\GIT\TrapChecker\frdm_im920c_snd_coide_kl25z\frdm_im920c_snd/mbed/TARGET_KL25Z/TOOLCHAIN_GCC_ARM\libmbed.a(InterruptIn.o)
                0x000019cc                mbed::InterruptIn::mode(PinMode)
 .text._ZN4mbed11InterruptIn4fallEPFvvE
                0x000019d8       0x28 E:\CoIdeWork\GIT\TrapChecker\frdm_im920c_snd_coide_kl25z\frdm_im920c_snd/mbed/TARGET_KL25Z/TOOLCHAIN_GCC_ARM\libmbed.a(InterruptIn.o)
                0x000019d8                mbed::InterruptIn::fall(void (*)())
 .text._ZN4mbed6Serial5_getcEv
                0x00001a00        0x8 E:\CoIdeWork\GIT\TrapChecker\frdm_im920c_snd_coide_kl25z\frdm_im920c_snd/mbed/TARGET_KL25Z/TOOLCHAIN_GCC_ARM\libmbed.a(Serial.o)
                0x00001a00                mbed::Serial::_getc()
 .text._ZThn64_N4mbed6Serial5_getcEv
                0x00001a08       0x10 E:\CoIdeWork\GIT\TrapChecker\frdm_im920c_snd_coide_kl25z\frdm_im920c_snd/mbed/TARGET_KL25Z/TOOLCHAIN_GCC_ARM\libmbed.a(Serial.o)
                0x00001a08                non-virtual thunk to mbed::Serial::_getc()
 .text._ZN4mbed6Serial5_putcEi
                0x00001a18        0x8 E:\CoIdeWork\GIT\TrapChecker\frdm_im920c_snd_coide_kl25z\frdm_im920c_snd/mbed/TARGET_KL25Z/TOOLCHAIN_GCC_ARM\libmbed.a(Serial.o)
                0x00001a18                mbed::Serial::_putc(int)
 .text._ZThn64_N4mbed6Serial5_putcEi
                0x00001a20       0x10 E:\CoIdeWork\GIT\TrapChecker\frdm_im920c_snd_coide_kl25z\frdm_im920c_snd/mbed/TARGET_KL25Z/TOOLCHAIN_GCC_ARM\libmbed.a(Serial.o)
                0x00001a20                non-virtual thunk to mbed::Serial::_putc(int)
 .text._ZN4mbed6SerialC2E7PinNameS1_PKc
                0x00001a30       0x30 E:\CoIdeWork\GIT\TrapChecker\frdm_im920c_snd_coide_kl25z\frdm_im920c_snd/mbed/TARGET_KL25Z/TOOLCHAIN_GCC_ARM\libmbed.a(Serial.o)
                0x00001a30                mbed::Serial::Serial(PinName, PinName, char const*)
                0x00001a30                mbed::Serial::Serial(PinName, PinName, char const*)
 .text._ZN4mbed10SerialBase12_irq_handlerEm9SerialIrq
                0x00001a60       0x3c E:\CoIdeWork\GIT\TrapChecker\frdm_im920c_snd_coide_kl25z\frdm_im920c_snd/mbed/TARGET_KL25Z/TOOLCHAIN_GCC_ARM\libmbed.a(SerialBase.o)
                0x00001a60                mbed::SerialBase::_irq_handler(unsigned long, SerialIrq)
 .text._ZN4mbed10SerialBaseC2E7PinNameS1_
                0x00001a9c       0x3c E:\CoIdeWork\GIT\TrapChecker\frdm_im920c_snd_coide_kl25z\frdm_im920c_snd/mbed/TARGET_KL25Z/TOOLCHAIN_GCC_ARM\libmbed.a(SerialBase.o)
                0x00001a9c                mbed::SerialBase::SerialBase(PinName, PinName)
                0x00001a9c                mbed::SerialBase::SerialBase(PinName, PinName)
 .text._ZN4mbed10SerialBase4baudEi
                0x00001ad8       0x10 E:\CoIdeWork\GIT\TrapChecker\frdm_im920c_snd_coide_kl25z\frdm_im920c_snd/mbed/TARGET_KL25Z/TOOLCHAIN_GCC_ARM\libmbed.a(SerialBase.o)
                0x00001ad8                mbed::SerialBase::baud(int)
 .text._ZN4mbed10SerialBase8readableEv
                0x00001ae8        0xc E:\CoIdeWork\GIT\TrapChecker\frdm_im920c_snd_coide_kl25z\frdm_im920c_snd/mbed/TARGET_KL25Z/TOOLCHAIN_GCC_ARM\libmbed.a(SerialBase.o)
                0x00001ae8                mbed::SerialBase::readable()
 .text._ZN4mbed10SerialBase6attachEPFvvENS0_7IrqTypeE
                0x00001af4       0x30 E:\CoIdeWork\GIT\TrapChecker\frdm_im920c_snd_coide_kl25z\frdm_im920c_snd/mbed/TARGET_KL25Z/TOOLCHAIN_GCC_ARM\libmbed.a(SerialBase.o)
                0x00001af4                mbed::SerialBase::attach(void (*)(), mbed::SerialBase::IrqType)
 .text._ZN4mbed10SerialBase10_base_getcEv
                0x00001b24        0xc E:\CoIdeWork\GIT\TrapChecker\frdm_im920c_snd_coide_kl25z\frdm_im920c_snd/mbed/TARGET_KL25Z/TOOLCHAIN_GCC_ARM\libmbed.a(SerialBase.o)
                0x00001b24                mbed::SerialBase::_base_getc()
 .text._ZN4mbed10SerialBase10_base_putcEi
                0x00001b30       0x10 E:\CoIdeWork\GIT\TrapChecker\frdm_im920c_snd_coide_kl25z\frdm_im920c_snd/mbed/TARGET_KL25Z/TOOLCHAIN_GCC_ARM\libmbed.a(SerialBase.o)
                0x00001b30                mbed::SerialBase::_base_putc(int)
 .text._ZN4mbed7Timeout7handlerEv
                0x00001b40       0x24 E:\CoIdeWork\GIT\TrapChecker\frdm_im920c_snd_coide_kl25z\frdm_im920c_snd/mbed/TARGET_KL25Z/TOOLCHAIN_GCC_ARM\libmbed.a(Timeout.o)
                0x00001b40                mbed::Timeout::handler()
 .text._ZN4mbed6Ticker7handlerEv
                0x00001b64       0x30 E:\CoIdeWork\GIT\TrapChecker\frdm_im920c_snd_coide_kl25z\frdm_im920c_snd/mbed/TARGET_KL25Z/TOOLCHAIN_GCC_ARM\libmbed.a(Ticker.o)
                0x00001b64                mbed::Ticker::handler()
 .text._ZN4mbed6Ticker6detachEv
                0x00001b94       0x10 E:\CoIdeWork\GIT\TrapChecker\frdm_im920c_snd_coide_kl25z\frdm_im920c_snd/mbed/TARGET_KL25Z/TOOLCHAIN_GCC_ARM\libmbed.a(Ticker.o)
                0x00001b94                mbed::Ticker::detach()
 .text._ZN4mbed6Ticker5setupEm
                0x00001ba4       0x1c E:\CoIdeWork\GIT\TrapChecker\frdm_im920c_snd_coide_kl25z\frdm_im920c_snd/mbed/TARGET_KL25Z/TOOLCHAIN_GCC_ARM\libmbed.a(Ticker.o)
                0x00001ba4                mbed::Ticker::setup(unsigned long)
 .text._ZN4mbed6Stream5closeEv
                0x00001bc0        0x4 E:\CoIdeWork\GIT\TrapChecker\frdm_im920c_snd_coide_kl25z\frdm_im920c_snd/mbed/TARGET_KL25Z/TOOLCHAIN_GCC_ARM\libmbed.a(Stream.o)
                0x00001bc0                mbed::Stream::close()
 .text._ZN4mbed6Stream5writeEPKvj
                0x00001bc4       0x2c E:\CoIdeWork\GIT\TrapChecker\frdm_im920c_snd_coide_kl25z\frdm_im920c_snd/mbed/TARGET_KL25Z/TOOLCHAIN_GCC_ARM\libmbed.a(Stream.o)
                0x00001bc4                mbed::Stream::write(void const*, unsigned int)
 .text._ZN4mbed6Stream4readEPvj
                0x00001bf0       0x2c E:\CoIdeWork\GIT\TrapChecker\frdm_im920c_snd_coide_kl25z\frdm_im920c_snd/mbed/TARGET_KL25Z/TOOLCHAIN_GCC_ARM\libmbed.a(Stream.o)
                0x00001bf0                mbed::Stream::read(void*, unsigned int)
 .text._ZN4mbed6Stream5lseekEli
                0x00001c1c        0x4 E:\CoIdeWork\GIT\TrapChecker\frdm_im920c_snd_coide_kl25z\frdm_im920c_snd/mbed/TARGET_KL25Z/TOOLCHAIN_GCC_ARM\libmbed.a(Stream.o)
                0x00001c1c                mbed::Stream::lseek(long, int)
 .text._ZN4mbed6Stream6isattyEv
                0x00001c20        0x4 E:\CoIdeWork\GIT\TrapChecker\frdm_im920c_snd_coide_kl25z\frdm_im920c_snd/mbed/TARGET_KL25Z/TOOLCHAIN_GCC_ARM\libmbed.a(Stream.o)
                0x00001c20                mbed::Stream::isatty()
 .text._ZN4mbed6Stream5fsyncEv
                0x00001c24        0x4 E:\CoIdeWork\GIT\TrapChecker\frdm_im920c_snd_coide_kl25z\frdm_im920c_snd/mbed/TARGET_KL25Z/TOOLCHAIN_GCC_ARM\libmbed.a(Stream.o)
                0x00001c24                mbed::Stream::fsync()
 .text._ZN4mbed6Stream4flenEv
                0x00001c28        0x4 E:\CoIdeWork\GIT\TrapChecker\frdm_im920c_snd_coide_kl25z\frdm_im920c_snd/mbed/TARGET_KL25Z/TOOLCHAIN_GCC_ARM\libmbed.a(Stream.o)
                0x00001c28                mbed::Stream::flen()
 .text._ZN4mbed6StreamC2EPKc
                0x00001c2c       0x44 E:\CoIdeWork\GIT\TrapChecker\frdm_im920c_snd_coide_kl25z\frdm_im920c_snd/mbed/TARGET_KL25Z/TOOLCHAIN_GCC_ARM\libmbed.a(Stream.o)
                0x00001c2c                mbed::Stream::Stream(char const*)
                0x00001c2c                mbed::Stream::Stream(char const*)
 .text._ZN4mbed6StreamD2Ev
                0x00001c70       0x24 E:\CoIdeWork\GIT\TrapChecker\frdm_im920c_snd_coide_kl25z\frdm_im920c_snd/mbed/TARGET_KL25Z/TOOLCHAIN_GCC_ARM\libmbed.a(Stream.o)
                0x00001c70                mbed::Stream::~Stream()
                0x00001c70                mbed::Stream::~Stream()
 .text._ZN4mbed6Stream4putcEi
                0x00001c94       0x18 E:\CoIdeWork\GIT\TrapChecker\frdm_im920c_snd_coide_kl25z\frdm_im920c_snd/mbed/TARGET_KL25Z/TOOLCHAIN_GCC_ARM\libmbed.a(Stream.o)
                0x00001c94                mbed::Stream::putc(int)
 .text._ZN4mbed6Stream4getcEv
                0x00001cac       0x14 E:\CoIdeWork\GIT\TrapChecker\frdm_im920c_snd_coide_kl25z\frdm_im920c_snd/mbed/TARGET_KL25Z/TOOLCHAIN_GCC_ARM\libmbed.a(Stream.o)
                0x00001cac                mbed::Stream::getc()
 .text.mbed_assert_internal
                0x00001cc0       0x18 E:\CoIdeWork\GIT\TrapChecker\frdm_im920c_snd_coide_kl25z\frdm_im920c_snd/mbed/TARGET_KL25Z/TOOLCHAIN_GCC_ARM\libmbed.a(assert.o)
                0x00001cc0                mbed_assert_internal
 .text._ZN4mbed10TimerEvent3irqEm
                0x00001cd8        0xc E:\CoIdeWork\GIT\TrapChecker\frdm_im920c_snd_coide_kl25z\frdm_im920c_snd/mbed/TARGET_KL25Z/TOOLCHAIN_GCC_ARM\libmbed.a(TimerEvent.o)
                0x00001cd8                mbed::TimerEvent::irq(unsigned long)
 .text._ZN4mbed10TimerEventC2Ev
                0x00001ce4       0x2c E:\CoIdeWork\GIT\TrapChecker\frdm_im920c_snd_coide_kl25z\frdm_im920c_snd/mbed/TARGET_KL25Z/TOOLCHAIN_GCC_ARM\libmbed.a(TimerEvent.o)
                0x00001ce4                mbed::TimerEvent::TimerEvent()
                0x00001ce4                mbed::TimerEvent::TimerEvent()
 .text._ZN4mbed10TimerEventD2Ev
                0x00001d10       0x1c E:\CoIdeWork\GIT\TrapChecker\frdm_im920c_snd_coide_kl25z\frdm_im920c_snd/mbed/TARGET_KL25Z/TOOLCHAIN_GCC_ARM\libmbed.a(TimerEvent.o)
                0x00001d10                mbed::TimerEvent::~TimerEvent()
                0x00001d10                mbed::TimerEvent::~TimerEvent()
 .text._ZN4mbed10TimerEvent6insertEm
                0x00001d2c       0x10 E:\CoIdeWork\GIT\TrapChecker\frdm_im920c_snd_coide_kl25z\frdm_im920c_snd/mbed/TARGET_KL25Z/TOOLCHAIN_GCC_ARM\libmbed.a(TimerEvent.o)
                0x00001d2c                mbed::TimerEvent::insert(unsigned long)
 .text._ZN4mbed10TimerEvent6removeEv
                0x00001d3c       0x10 E:\CoIdeWork\GIT\TrapChecker\frdm_im920c_snd_coide_kl25z\frdm_im920c_snd/mbed/TARGET_KL25Z/TOOLCHAIN_GCC_ARM\libmbed.a(TimerEvent.o)
                0x00001d3c                mbed::TimerEvent::remove()
 .text.error    0x00001d4c       0x20 E:\CoIdeWork\GIT\TrapChecker\frdm_im920c_snd_coide_kl25z\frdm_im920c_snd/mbed/TARGET_KL25Z/TOOLCHAIN_GCC_ARM\libmbed.a(error.o)
                0x00001d4c                error
 .text.gpio_init_in
                0x00001d6c       0x20 E:\CoIdeWork\GIT\TrapChecker\frdm_im920c_snd_coide_kl25z\frdm_im920c_snd/mbed/TARGET_KL25Z/TOOLCHAIN_GCC_ARM\libmbed.a(gpio.o)
                0x00001d6c                gpio_init_in
 .text.gpio_init_out
                0x00001d8c       0x44 E:\CoIdeWork\GIT\TrapChecker\frdm_im920c_snd_coide_kl25z\frdm_im920c_snd/mbed/TARGET_KL25Z/TOOLCHAIN_GCC_ARM\libmbed.a(gpio.o)
                0x00001d8c                gpio_init_out
 .text.mbed_interface_connected
                0x00001dd0        0x8 E:\CoIdeWork\GIT\TrapChecker\frdm_im920c_snd_coide_kl25z\frdm_im920c_snd/mbed/TARGET_KL25Z/TOOLCHAIN_GCC_ARM\libmbed.a(mbed_interface.o)
                0x00001dd0                mbed_interface_connected
 .text.pinmap_pinout
                0x00001dd8       0x38 E:\CoIdeWork\GIT\TrapChecker\frdm_im920c_snd_coide_kl25z\frdm_im920c_snd/mbed/TARGET_KL25Z/TOOLCHAIN_GCC_ARM\libmbed.a(pinmap_common.o)
                0x00001dd8                pinmap_pinout
 .text.pinmap_merge
                0x00001e10       0x24 E:\CoIdeWork\GIT\TrapChecker\frdm_im920c_snd_coide_kl25z\frdm_im920c_snd/mbed/TARGET_KL25Z/TOOLCHAIN_GCC_ARM\libmbed.a(pinmap_common.o)
                0x00001e10                pinmap_merge
 .text.pinmap_peripheral
                0x00001e34       0x30 E:\CoIdeWork\GIT\TrapChecker\frdm_im920c_snd_coide_kl25z\frdm_im920c_snd/mbed/TARGET_KL25Z/TOOLCHAIN_GCC_ARM\libmbed.a(pinmap_common.o)
                0x00001e34                pinmap_peripheral
 .text.semihost_exit
                0x00001e64       0x18 E:\CoIdeWork\GIT\TrapChecker\frdm_im920c_snd_coide_kl25z\frdm_im920c_snd/mbed/TARGET_KL25Z/TOOLCHAIN_GCC_ARM\libmbed.a(semihost_api.o)
                0x00001e64                semihost_exit
 .text.semihost_connected
                0x00001e7c        0xc E:\CoIdeWork\GIT\TrapChecker\frdm_im920c_snd_coide_kl25z\frdm_im920c_snd/mbed/TARGET_KL25Z/TOOLCHAIN_GCC_ARM\libmbed.a(semihost_api.o)
                0x00001e7c                semihost_connected
 .text.ticker_set_handler
                0x00001e88       0x14 E:\CoIdeWork\GIT\TrapChecker\frdm_im920c_snd_coide_kl25z\frdm_im920c_snd/mbed/TARGET_KL25Z/TOOLCHAIN_GCC_ARM\libmbed.a(ticker_api.o)
                0x00001e88                ticker_set_handler
 .text.ticker_irq_handler
                0x00001e9c       0x4c E:\CoIdeWork\GIT\TrapChecker\frdm_im920c_snd_coide_kl25z\frdm_im920c_snd/mbed/TARGET_KL25Z/TOOLCHAIN_GCC_ARM\libmbed.a(ticker_api.o)
                0x00001e9c                ticker_irq_handler
 .text.ticker_insert_event
                0x00001ee8       0x40 E:\CoIdeWork\GIT\TrapChecker\frdm_im920c_snd_coide_kl25z\frdm_im920c_snd/mbed/TARGET_KL25Z/TOOLCHAIN_GCC_ARM\libmbed.a(ticker_api.o)
                0x00001ee8                ticker_insert_event
 .text.ticker_remove_event
                0x00001f28       0x48 E:\CoIdeWork\GIT\TrapChecker\frdm_im920c_snd_coide_kl25z\frdm_im920c_snd/mbed/TARGET_KL25Z/TOOLCHAIN_GCC_ARM\libmbed.a(ticker_api.o)
                0x00001f28                ticker_remove_event
 .text.ticker_read
                0x00001f70        0xc E:\CoIdeWork\GIT\TrapChecker\frdm_im920c_snd_coide_kl25z\frdm_im920c_snd/mbed/TARGET_KL25Z/TOOLCHAIN_GCC_ARM\libmbed.a(ticker_api.o)
                0x00001f70                ticker_read
 .text.get_us_ticker_data
                0x00001f7c        0x8 E:\CoIdeWork\GIT\TrapChecker\frdm_im920c_snd_coide_kl25z\frdm_im920c_snd/mbed/TARGET_KL25Z/TOOLCHAIN_GCC_ARM\libmbed.a(us_ticker_api.o)
                0x00001f7c                get_us_ticker_data
 .text.us_ticker_irq_handler
                0x00001f84       0x10 E:\CoIdeWork\GIT\TrapChecker\frdm_im920c_snd_coide_kl25z\frdm_im920c_snd/mbed/TARGET_KL25Z/TOOLCHAIN_GCC_ARM\libmbed.a(us_ticker_api.o)
                0x00001f84                us_ticker_irq_handler
 .text.wait_us  0x00001f94       0x18 E:\CoIdeWork\GIT\TrapChecker\frdm_im920c_snd_coide_kl25z\frdm_im920c_snd/mbed/TARGET_KL25Z/TOOLCHAIN_GCC_ARM\libmbed.a(wait_api.o)
                0x00001f94                wait_us
 .text.wait_ms  0x00001fac       0x10 E:\CoIdeWork\GIT\TrapChecker\frdm_im920c_snd_coide_kl25z\frdm_im920c_snd/mbed/TARGET_KL25Z/TOOLCHAIN_GCC_ARM\libmbed.a(wait_api.o)
                0x00001fac                wait_ms
 .text.handle_interrupt_in
                0x00001fbc       0xe0 E:\CoIdeWork\GIT\TrapChecker\frdm_im920c_snd_coide_kl25z\frdm_im920c_snd/mbed/TARGET_KL25Z/TOOLCHAIN_GCC_ARM\libmbed.a(gpio_irq_api.o)
 .text.gpio_irqA
                0x0000209c       0x10 E:\CoIdeWork\GIT\TrapChecker\frdm_im920c_snd_coide_kl25z\frdm_im920c_snd/mbed/TARGET_KL25Z/TOOLCHAIN_GCC_ARM\libmbed.a(gpio_irq_api.o)
                0x0000209c                gpio_irqA
 .text.gpio_irqD
                0x000020ac       0x10 E:\CoIdeWork\GIT\TrapChecker\frdm_im920c_snd_coide_kl25z\frdm_im920c_snd/mbed/TARGET_KL25Z/TOOLCHAIN_GCC_ARM\libmbed.a(gpio_irq_api.o)
                0x000020ac                gpio_irqD
 .text.gpio_irq_init
                0x000020bc       0x8c E:\CoIdeWork\GIT\TrapChecker\frdm_im920c_snd_coide_kl25z\frdm_im920c_snd/mbed/TARGET_KL25Z/TOOLCHAIN_GCC_ARM\libmbed.a(gpio_irq_api.o)
                0x000020bc                gpio_irq_init
 .text.gpio_irq_free
                0x00002148       0x10 E:\CoIdeWork\GIT\TrapChecker\frdm_im920c_snd_coide_kl25z\frdm_im920c_snd/mbed/TARGET_KL25Z/TOOLCHAIN_GCC_ARM\libmbed.a(gpio_irq_api.o)
                0x00002148                gpio_irq_free
 .text.gpio_irq_set
                0x00002158       0xa4 E:\CoIdeWork\GIT\TrapChecker\frdm_im920c_snd_coide_kl25z\frdm_im920c_snd/mbed/TARGET_KL25Z/TOOLCHAIN_GCC_ARM\libmbed.a(gpio_irq_api.o)
                0x00002158                gpio_irq_set
 .text.gpio_set
                0x000021fc       0x30 E:\CoIdeWork\GIT\TrapChecker\frdm_im920c_snd_coide_kl25z\frdm_im920c_snd/mbed/TARGET_KL25Z/TOOLCHAIN_GCC_ARM\libmbed.a(gpio_api.o)
                0x000021fc                gpio_set
 .text.gpio_init
                0x0000222c       0x34 E:\CoIdeWork\GIT\TrapChecker\frdm_im920c_snd_coide_kl25z\frdm_im920c_snd/mbed/TARGET_KL25Z/TOOLCHAIN_GCC_ARM\libmbed.a(gpio_api.o)
                0x0000222c                gpio_init
 .text.gpio_mode
                0x00002260        0xc E:\CoIdeWork\GIT\TrapChecker\frdm_im920c_snd_coide_kl25z\frdm_im920c_snd/mbed/TARGET_KL25Z/TOOLCHAIN_GCC_ARM\libmbed.a(gpio_api.o)
                0x00002260                gpio_mode
 .text.gpio_dir
                0x0000226c       0x44 E:\CoIdeWork\GIT\TrapChecker\frdm_im920c_snd_coide_kl25z\frdm_im920c_snd/mbed/TARGET_KL25Z/TOOLCHAIN_GCC_ARM\libmbed.a(gpio_api.o)
                0x0000226c                gpio_dir
 .text.pit_init
                0x000022b0       0x78 E:\CoIdeWork\GIT\TrapChecker\frdm_im920c_snd_coide_kl25z\frdm_im920c_snd/mbed/TARGET_KL25Z/TOOLCHAIN_GCC_ARM\libmbed.a(us_ticker.o)
 .text.lptmr_init
                0x00002328      0x1b0 E:\CoIdeWork\GIT\TrapChecker\frdm_im920c_snd_coide_kl25z\frdm_im920c_snd/mbed/TARGET_KL25Z/TOOLCHAIN_GCC_ARM\libmbed.a(us_ticker.o)
 .text.lptmr_isr
                0x000024d8       0x68 E:\CoIdeWork\GIT\TrapChecker\frdm_im920c_snd_coide_kl25z\frdm_im920c_snd/mbed/TARGET_KL25Z/TOOLCHAIN_GCC_ARM\libmbed.a(us_ticker.o)
 .text.us_ticker_init
                0x00002540       0x1c E:\CoIdeWork\GIT\TrapChecker\frdm_im920c_snd_coide_kl25z\frdm_im920c_snd/mbed/TARGET_KL25Z/TOOLCHAIN_GCC_ARM\libmbed.a(us_ticker.o)
                0x00002540                us_ticker_init
 .text.us_ticker_read
                0x0000255c       0x2c E:\CoIdeWork\GIT\TrapChecker\frdm_im920c_snd_coide_kl25z\frdm_im920c_snd/mbed/TARGET_KL25Z/TOOLCHAIN_GCC_ARM\libmbed.a(us_ticker.o)
                0x0000255c                us_ticker_read
 .text.us_ticker_disable_interrupt
                0x00002588       0x10 E:\CoIdeWork\GIT\TrapChecker\frdm_im920c_snd_coide_kl25z\frdm_im920c_snd/mbed/TARGET_KL25Z/TOOLCHAIN_GCC_ARM\libmbed.a(us_ticker.o)
                0x00002588                us_ticker_disable_interrupt
 .text.us_ticker_clear_interrupt
                0x00002598        0x4 E:\CoIdeWork\GIT\TrapChecker\frdm_im920c_snd_coide_kl25z\frdm_im920c_snd/mbed/TARGET_KL25Z/TOOLCHAIN_GCC_ARM\libmbed.a(us_ticker.o)
                0x00002598                us_ticker_clear_interrupt
 .text.us_ticker_set_interrupt
                0x0000259c       0x6c E:\CoIdeWork\GIT\TrapChecker\frdm_im920c_snd_coide_kl25z\frdm_im920c_snd/mbed/TARGET_KL25Z/TOOLCHAIN_GCC_ARM\libmbed.a(us_ticker.o)
                0x0000259c                us_ticker_set_interrupt
 .text._ZN4mbed8FileBaseD2Ev
                0x00002608       0x34 E:\CoIdeWork\GIT\TrapChecker\frdm_im920c_snd_coide_kl25z\frdm_im920c_snd/mbed/TARGET_KL25Z/TOOLCHAIN_GCC_ARM\libmbed.a(FileBase.o)
                0x00002608                mbed::FileBase::~FileBase()
                0x00002608                mbed::FileBase::~FileBase()
 .text._ZN4mbed8FileBaseD0Ev
                0x0000263c       0x40 E:\CoIdeWork\GIT\TrapChecker\frdm_im920c_snd_coide_kl25z\frdm_im920c_snd/mbed/TARGET_KL25Z/TOOLCHAIN_GCC_ARM\libmbed.a(FileBase.o)
                0x0000263c                mbed::FileBase::~FileBase()
 .text._ZN4mbed8FileBaseC2EPKcNS_8PathTypeE
                0x0000267c       0x24 E:\CoIdeWork\GIT\TrapChecker\frdm_im920c_snd_coide_kl25z\frdm_im920c_snd/mbed/TARGET_KL25Z/TOOLCHAIN_GCC_ARM\libmbed.a(FileBase.o)
                0x0000267c                mbed::FileBase::FileBase(char const*, mbed::PathType)
                0x0000267c                mbed::FileBase::FileBase(char const*, mbed::PathType)
 .text._ZN4mbed8FileBase6lookupEPKcj
                0x000026a0       0x40 E:\CoIdeWork\GIT\TrapChecker\frdm_im920c_snd_coide_kl25z\frdm_im920c_snd/mbed/TARGET_KL25Z/TOOLCHAIN_GCC_ARM\libmbed.a(FileBase.o)
                0x000026a0                mbed::FileBase::lookup(char const*, unsigned int)
 .text._ZN4mbed8FileBase11getPathTypeEv
                0x000026e0        0x4 E:\CoIdeWork\GIT\TrapChecker\frdm_im920c_snd_coide_kl25z\frdm_im920c_snd/mbed/TARGET_KL25Z/TOOLCHAIN_GCC_ARM\libmbed.a(FileBase.o)
                0x000026e0                mbed::FileBase::getPathType()
 .text._ZN4mbed8FileLikeC2EPKc
                0x000026e4       0x28 E:\CoIdeWork\GIT\TrapChecker\frdm_im920c_snd_coide_kl25z\frdm_im920c_snd/mbed/TARGET_KL25Z/TOOLCHAIN_GCC_ARM\libmbed.a(FileLike.o)
                0x000026e4                mbed::FileLike::FileLike(char const*)
                0x000026e4                mbed::FileLike::FileLike(char const*)
 .text._ZN4mbed8FileLikeD2Ev
                0x0000270c       0x24 E:\CoIdeWork\GIT\TrapChecker\frdm_im920c_snd_coide_kl25z\frdm_im920c_snd/mbed/TARGET_KL25Z/TOOLCHAIN_GCC_ARM\libmbed.a(FileLike.o)
                0x0000270c                mbed::FileLike::~FileLike()
                0x0000270c                mbed::FileLike::~FileLike()
 .text.__aeabi_atexit
                0x00002730        0xe e:/programfiles_x86/gnu tools arm embedded/5.2 2015q4/bin/../lib/gcc/arm-none-eabi/5.2.1/../../../../arm-none-eabi/lib/armv6-m\libstdc++_nano.a(atexit_arm.o)
                0x00002730                __aeabi_atexit
 .text._ZdlPv   0x0000273e        0x8 e:/programfiles_x86/gnu tools arm embedded/5.2 2015q4/bin/../lib/gcc/arm-none-eabi/5.2.1/../../../../arm-none-eabi/lib/armv6-m\libstdc++_nano.a(del_op.o)
                0x0000273e                operator delete(void*)
 *fill*         0x00002746        0x2 
 .text          0x00002748      0x114 e:/programfiles_x86/gnu tools arm embedded/5.2 2015q4/bin/../lib/gcc/arm-none-eabi/5.2.1/armv6-m\libgcc.a(_udivsi3.o)
                0x00002748                __aeabi_uidiv
                0x00002748                __udivsi3
                0x00002854                __aeabi_uidivmod
 .text          0x0000285c        0x4 e:/programfiles_x86/gnu tools arm embedded/5.2 2015q4/bin/../lib/gcc/arm-none-eabi/5.2.1/armv6-m\libgcc.a(_dvmd_tls.o)
                0x0000285c                __aeabi_idiv0
                0x0000285c                __aeabi_ldiv0
 .text.__cxa_atexit
                0x00002860       0x1c e:/programfiles_x86/gnu tools arm embedded/5.2 2015q4/bin/../lib/gcc/arm-none-eabi/5.2.1/../../../../arm-none-eabi/lib/armv6-m\libc_nano.a(lib_a-cxa_atexit.o)
                0x00002860                __cxa_atexit
 .text.__errno  0x0000287c        0xc e:/programfiles_x86/gnu tools arm embedded/5.2 2015q4/bin/../lib/gcc/arm-none-eabi/5.2.1/../../../../arm-none-eabi/lib/armv6-m\libc_nano.a(lib_a-errno.o)
                0x0000287c                __errno
 .text.exit     0x00002888       0x2c e:/programfiles_x86/gnu tools arm embedded/5.2 2015q4/bin/../lib/gcc/arm-none-eabi/5.2.1/../../../../arm-none-eabi/lib/armv6-m\libc_nano.a(lib_a-exit.o)
                0x00002888                exit
 .text._fclose_r
                0x000028b4       0xb0 e:/programfiles_x86/gnu tools arm embedded/5.2 2015q4/bin/../lib/gcc/arm-none-eabi/5.2.1/../../../../arm-none-eabi/lib/armv6-m\libc_nano.a(lib_a-fclose.o)
                0x000028b4                _fclose_r
 .text.fclose   0x00002964       0x14 e:/programfiles_x86/gnu tools arm embedded/5.2 2015q4/bin/../lib/gcc/arm-none-eabi/5.2.1/../../../../arm-none-eabi/lib/armv6-m\libc_nano.a(lib_a-fclose.o)
                0x00002964                fclose
 .text.__sflush_r
                0x00002978      0x10c e:/programfiles_x86/gnu tools arm embedded/5.2 2015q4/bin/../lib/gcc/arm-none-eabi/5.2.1/../../../../arm-none-eabi/lib/armv6-m\libc_nano.a(lib_a-fflush.o)
                0x00002978                __sflush_r
 .text._fflush_r
                0x00002a84       0x58 e:/programfiles_x86/gnu tools arm embedded/5.2 2015q4/bin/../lib/gcc/arm-none-eabi/5.2.1/../../../../arm-none-eabi/lib/armv6-m\libc_nano.a(lib_a-fflush.o)
                0x00002a84                _fflush_r
 .text.fflush   0x00002adc       0x28 e:/programfiles_x86/gnu tools arm embedded/5.2 2015q4/bin/../lib/gcc/arm-none-eabi/5.2.1/../../../../arm-none-eabi/lib/armv6-m\libc_nano.a(lib_a-fflush.o)
                0x00002adc                fflush
 .text._fgetc_r
                0x00002b04       0x5c e:/programfiles_x86/gnu tools arm embedded/5.2 2015q4/bin/../lib/gcc/arm-none-eabi/5.2.1/../../../../arm-none-eabi/lib/armv6-m\libc_nano.a(lib_a-fgetc.o)
                0x00002b04                _fgetc_r
 .text.fgetc    0x00002b60       0x14 e:/programfiles_x86/gnu tools arm embedded/5.2 2015q4/bin/../lib/gcc/arm-none-eabi/5.2.1/../../../../arm-none-eabi/lib/armv6-m\libc_nano.a(lib_a-fgetc.o)
                0x00002b60                fgetc
 .text._cleanup_r
                0x00002b74       0x10 e:/programfiles_x86/gnu tools arm embedded/5.2 2015q4/bin/../lib/gcc/arm-none-eabi/5.2.1/../../../../arm-none-eabi/lib/armv6-m\libc_nano.a(lib_a-findfp.o)
                0x00002b74                _cleanup_r
 .text.std.isra.0
                0x00002b84       0x48 e:/programfiles_x86/gnu tools arm embedded/5.2 2015q4/bin/../lib/gcc/arm-none-eabi/5.2.1/../../../../arm-none-eabi/lib/armv6-m\libc_nano.a(lib_a-findfp.o)
 .text.__sfmoreglue
                0x00002bcc       0x2c e:/programfiles_x86/gnu tools arm embedded/5.2 2015q4/bin/../lib/gcc/arm-none-eabi/5.2.1/../../../../arm-none-eabi/lib/armv6-m\libc_nano.a(lib_a-findfp.o)
                0x00002bcc                __sfmoreglue
 .text.__sinit  0x00002bf8       0x68 e:/programfiles_x86/gnu tools arm embedded/5.2 2015q4/bin/../lib/gcc/arm-none-eabi/5.2.1/../../../../arm-none-eabi/lib/armv6-m\libc_nano.a(lib_a-findfp.o)
                0x00002bf8                __sinit
 .text.__sfp    0x00002c60       0x7c e:/programfiles_x86/gnu tools arm embedded/5.2 2015q4/bin/../lib/gcc/arm-none-eabi/5.2.1/../../../../arm-none-eabi/lib/armv6-m\libc_nano.a(lib_a-findfp.o)
                0x00002c60                __sfp
 .text.__sfp_lock_acquire
                0x00002cdc        0x2 e:/programfiles_x86/gnu tools arm embedded/5.2 2015q4/bin/../lib/gcc/arm-none-eabi/5.2.1/../../../../arm-none-eabi/lib/armv6-m\libc_nano.a(lib_a-findfp.o)
                0x00002cdc                __sfp_lock_acquire
 .text.__sfp_lock_release
                0x00002cde        0x2 e:/programfiles_x86/gnu tools arm embedded/5.2 2015q4/bin/../lib/gcc/arm-none-eabi/5.2.1/../../../../arm-none-eabi/lib/armv6-m\libc_nano.a(lib_a-findfp.o)
                0x00002cde                __sfp_lock_release
 .text._fopen_r
                0x00002ce0       0x7c e:/programfiles_x86/gnu tools arm embedded/5.2 2015q4/bin/../lib/gcc/arm-none-eabi/5.2.1/../../../../arm-none-eabi/lib/armv6-m\libc_nano.a(lib_a-fopen.o)
                0x00002ce0                _fopen_r
 .text.fopen    0x00002d5c       0x14 e:/programfiles_x86/gnu tools arm embedded/5.2 2015q4/bin/../lib/gcc/arm-none-eabi/5.2.1/../../../../arm-none-eabi/lib/armv6-m\libc_nano.a(lib_a-fopen.o)
                0x00002d5c                fopen
 .text._fputc_r
                0x00002d70       0x4c e:/programfiles_x86/gnu tools arm embedded/5.2 2015q4/bin/../lib/gcc/arm-none-eabi/5.2.1/../../../../arm-none-eabi/lib/armv6-m\libc_nano.a(lib_a-fputc.o)
                0x00002d70                _fputc_r
 .text.fputc    0x00002dbc       0x14 e:/programfiles_x86/gnu tools arm embedded/5.2 2015q4/bin/../lib/gcc/arm-none-eabi/5.2.1/../../../../arm-none-eabi/lib/armv6-m\libc_nano.a(lib_a-fputc.o)
                0x00002dbc                fputc
 .text._fseek_r
                0x00002dd0        0x8 e:/programfiles_x86/gnu tools arm embedded/5.2 2015q4/bin/../lib/gcc/arm-none-eabi/5.2.1/../../../../arm-none-eabi/lib/armv6-m\libc_nano.a(lib_a-fseek.o)
                0x00002dd0                _fseek_r
 .text._fseeko_r
                0x00002dd8      0x130 e:/programfiles_x86/gnu tools arm embedded/5.2 2015q4/bin/../lib/gcc/arm-none-eabi/5.2.1/../../../../arm-none-eabi/lib/armv6-m\libc_nano.a(lib_a-fseeko.o)
                0x00002dd8                _fseeko_r
 .text._fwalk   0x00002f08       0x38 e:/programfiles_x86/gnu tools arm embedded/5.2 2015q4/bin/../lib/gcc/arm-none-eabi/5.2.1/../../../../arm-none-eabi/lib/armv6-m\libc_nano.a(lib_a-fwalk.o)
                0x00002f08                _fwalk
 .text._fwalk_reent
                0x00002f40       0x42 e:/programfiles_x86/gnu tools arm embedded/5.2 2015q4/bin/../lib/gcc/arm-none-eabi/5.2.1/../../../../arm-none-eabi/lib/armv6-m\libc_nano.a(lib_a-fwalk.o)
                0x00002f40                _fwalk_reent
 *fill*         0x00002f82        0x2 
 .text.__libc_init_array
                0x00002f84       0x4c e:/programfiles_x86/gnu tools arm embedded/5.2 2015q4/bin/../lib/gcc/arm-none-eabi/5.2.1/../../../../arm-none-eabi/lib/armv6-m\libc_nano.a(lib_a-init.o)
                0x00002f84                __libc_init_array
 .text.__smakebuf_r
                0x00002fd0       0xa4 e:/programfiles_x86/gnu tools arm embedded/5.2 2015q4/bin/../lib/gcc/arm-none-eabi/5.2.1/../../../../arm-none-eabi/lib/armv6-m\libc_nano.a(lib_a-makebuf.o)
                0x00002fd0                __smakebuf_r
 .text.malloc   0x00003074       0x14 e:/programfiles_x86/gnu tools arm embedded/5.2 2015q4/bin/../lib/gcc/arm-none-eabi/5.2.1/../../../../arm-none-eabi/lib/armv6-m\libc_nano.a(lib_a-malloc.o)
                0x00003074                malloc
 .text.free     0x00003088       0x14 e:/programfiles_x86/gnu tools arm embedded/5.2 2015q4/bin/../lib/gcc/arm-none-eabi/5.2.1/../../../../arm-none-eabi/lib/armv6-m\libc_nano.a(lib_a-malloc.o)
                0x00003088                free
 .text.memchr   0x0000309c       0x16 e:/programfiles_x86/gnu tools arm embedded/5.2 2015q4/bin/../lib/gcc/arm-none-eabi/5.2.1/../../../../arm-none-eabi/lib/armv6-m\libc_nano.a(lib_a-memchr-stub.o)
                0x0000309c                memchr
 .text.memcpy   0x000030b2       0x12 e:/programfiles_x86/gnu tools arm embedded/5.2 2015q4/bin/../lib/gcc/arm-none-eabi/5.2.1/../../../../arm-none-eabi/lib/armv6-m\libc_nano.a(lib_a-memcpy-stub.o)
                0x000030b2                memcpy
 .text.memset   0x000030c4       0x10 e:/programfiles_x86/gnu tools arm embedded/5.2 2015q4/bin/../lib/gcc/arm-none-eabi/5.2.1/../../../../arm-none-eabi/lib/armv6-m\libc_nano.a(lib_a-memset.o)
                0x000030c4                memset
 .text._free_r  0x000030d4       0x8c e:/programfiles_x86/gnu tools arm embedded/5.2 2015q4/bin/../lib/gcc/arm-none-eabi/5.2.1/../../../../arm-none-eabi/lib/armv6-m\libc_nano.a(lib_a-nano-freer.o)
                0x000030d4                _free_r
 .text._malloc_r
                0x00003160       0xac e:/programfiles_x86/gnu tools arm embedded/5.2 2015q4/bin/../lib/gcc/arm-none-eabi/5.2.1/../../../../arm-none-eabi/lib/armv6-m\libc_nano.a(lib_a-nano-mallocr.o)
                0x00003160                _malloc_r
 .text.__sfputc_r
                0x0000320c       0x2a e:/programfiles_x86/gnu tools arm embedded/5.2 2015q4/bin/../lib/gcc/arm-none-eabi/5.2.1/../../../../arm-none-eabi/lib/armv6-m\libc_nano.a(lib_a-nano-vfprintf.o)
 .text.__sfputs_r
                0x00003236       0x24 e:/programfiles_x86/gnu tools arm embedded/5.2 2015q4/bin/../lib/gcc/arm-none-eabi/5.2.1/../../../../arm-none-eabi/lib/armv6-m\libc_nano.a(lib_a-nano-vfprintf.o)
                0x00003236                __sfputs_r
 *fill*         0x0000325a        0x2 
 .text._vfprintf_r
                0x0000325c      0x238 e:/programfiles_x86/gnu tools arm embedded/5.2 2015q4/bin/../lib/gcc/arm-none-eabi/5.2.1/../../../../arm-none-eabi/lib/armv6-m\libc_nano.a(lib_a-nano-vfprintf.o)
                0x0000325c                _vfprintf_r
                0x0000325c                _vfiprintf_r
 .text.vfprintf
                0x00003494       0x18 e:/programfiles_x86/gnu tools arm embedded/5.2 2015q4/bin/../lib/gcc/arm-none-eabi/5.2.1/../../../../arm-none-eabi/lib/armv6-m\libc_nano.a(lib_a-nano-vfprintf.o)
                0x00003494                vfprintf
                0x00003494                vfiprintf
 .text._printf_common
                0x000034ac       0xdc e:/programfiles_x86/gnu tools arm embedded/5.2 2015q4/bin/../lib/gcc/arm-none-eabi/5.2.1/../../../../arm-none-eabi/lib/armv6-m\libc_nano.a(lib_a-nano-vfprintf_i.o)
                0x000034ac                _printf_common
 .text._printf_i
                0x00003588      0x244 e:/programfiles_x86/gnu tools arm embedded/5.2 2015q4/bin/../lib/gcc/arm-none-eabi/5.2.1/../../../../arm-none-eabi/lib/armv6-m\libc_nano.a(lib_a-nano-vfprintf_i.o)
                0x00003588                _printf_i
 .text._scanf_chars
                0x000037cc       0xc4 e:/programfiles_x86/gnu tools arm embedded/5.2 2015q4/bin/../lib/gcc/arm-none-eabi/5.2.1/../../../../arm-none-eabi/lib/armv6-m\libc_nano.a(lib_a-nano-vfscanf_i.o)
                0x000037cc                _scanf_chars
 .text._scanf_i
                0x00003890      0x200 e:/programfiles_x86/gnu tools arm embedded/5.2 2015q4/bin/../lib/gcc/arm-none-eabi/5.2.1/../../../../arm-none-eabi/lib/armv6-m\libc_nano.a(lib_a-nano-vfscanf_i.o)
                0x00003890                _scanf_i
 .text._open_r  0x00003a90       0x28 e:/programfiles_x86/gnu tools arm embedded/5.2 2015q4/bin/../lib/gcc/arm-none-eabi/5.2.1/../../../../arm-none-eabi/lib/armv6-m\libc_nano.a(lib_a-openr.o)
                0x00003a90                _open_r
 .text._putc_r  0x00003ab8       0x78 e:/programfiles_x86/gnu tools arm embedded/5.2 2015q4/bin/../lib/gcc/arm-none-eabi/5.2.1/../../../../arm-none-eabi/lib/armv6-m\libc_nano.a(lib_a-putc.o)
                0x00003ab8                _putc_r
 .text.lflush   0x00003b30       0x18 e:/programfiles_x86/gnu tools arm embedded/5.2 2015q4/bin/../lib/gcc/arm-none-eabi/5.2.1/../../../../arm-none-eabi/lib/armv6-m\libc_nano.a(lib_a-refill.o)
 .text.__srefill_r
                0x00003b48      0x120 e:/programfiles_x86/gnu tools arm embedded/5.2 2015q4/bin/../lib/gcc/arm-none-eabi/5.2.1/../../../../arm-none-eabi/lib/armv6-m\libc_nano.a(lib_a-refill.o)
                0x00003b48                __srefill_r
 .text.__srget_r
                0x00003c68       0x60 e:/programfiles_x86/gnu tools arm embedded/5.2 2015q4/bin/../lib/gcc/arm-none-eabi/5.2.1/../../../../arm-none-eabi/lib/armv6-m\libc_nano.a(lib_a-rget.o)
                0x00003c68                __srget_r
 .text._sbrk_r  0x00003cc8       0x24 e:/programfiles_x86/gnu tools arm embedded/5.2 2015q4/bin/../lib/gcc/arm-none-eabi/5.2.1/../../../../arm-none-eabi/lib/armv6-m\libc_nano.a(lib_a-sbrkr.o)
                0x00003cc8                _sbrk_r
 .text.__sccl   0x00003cec       0x64 e:/programfiles_x86/gnu tools arm embedded/5.2 2015q4/bin/../lib/gcc/arm-none-eabi/5.2.1/../../../../arm-none-eabi/lib/armv6-m\libc_nano.a(lib_a-sccl.o)
                0x00003cec                __sccl
 .text.setbuf   0x00003d50       0x12 e:/programfiles_x86/gnu tools arm embedded/5.2 2015q4/bin/../lib/gcc/arm-none-eabi/5.2.1/../../../../arm-none-eabi/lib/armv6-m\libc_nano.a(lib_a-setbuf.o)
                0x00003d50                setbuf
 *fill*         0x00003d62        0x2 
 .text.setvbuf  0x00003d64      0x10c e:/programfiles_x86/gnu tools arm embedded/5.2 2015q4/bin/../lib/gcc/arm-none-eabi/5.2.1/../../../../arm-none-eabi/lib/armv6-m\libc_nano.a(lib_a-setvbuf.o)
                0x00003d64                setvbuf
 .text.sprintf  0x00003e70       0x44 e:/programfiles_x86/gnu tools arm embedded/5.2 2015q4/bin/../lib/gcc/arm-none-eabi/5.2.1/../../../../arm-none-eabi/lib/armv6-m\libc_nano.a(lib_a-sprintf.o)
                0x00003e70                siprintf
                0x00003e70                sprintf
 .text.sscanf   0x00003eb4       0x50 e:/programfiles_x86/gnu tools arm embedded/5.2 2015q4/bin/../lib/gcc/arm-none-eabi/5.2.1/../../../../arm-none-eabi/lib/armv6-m\libc_nano.a(lib_a-sscanf.o)
                0x00003eb4                siscanf
                0x00003eb4                sscanf
 .text.__sread  0x00003f04       0x28 e:/programfiles_x86/gnu tools arm embedded/5.2 2015q4/bin/../lib/gcc/arm-none-eabi/5.2.1/../../../../arm-none-eabi/lib/armv6-m\libc_nano.a(lib_a-stdio.o)
                0x00003f04                __sread
 .text.__seofread
                0x00003f2c        0x4 e:/programfiles_x86/gnu tools arm embedded/5.2 2015q4/bin/../lib/gcc/arm-none-eabi/5.2.1/../../../../arm-none-eabi/lib/armv6-m\libc_nano.a(lib_a-stdio.o)
                0x00003f2c                __seofread
 .text.__swrite
                0x00003f30       0x38 e:/programfiles_x86/gnu tools arm embedded/5.2 2015q4/bin/../lib/gcc/arm-none-eabi/5.2.1/../../../../arm-none-eabi/lib/armv6-m\libc_nano.a(lib_a-stdio.o)
                0x00003f30                __swrite
 .text.__sseek  0x00003f68       0x2c e:/programfiles_x86/gnu tools arm embedded/5.2 2015q4/bin/../lib/gcc/arm-none-eabi/5.2.1/../../../../arm-none-eabi/lib/armv6-m\libc_nano.a(lib_a-stdio.o)
                0x00003f68                __sseek
 .text.__sclose
                0x00003f94        0xc e:/programfiles_x86/gnu tools arm embedded/5.2 2015q4/bin/../lib/gcc/arm-none-eabi/5.2.1/../../../../arm-none-eabi/lib/armv6-m\libc_nano.a(lib_a-stdio.o)
                0x00003f94                __sclose
 .text          0x00003fa0       0x14 e:/programfiles_x86/gnu tools arm embedded/5.2 2015q4/bin/../lib/gcc/arm-none-eabi/5.2.1/../../../../arm-none-eabi/lib/armv6-m\libc_nano.a(lib_a-strcmp.o)
                0x00003fa0                strcmp
 .text          0x00003fb4        0xe e:/programfiles_x86/gnu tools arm embedded/5.2 2015q4/bin/../lib/gcc/arm-none-eabi/5.2.1/../../../../arm-none-eabi/lib/armv6-m\libc_nano.a(lib_a-strlen.o)
                0x00003fb4                strlen
 .text.strncmp  0x00003fc2       0x24 e:/programfiles_x86/gnu tools arm embedded/5.2 2015q4/bin/../lib/gcc/arm-none-eabi/5.2.1/../../../../arm-none-eabi/lib/armv6-m\libc_nano.a(lib_a-strncmp.o)
                0x00003fc2                strncmp
 *fill*         0x00003fe6        0x2 
 .text._strtol_r
                0x00003fe8      0x124 e:/programfiles_x86/gnu tools arm embedded/5.2 2015q4/bin/../lib/gcc/arm-none-eabi/5.2.1/../../../../arm-none-eabi/lib/armv6-m\libc_nano.a(lib_a-strtol.o)
                0x00003fe8                _strtol_r
 .text._strtoul_r
                0x0000410c      0x108 e:/programfiles_x86/gnu tools arm embedded/5.2 2015q4/bin/../lib/gcc/arm-none-eabi/5.2.1/../../../../arm-none-eabi/lib/armv6-m\libc_nano.a(lib_a-strtoul.o)
                0x0000410c                _strtoul_r
 .text.__submore
                0x00004214       0x7c e:/programfiles_x86/gnu tools arm embedded/5.2 2015q4/bin/../lib/gcc/arm-none-eabi/5.2.1/../../../../arm-none-eabi/lib/armv6-m\libc_nano.a(lib_a-ungetc.o)
                0x00004214                __submore
 .text.__swbuf_r
                0x00004290       0xb0 e:/programfiles_x86/gnu tools arm embedded/5.2 2015q4/bin/../lib/gcc/arm-none-eabi/5.2.1/../../../../arm-none-eabi/lib/armv6-m\libc_nano.a(lib_a-wbuf.o)
                0x00004290                __swbuf_r
 .text._write_r
                0x00004340       0x28 e:/programfiles_x86/gnu tools arm embedded/5.2 2015q4/bin/../lib/gcc/arm-none-eabi/5.2.1/../../../../arm-none-eabi/lib/armv6-m\libc_nano.a(lib_a-writer.o)
                0x00004340                _write_r
 .text.__swsetup_r
                0x00004368       0xe8 e:/programfiles_x86/gnu tools arm embedded/5.2 2015q4/bin/../lib/gcc/arm-none-eabi/5.2.1/../../../../arm-none-eabi/lib/armv6-m\libc_nano.a(lib_a-wsetup.o)
                0x00004368                __swsetup_r
 .text._close_r
                0x00004450       0x24 e:/programfiles_x86/gnu tools arm embedded/5.2 2015q4/bin/../lib/gcc/arm-none-eabi/5.2.1/../../../../arm-none-eabi/lib/armv6-m\libc_nano.a(lib_a-closer.o)
                0x00004450                _close_r
 .text.__sflags
                0x00004474       0x74 e:/programfiles_x86/gnu tools arm embedded/5.2 2015q4/bin/../lib/gcc/arm-none-eabi/5.2.1/../../../../arm-none-eabi/lib/armv6-m\libc_nano.a(lib_a-flags.o)
                0x00004474                __sflags
 .text._fstat_r
                0x000044e8       0x24 e:/programfiles_x86/gnu tools arm embedded/5.2 2015q4/bin/../lib/gcc/arm-none-eabi/5.2.1/../../../../arm-none-eabi/lib/armv6-m\libc_nano.a(lib_a-fstatr.o)
                0x000044e8                _fstat_r
 .text._isatty_r
                0x0000450c       0x24 e:/programfiles_x86/gnu tools arm embedded/5.2 2015q4/bin/../lib/gcc/arm-none-eabi/5.2.1/../../../../arm-none-eabi/lib/armv6-m\libc_nano.a(lib_a-isattyr.o)
                0x0000450c                _isatty_r
 .text._lseek_r
                0x00004530       0x28 e:/programfiles_x86/gnu tools arm embedded/5.2 2015q4/bin/../lib/gcc/arm-none-eabi/5.2.1/../../../../arm-none-eabi/lib/armv6-m\libc_nano.a(lib_a-lseekr.o)
                0x00004530                _lseek_r
 .text.memmove  0x00004558       0x2a e:/programfiles_x86/gnu tools arm embedded/5.2 2015q4/bin/../lib/gcc/arm-none-eabi/5.2.1/../../../../arm-none-eabi/lib/armv6-m\libc_nano.a(lib_a-memmove.o)
                0x00004558                memmove
 .text._realloc_r
                0x00004582       0x4c e:/programfiles_x86/gnu tools arm embedded/5.2 2015q4/bin/../lib/gcc/arm-none-eabi/5.2.1/../../../../arm-none-eabi/lib/armv6-m\libc_nano.a(lib_a-nano-reallocr.o)
                0x00004582                _realloc_r
 *fill*         0x000045ce        0x2 
 .text.__ssputs_r
                0x000045d0       0xc4 e:/programfiles_x86/gnu tools arm embedded/5.2 2015q4/bin/../lib/gcc/arm-none-eabi/5.2.1/../../../../arm-none-eabi/lib/armv6-m\libc_nano.a(lib_a-nano-svfprintf.o)
                0x000045d0                __ssputs_r
 .text._svfprintf_r
                0x00004694      0x1fc e:/programfiles_x86/gnu tools arm embedded/5.2 2015q4/bin/../lib/gcc/arm-none-eabi/5.2.1/../../../../arm-none-eabi/lib/armv6-m\libc_nano.a(lib_a-nano-svfprintf.o)
                0x00004694                _svfiprintf_r
                0x00004694                _svfprintf_r
 .text._sungetc_r
                0x00004890       0x78 e:/programfiles_x86/gnu tools arm embedded/5.2 2015q4/bin/../lib/gcc/arm-none-eabi/5.2.1/../../../../arm-none-eabi/lib/armv6-m\libc_nano.a(lib_a-nano-svfscanf.o)
                0x00004890                _sungetc_r
 .text.__ssrefill_r
                0x00004908       0x3e e:/programfiles_x86/gnu tools arm embedded/5.2 2015q4/bin/../lib/gcc/arm-none-eabi/5.2.1/../../../../arm-none-eabi/lib/armv6-m\libc_nano.a(lib_a-nano-svfscanf.o)
                0x00004908                __ssrefill_r
 *fill*         0x00004946        0x2 
 .text.__ssvfscanf_r
                0x00004948      0x2ec e:/programfiles_x86/gnu tools arm embedded/5.2 2015q4/bin/../lib/gcc/arm-none-eabi/5.2.1/../../../../arm-none-eabi/lib/armv6-m\libc_nano.a(lib_a-nano-svfscanf.o)
                0x00004948                __ssvfiscanf_r
                0x00004948                __ssvfscanf_r
 .text._read_r  0x00004c34       0x28 e:/programfiles_x86/gnu tools arm embedded/5.2 2015q4/bin/../lib/gcc/arm-none-eabi/5.2.1/../../../../arm-none-eabi/lib/armv6-m\libc_nano.a(lib_a-readr.o)
                0x00004c34                _read_r
 .text._malloc_usable_size_r
                0x00004c5c       0x16 e:/programfiles_x86/gnu tools arm embedded/5.2 2015q4/bin/../lib/gcc/arm-none-eabi/5.2.1/../../../../arm-none-eabi/lib/armv6-m\libc_nano.a(lib_a-nano-msizer.o)
                0x00004c5c                _malloc_usable_size_r
 *(.init)
 *fill*         0x00004c72        0x2 
 .init          0x00004c74        0x4 e:/programfiles_x86/gnu tools arm embedded/5.2 2015q4/bin/../lib/gcc/arm-none-eabi/5.2.1/armv6-m/crti.o
                0x00004c74                _init
 .init          0x00004c78        0x8 e:/programfiles_x86/gnu tools arm embedded/5.2 2015q4/bin/../lib/gcc/arm-none-eabi/5.2.1/armv6-m/crtn.o
 *(.fini)
 .fini          0x00004c80        0x4 e:/programfiles_x86/gnu tools arm embedded/5.2 2015q4/bin/../lib/gcc/arm-none-eabi/5.2.1/armv6-m/crti.o
                0x00004c80                _fini
 .fini          0x00004c84        0x8 e:/programfiles_x86/gnu tools arm embedded/5.2 2015q4/bin/../lib/gcc/arm-none-eabi/5.2.1/armv6-m/crtn.o
 *crtbegin.o(.ctors)
 *crtbegin?.o(.ctors)
 *(EXCLUDE_FILE(*crtend.o *crtend?.o) .ctors)
 *(SORT(.ctors.*))
 *(.ctors)
 *crtbegin.o(.dtors)
 *crtbegin?.o(.dtors)
 *(EXCLUDE_FILE(*crtend.o *crtend?.o) .dtors)
 *(SORT(.dtors.*))
 *(.dtors)
 *(.rodata*)
 .rodata.str1.4
                0x00004c8c       0x85 E:\CoIdeWork\GIT\TrapChecker\frdm_im920c_snd_coide_kl25z\frdm_im920c_snd/mbed/TARGET_KL25Z/TOOLCHAIN_GCC_ARM/board.o
 *fill*         0x00004d11        0x3 
 .rodata.__stdin_name
                0x00004d14        0x7 E:\CoIdeWork\GIT\TrapChecker\frdm_im920c_snd_coide_kl25z\frdm_im920c_snd/mbed/TARGET_KL25Z/TOOLCHAIN_GCC_ARM/retarget.o
                0x00004d14                __stdin_name
 *fill*         0x00004d1b        0x1 
 .rodata.__stderr_name
                0x00004d1c        0x8 E:\CoIdeWork\GIT\TrapChecker\frdm_im920c_snd_coide_kl25z\frdm_im920c_snd/mbed/TARGET_KL25Z/TOOLCHAIN_GCC_ARM/retarget.o
                0x00004d1c                __stderr_name
 .rodata.__stdout_name
                0x00004d24        0x8 E:\CoIdeWork\GIT\TrapChecker\frdm_im920c_snd_coide_kl25z\frdm_im920c_snd/mbed/TARGET_KL25Z/TOOLCHAIN_GCC_ARM/retarget.o
                0x00004d24                __stdout_name
 *fill*         0x00004d2c        0x4 
 .rodata._ZTVN4mbed10FileHandleE
                0x00004d30       0x2c E:\CoIdeWork\GIT\TrapChecker\frdm_im920c_snd_coide_kl25z\frdm_im920c_snd/mbed/TARGET_KL25Z/TOOLCHAIN_GCC_ARM/retarget.o
                0x00004d30                vtable for mbed::FileHandle
 .rodata.str1.4
                0x00004d5c        0xe E:\CoIdeWork\GIT\TrapChecker\frdm_im920c_snd_coide_kl25z\frdm_im920c_snd/mbed/TARGET_KL25Z/TOOLCHAIN_GCC_ARM/retarget.o
 .rodata.str1.1
                0x00004d6a       0x9e ..\obj\main.o
 .rodata.str1.4
                0x00004e08      0x110 E:\CoIdeWork\GIT\TrapChecker\frdm_im920c_snd_coide_kl25z\frdm_im920c_snd/mbed/TARGET_KL25Z/TOOLCHAIN_GCC_ARM\libmbed.a(serial_api.o)
 .rodata.str1.4
                0x00004f18       0x7f E:\CoIdeWork\GIT\TrapChecker\frdm_im920c_snd_coide_kl25z\frdm_im920c_snd/mbed/TARGET_KL25Z/TOOLCHAIN_GCC_ARM\libmbed.a(pinmap.o)
 *fill*         0x00004f97        0x1 
 .rodata._ZTVN4mbed11InterruptInE
                0x00004f98       0x10 E:\CoIdeWork\GIT\TrapChecker\frdm_im920c_snd_coide_kl25z\frdm_im920c_snd/mbed/TARGET_KL25Z/TOOLCHAIN_GCC_ARM\libmbed.a(InterruptIn.o)
                0x00004f98                vtable for mbed::InterruptIn
 .rodata._ZTVN4mbed6SerialE
                0x00004fa8       0x5c E:\CoIdeWork\GIT\TrapChecker\frdm_im920c_snd_coide_kl25z\frdm_im920c_snd/mbed/TARGET_KL25Z/TOOLCHAIN_GCC_ARM\libmbed.a(Serial.o)
                0x00004fa8                vtable for mbed::Serial
 *fill*         0x00005004        0x4 
 .rodata._ZTVN4mbed10SerialBaseE
                0x00005008       0x10 E:\CoIdeWork\GIT\TrapChecker\frdm_im920c_snd_coide_kl25z\frdm_im920c_snd/mbed/TARGET_KL25Z/TOOLCHAIN_GCC_ARM\libmbed.a(SerialBase.o)
                0x00005008                vtable for mbed::SerialBase
 .rodata._ZTVN4mbed7TimeoutE
                0x00005018       0x14 E:\CoIdeWork\GIT\TrapChecker\frdm_im920c_snd_coide_kl25z\frdm_im920c_snd/mbed/TARGET_KL25Z/TOOLCHAIN_GCC_ARM\libmbed.a(Timeout.o)
                0x00005018                vtable for mbed::Timeout
 *fill*         0x0000502c        0x4 
 .rodata._ZTVN4mbed6TickerE
                0x00005030       0x14 E:\CoIdeWork\GIT\TrapChecker\frdm_im920c_snd_coide_kl25z\frdm_im920c_snd/mbed/TARGET_KL25Z/TOOLCHAIN_GCC_ARM\libmbed.a(Ticker.o)
                0x00005030                vtable for mbed::Ticker
 *fill*         0x00005044        0x4 
 .rodata._ZTVN4mbed6StreamE
                0x00005048       0x44 E:\CoIdeWork\GIT\TrapChecker\frdm_im920c_snd_coide_kl25z\frdm_im920c_snd/mbed/TARGET_KL25Z/TOOLCHAIN_GCC_ARM\libmbed.a(Stream.o)
                0x00005048                vtable for mbed::Stream
 .rodata.str1.4
                0x0000508c        0x3 E:\CoIdeWork\GIT\TrapChecker\frdm_im920c_snd_coide_kl25z\frdm_im920c_snd/mbed/TARGET_KL25Z/TOOLCHAIN_GCC_ARM\libmbed.a(Stream.o)
                                  0x7 (size before relaxing)
 *fill*         0x0000508f        0x1 
 .rodata.str1.4
                0x00005090       0x31 E:\CoIdeWork\GIT\TrapChecker\frdm_im920c_snd_coide_kl25z\frdm_im920c_snd/mbed/TARGET_KL25Z/TOOLCHAIN_GCC_ARM\libmbed.a(assert.o)
 *fill*         0x000050c1        0x7 
 .rodata._ZTVN4mbed10TimerEventE
                0x000050c8       0x14 E:\CoIdeWork\GIT\TrapChecker\frdm_im920c_snd_coide_kl25z\frdm_im920c_snd/mbed/TARGET_KL25Z/TOOLCHAIN_GCC_ARM\libmbed.a(TimerEvent.o)
                0x000050c8                vtable for mbed::TimerEvent
 .rodata.str1.4
                0x000050dc       0x85 E:\CoIdeWork\GIT\TrapChecker\frdm_im920c_snd_coide_kl25z\frdm_im920c_snd/mbed/TARGET_KL25Z/TOOLCHAIN_GCC_ARM\libmbed.a(gpio.o)
 .rodata.str1.4
                0x000050dc       0x66 E:\CoIdeWork\GIT\TrapChecker\frdm_im920c_snd_coide_kl25z\frdm_im920c_snd/mbed/TARGET_KL25Z/TOOLCHAIN_GCC_ARM\libmbed.a(pinmap_common.o)
 *fill*         0x00005142        0x2 
 .rodata.us_interface
                0x00005144       0x14 E:\CoIdeWork\GIT\TrapChecker\frdm_im920c_snd_coide_kl25z\frdm_im920c_snd/mbed/TARGET_KL25Z/TOOLCHAIN_GCC_ARM\libmbed.a(us_ticker_api.o)
 .rodata.us_data
                0x00005158        0x8 E:\CoIdeWork\GIT\TrapChecker\frdm_im920c_snd_coide_kl25z\frdm_im920c_snd/mbed/TARGET_KL25Z/TOOLCHAIN_GCC_ARM\libmbed.a(us_ticker_api.o)
 .rodata.PinMap_UART_RX
                0x00005160       0x6c E:\CoIdeWork\GIT\TrapChecker\frdm_im920c_snd_coide_kl25z\frdm_im920c_snd/mbed/TARGET_KL25Z/TOOLCHAIN_GCC_ARM\libmbed.a(PeripheralPins.o)
                0x00005160                PinMap_UART_RX
 .rodata.PinMap_UART_TX
                0x000051cc       0x6c E:\CoIdeWork\GIT\TrapChecker\frdm_im920c_snd_coide_kl25z\frdm_im920c_snd/mbed/TARGET_KL25Z/TOOLCHAIN_GCC_ARM\libmbed.a(PeripheralPins.o)
                0x000051cc                PinMap_UART_TX
 .rodata.search_bits
                0x00005238       0x14 E:\CoIdeWork\GIT\TrapChecker\frdm_im920c_snd_coide_kl25z\frdm_im920c_snd/mbed/TARGET_KL25Z/TOOLCHAIN_GCC_ARM\libmbed.a(gpio_irq_api.o)
                0x00005238                search_bits
 .rodata.str1.4
                0x0000524c       0x28 E:\CoIdeWork\GIT\TrapChecker\frdm_im920c_snd_coide_kl25z\frdm_im920c_snd/mbed/TARGET_KL25Z/TOOLCHAIN_GCC_ARM\libmbed.a(gpio_irq_api.o)
 .rodata.str1.4
                0x00005274       0x70 E:\CoIdeWork\GIT\TrapChecker\frdm_im920c_snd_coide_kl25z\frdm_im920c_snd/mbed/TARGET_KL25Z/TOOLCHAIN_GCC_ARM\libmbed.a(gpio_api.o)
                                 0x9c (size before relaxing)
 *fill*         0x000052e4        0x4 
 .rodata._ZTVN4mbed8FileBaseE
                0x000052e8       0x10 E:\CoIdeWork\GIT\TrapChecker\frdm_im920c_snd_coide_kl25z\frdm_im920c_snd/mbed/TARGET_KL25Z/TOOLCHAIN_GCC_ARM\libmbed.a(FileBase.o)
                0x000052e8                vtable for mbed::FileBase
 .rodata._ZTVN4mbed8FileLikeE
                0x000052f8       0x3c E:\CoIdeWork\GIT\TrapChecker\frdm_im920c_snd_coide_kl25z\frdm_im920c_snd/mbed/TARGET_KL25Z/TOOLCHAIN_GCC_ARM\libmbed.a(FileLike.o)
                0x000052f8                vtable for mbed::FileLike
 .rodata.__sf_fake_stdin
                0x00005334       0x20 e:/programfiles_x86/gnu tools arm embedded/5.2 2015q4/bin/../lib/gcc/arm-none-eabi/5.2.1/../../../../arm-none-eabi/lib/armv6-m\libc_nano.a(lib_a-findfp.o)
                0x00005334                __sf_fake_stdin
 .rodata.__sf_fake_stdout
                0x00005354       0x20 e:/programfiles_x86/gnu tools arm embedded/5.2 2015q4/bin/../lib/gcc/arm-none-eabi/5.2.1/../../../../arm-none-eabi/lib/armv6-m\libc_nano.a(lib_a-findfp.o)
                0x00005354                __sf_fake_stdout
 .rodata.__sf_fake_stderr
                0x00005374       0x20 e:/programfiles_x86/gnu tools arm embedded/5.2 2015q4/bin/../lib/gcc/arm-none-eabi/5.2.1/../../../../arm-none-eabi/lib/armv6-m\libc_nano.a(lib_a-findfp.o)
                0x00005374                __sf_fake_stderr
 .rodata.str1.1
                0x00005394       0x9e e:/programfiles_x86/gnu tools arm embedded/5.2 2015q4/bin/../lib/gcc/arm-none-eabi/5.2.1/../../../../arm-none-eabi/lib/armv6-m\libc_nano.a(lib_a-impure.o)
                                  0x2 (size before relaxing)
 .rodata._global_impure_ptr
                0x00005394        0x4 e:/programfiles_x86/gnu tools arm embedded/5.2 2015q4/bin/../lib/gcc/arm-none-eabi/5.2.1/../../../../arm-none-eabi/lib/armv6-m\libc_nano.a(lib_a-impure.o)
                0x00005394                _global_impure_ptr
 .rodata.str1.1
                0x00005398       0x11 e:/programfiles_x86/gnu tools arm embedded/5.2 2015q4/bin/../lib/gcc/arm-none-eabi/5.2.1/../../../../arm-none-eabi/lib/armv6-m\libc_nano.a(lib_a-nano-vfprintf.o)
 .rodata.str1.1
                0x000053a9       0x22 e:/programfiles_x86/gnu tools arm embedded/5.2 2015q4/bin/../lib/gcc/arm-none-eabi/5.2.1/../../../../arm-none-eabi/lib/armv6-m\libc_nano.a(lib_a-nano-vfprintf_i.o)
 *fill*         0x000053cb        0x1 
 .rodata        0x000053cc        0xc e:/programfiles_x86/gnu tools arm embedded/5.2 2015q4/bin/../lib/gcc/arm-none-eabi/5.2.1/../../../../arm-none-eabi/lib/armv6-m\libc_nano.a(lib_a-nano-vfscanf_i.o)
 .rodata.str1.1
                0x000053d8       0x1b e:/programfiles_x86/gnu tools arm embedded/5.2 2015q4/bin/../lib/gcc/arm-none-eabi/5.2.1/../../../../arm-none-eabi/lib/armv6-m\libc_nano.a(lib_a-nano-vfscanf_i.o)
 .rodata._ctype_
                0x000053f3      0x101 e:/programfiles_x86/gnu tools arm embedded/5.2 2015q4/bin/../lib/gcc/arm-none-eabi/5.2.1/../../../../arm-none-eabi/lib/armv6-m\libc_nano.a(lib_a-ctype_.o)
                0x000053f3                _ctype_
 .rodata.str1.1
                0x000054f4       0x11 e:/programfiles_x86/gnu tools arm embedded/5.2 2015q4/bin/../lib/gcc/arm-none-eabi/5.2.1/../../../../arm-none-eabi/lib/armv6-m\libc_nano.a(lib_a-nano-svfprintf.o)
 .rodata.str1.1
                0x000054f4        0x4 e:/programfiles_x86/gnu tools arm embedded/5.2 2015q4/bin/../lib/gcc/arm-none-eabi/5.2.1/../../../../arm-none-eabi/lib/armv6-m\libc_nano.a(lib_a-nano-svfscanf.o)
 *(.eh_frame*)
 .eh_frame      0x000054f4        0x0 e:/programfiles_x86/gnu tools arm embedded/5.2 2015q4/bin/../lib/gcc/arm-none-eabi/5.2.1/armv6-m/crtbegin.o
 .eh_frame      0x000054f4        0x4 e:/programfiles_x86/gnu tools arm embedded/5.2 2015q4/bin/../lib/gcc/arm-none-eabi/5.2.1/armv6-m/crtend.o

.glue_7         0x000054f8        0x0
 .glue_7        0x000054f8        0x0 linker stubs

.glue_7t        0x000054f8        0x0
 .glue_7t       0x000054f8        0x0 linker stubs

.vfp11_veneer   0x000054f8        0x0
 .vfp11_veneer  0x000054f8        0x0 linker stubs

.v4_bx          0x000054f8        0x0
 .v4_bx         0x000054f8        0x0 linker stubs

.iplt           0x000054f8        0x0
 .iplt          0x000054f8        0x0 e:/programfiles_x86/gnu tools arm embedded/5.2 2015q4/bin/../lib/gcc/arm-none-eabi/5.2.1/armv6-m/crtbegin.o

.ARM.extab
 *(.ARM.extab* .gnu.linkonce.armextab.*)
                0x000054f8                __exidx_start = .

.ARM.exidx      0x000054f8        0x8
 *(.ARM.exidx* .gnu.linkonce.armexidx.*)
 .ARM.exidx     0x000054f8        0x8 e:/programfiles_x86/gnu tools arm embedded/5.2 2015q4/bin/../lib/gcc/arm-none-eabi/5.2.1/../../../../arm-none-eabi/lib/armv6-m/crt0.o
                0x00005500                __exidx_end = .
                0x00005500                __etext = .

.rel.dyn        0x00005500        0x0
 .rel.iplt      0x00005500        0x0 e:/programfiles_x86/gnu tools arm embedded/5.2 2015q4/bin/../lib/gcc/arm-none-eabi/5.2.1/armv6-m/crtbegin.o

.data           0x1ffff0c0       0x84 load address 0x00005500
                0x1ffff0c0                __data_start__ = .
 *(vtable)
 *(.data*)
 .data          0x1ffff0c0        0x4 e:/programfiles_x86/gnu tools arm embedded/5.2 2015q4/bin/../lib/gcc/arm-none-eabi/5.2.1/armv6-m/crtbegin.o
                0x1ffff0c0                __dso_handle
 .data._ZZ5_sbrkE4heap
                0x1ffff0c4        0x4 E:\CoIdeWork\GIT\TrapChecker\frdm_im920c_snd_coide_kl25z\frdm_im920c_snd/mbed/TARGET_KL25Z/TOOLCHAIN_GCC_ARM/retarget.o
 .data.SystemCoreClock
                0x1ffff0c8        0x4 E:\CoIdeWork\GIT\TrapChecker\frdm_im920c_snd_coide_kl25z\frdm_im920c_snd/mbed/TARGET_KL25Z/TOOLCHAIN_GCC_ARM/system_MKL25Z4.o
                0x1ffff0c8                SystemCoreClock
 .data.is_debugger_attached
                0x1ffff0cc        0x4 E:\CoIdeWork\GIT\TrapChecker\frdm_im920c_snd_coide_kl25z\frdm_im920c_snd/mbed/TARGET_KL25Z/TOOLCHAIN_GCC_ARM\libmbed.a(semihost_api.o)
 .data.impure_data
                0x1ffff0d0       0x60 e:/programfiles_x86/gnu tools arm embedded/5.2 2015q4/bin/../lib/gcc/arm-none-eabi/5.2.1/../../../../arm-none-eabi/lib/armv6-m\libc_nano.a(lib_a-impure.o)
 .data._impure_ptr
                0x1ffff130        0x4 e:/programfiles_x86/gnu tools arm embedded/5.2 2015q4/bin/../lib/gcc/arm-none-eabi/5.2.1/../../../../arm-none-eabi/lib/armv6-m\libc_nano.a(lib_a-impure.o)
                0x1ffff130                _impure_ptr
 .data.__ctype_ptr__
                0x1ffff134        0x4 e:/programfiles_x86/gnu tools arm embedded/5.2 2015q4/bin/../lib/gcc/arm-none-eabi/5.2.1/../../../../arm-none-eabi/lib/armv6-m\libc_nano.a(lib_a-ctype_.o)
                0x1ffff134                __ctype_ptr__
                0x1ffff138                . = ALIGN (0x4)
                0x1ffff138                PROVIDE (__preinit_array_start, .)
 *(.preinit_array)
                0x1ffff138                PROVIDE (__preinit_array_end, .)
                0x1ffff138                . = ALIGN (0x4)
                0x1ffff138                PROVIDE (__init_array_start, .)
 *(SORT(.init_array.*))
 *(.init_array)
 .init_array    0x1ffff138        0x4 e:/programfiles_x86/gnu tools arm embedded/5.2 2015q4/bin/../lib/gcc/arm-none-eabi/5.2.1/armv6-m/crtbegin.o
 .init_array    0x1ffff13c        0x4 ..\obj\main.o
                0x1ffff140                PROVIDE (__init_array_end, .)
                0x1ffff140                . = ALIGN (0x4)
                [!provide]                PROVIDE (__fini_array_start, .)
 *(SORT(.fini_array.*))
 *(.fini_array)
 .fini_array    0x1ffff140        0x4 e:/programfiles_x86/gnu tools arm embedded/5.2 2015q4/bin/../lib/gcc/arm-none-eabi/5.2.1/armv6-m/crtbegin.o
                [!provide]                PROVIDE (__fini_array_end, .)
                0x1ffff144                . = ALIGN (0x4)
                0x1ffff144                __data_end__ = .

.jcr            0x1ffff144        0x0 load address 0x00005584
 .jcr           0x1ffff144        0x0 e:/programfiles_x86/gnu tools arm embedded/5.2 2015q4/bin/../lib/gcc/arm-none-eabi/5.2.1/armv6-m/crtbegin.o

.tm_clone_table
                0x1ffff144        0x0 load address 0x00005584
 .tm_clone_table
                0x1ffff144        0x0 e:/programfiles_x86/gnu tools arm embedded/5.2 2015q4/bin/../lib/gcc/arm-none-eabi/5.2.1/armv6-m/crtbegin.o
 .tm_clone_table
                0x1ffff144        0x0 e:/programfiles_x86/gnu tools arm embedded/5.2 2015q4/bin/../lib/gcc/arm-none-eabi/5.2.1/armv6-m/crtend.o

.igot.plt       0x1ffff144        0x0 load address 0x00005584
 .igot.plt      0x1ffff144        0x0 e:/programfiles_x86/gnu tools arm embedded/5.2 2015q4/bin/../lib/gcc/arm-none-eabi/5.2.1/armv6-m/crtbegin.o

.bss            0x1ffff144      0x470 load address 0x00005584
                0x1ffff144                __bss_start__ = .
 *(.bss*)
 .bss           0x1ffff144       0x1c e:/programfiles_x86/gnu tools arm embedded/5.2 2015q4/bin/../lib/gcc/arm-none-eabi/5.2.1/armv6-m/crtbegin.o
 .bss._ZL11filehandles
                0x1ffff160      0x100 E:\CoIdeWork\GIT\TrapChecker\frdm_im920c_snd_coide_kl25z\frdm_im920c_snd/mbed/TARGET_KL25Z/TOOLCHAIN_GCC_ARM/retarget.o
 .bss.sendComplete
                0x1ffff260        0x1 ..\obj\main.o
                0x1ffff260                sendComplete
 *fill*         0x1ffff261        0x3 
 .bss.myled     0x1ffff264       0x18 ..\obj\main.o
                0x1ffff264                myled
 .bss.sendBuff  0x1ffff27c       0x32 ..\obj\main.o
                0x1ffff27c                sendBuff
 .bss.sendSize  0x1ffff2ae        0x1 ..\obj\main.o
                0x1ffff2ae                sendSize
 *fill*         0x1ffff2af        0x1 
 .bss.chatTimer
                0x1ffff2b0       0x30 ..\obj\main.o
                0x1ffff2b0                chatTimer
 .bss.pc        0x1ffff2e0       0x58 ..\obj\main.o
                0x1ffff2e0                pc
 .bss.checkCnt  0x1ffff338        0x1 ..\obj\main.o
                0x1ffff338                checkCnt
 .bss.intCnt    0x1ffff339        0x1 ..\obj\main.o
                0x1ffff339                intCnt
 .bss.receiveComplete
                0x1ffff33a        0x1 ..\obj\main.o
                0x1ffff33a                receiveComplete
 *fill*         0x1ffff33b        0x1 
 .bss.autoSendTimer
                0x1ffff33c       0x30 ..\obj\main.o
                0x1ffff33c                autoSendTimer
 .bss.uart      0x1ffff36c       0x58 ..\obj\main.o
                0x1ffff36c                uart
 .bss.autoSendCnt
                0x1ffff3c4        0x1 ..\obj\main.o
                0x1ffff3c4                autoSendCnt
 .bss.disconCnt
                0x1ffff3c5        0x1 ..\obj\main.o
                0x1ffff3c5                disconCnt
 .bss.receiveBuff
                0x1ffff3c6       0x32 ..\obj\main.o
                0x1ffff3c6                receiveBuff
 .bss.receiveSize
                0x1ffff3f8        0x1 ..\obj\main.o
                0x1ffff3f8                receiveSize
 .bss.autoSendTiming
                0x1ffff3f9        0x1 ..\obj\main.o
                0x1ffff3f9                autoSendTiming
 *fill*         0x1ffff3fa        0x2 
 .bss.sw        0x1ffff3fc       0x58 ..\obj\main.o
                0x1ffff3fc                sw
 .bss.level_sw  0x1ffff454       0x18 ..\obj\main.o
                0x1ffff454                level_sw
 .bss.rBuffIndex
                0x1ffff46c        0x1 ..\obj\main.o
                0x1ffff46c                rBuffIndex
 .bss.sBuffIndex
                0x1ffff46d        0x1 ..\obj\main.o
                0x1ffff46d                sBuffIndex
 *fill*         0x1ffff46e        0x2 
 .bss.stdio_uart_inited
                0x1ffff470        0x4 E:\CoIdeWork\GIT\TrapChecker\frdm_im920c_snd_coide_kl25z\frdm_im920c_snd/mbed/TARGET_KL25Z/TOOLCHAIN_GCC_ARM\libmbed.a(serial_api.o)
                0x1ffff470                stdio_uart_inited
 .bss.serial_irq_ids
                0x1ffff474        0xc E:\CoIdeWork\GIT\TrapChecker\frdm_im920c_snd_coide_kl25z\frdm_im920c_snd/mbed/TARGET_KL25Z/TOOLCHAIN_GCC_ARM\libmbed.a(serial_api.o)
 .bss.irq_handler
                0x1ffff480        0x4 E:\CoIdeWork\GIT\TrapChecker\frdm_im920c_snd_coide_kl25z\frdm_im920c_snd/mbed/TARGET_KL25Z/TOOLCHAIN_GCC_ARM\libmbed.a(serial_api.o)
 .bss.events    0x1ffff484        0x8 E:\CoIdeWork\GIT\TrapChecker\frdm_im920c_snd_coide_kl25z\frdm_im920c_snd/mbed/TARGET_KL25Z/TOOLCHAIN_GCC_ARM\libmbed.a(us_ticker_api.o)
 .bss.irq_handler
                0x1ffff48c        0x4 E:\CoIdeWork\GIT\TrapChecker\frdm_im920c_snd_coide_kl25z\frdm_im920c_snd/mbed/TARGET_KL25Z/TOOLCHAIN_GCC_ARM\libmbed.a(gpio_irq_api.o)
 .bss.channel_ids
                0x1ffff490      0x100 E:\CoIdeWork\GIT\TrapChecker\frdm_im920c_snd_coide_kl25z\frdm_im920c_snd/mbed/TARGET_KL25Z/TOOLCHAIN_GCC_ARM\libmbed.a(gpio_irq_api.o)
 .bss.us_ticker_int_counter
                0x1ffff590        0x4 E:\CoIdeWork\GIT\TrapChecker\frdm_im920c_snd_coide_kl25z\frdm_im920c_snd/mbed/TARGET_KL25Z/TOOLCHAIN_GCC_ARM\libmbed.a(us_ticker.o)
 .bss.us_ticker_inited
                0x1ffff594        0x4 E:\CoIdeWork\GIT\TrapChecker\frdm_im920c_snd_coide_kl25z\frdm_im920c_snd/mbed/TARGET_KL25Z/TOOLCHAIN_GCC_ARM\libmbed.a(us_ticker.o)
 .bss.us_ticker_int_remainder
                0x1ffff598        0x2 E:\CoIdeWork\GIT\TrapChecker\frdm_im920c_snd_coide_kl25z\frdm_im920c_snd/mbed/TARGET_KL25Z/TOOLCHAIN_GCC_ARM\libmbed.a(us_ticker.o)
 *fill*         0x1ffff59a        0x2 
 .bss._ZN4mbed8FileBase5_headE
                0x1ffff59c        0x4 E:\CoIdeWork\GIT\TrapChecker\frdm_im920c_snd_coide_kl25z\frdm_im920c_snd/mbed/TARGET_KL25Z/TOOLCHAIN_GCC_ARM\libmbed.a(FileBase.o)
                0x1ffff59c                mbed::FileBase::_head
 .bss.__malloc_sbrk_start
                0x1ffff5a0        0x4 e:/programfiles_x86/gnu tools arm embedded/5.2 2015q4/bin/../lib/gcc/arm-none-eabi/5.2.1/../../../../arm-none-eabi/lib/armv6-m\libc_nano.a(lib_a-nano-mallocr.o)
                0x1ffff5a0                __malloc_sbrk_start
 .bss.__malloc_free_list
                0x1ffff5a4        0x4 e:/programfiles_x86/gnu tools arm embedded/5.2 2015q4/bin/../lib/gcc/arm-none-eabi/5.2.1/../../../../arm-none-eabi/lib/armv6-m\libc_nano.a(lib_a-nano-mallocr.o)
                0x1ffff5a4                __malloc_free_list
 *(COMMON)
 COMMON         0x1ffff5a8        0x8 E:\CoIdeWork\GIT\TrapChecker\frdm_im920c_snd_coide_kl25z\frdm_im920c_snd/mbed/TARGET_KL25Z/TOOLCHAIN_GCC_ARM\libmbed.a(serial_api.o)
                0x1ffff5a8                stdio_uart
 COMMON         0x1ffff5b0        0x4 e:/programfiles_x86/gnu tools arm embedded/5.2 2015q4/bin/../lib/gcc/arm-none-eabi/5.2.1/../../../../arm-none-eabi/lib/armv6-m\libc_nano.a(lib_a-reent.o)
                0x1ffff5b0                errno
                0x1ffff5b4                __bss_end__ = .

.heap           0x1ffff5b8       0x80
                0x1ffff5b8                __end__ = .
                0x1ffff5b8                end = __end__
 *(.heap*)
 .heap          0x1ffff5b8       0x80 E:\CoIdeWork\GIT\TrapChecker\frdm_im920c_snd_coide_kl25z\frdm_im920c_snd/mbed/TARGET_KL25Z/TOOLCHAIN_GCC_ARM/startup_MKL25Z4.o
                0x1ffff5b8                __HeapBase
                0x1ffff638                __HeapLimit = .

.stack_dummy    0x1ffff5b8       0x80
 *(.stack)
 .stack         0x1ffff5b8       0x80 E:\CoIdeWork\GIT\TrapChecker\frdm_im920c_snd_coide_kl25z\frdm_im920c_snd/mbed/TARGET_KL25Z/TOOLCHAIN_GCC_ARM/startup_MKL25Z4.o
                0x20003000                __StackTop = (ORIGIN (RAM) + LENGTH (RAM))
                0x20002f80                __StackLimit = (__StackTop - SIZEOF (.stack_dummy))
                0x20003000                PROVIDE (__stack, __StackTop)
                0x00000001                ASSERT ((__StackLimit >= __HeapLimit), region RAM overflowed with stack)
LOAD ..\obj\main.o
LOAD E:\CoIdeWork\GIT\TrapChecker\frdm_im920c_snd_coide_kl25z\frdm_im920c_snd/mbed/TARGET_KL25Z/TOOLCHAIN_GCC_ARM\libmbed.a
LOAD e:/programfiles_x86/gnu tools arm embedded/5.2 2015q4/bin/../lib/gcc/arm-none-eabi/5.2.1/../../../../arm-none-eabi/lib/armv6-m\libstdc++_nano.a
LOAD e:/programfiles_x86/gnu tools arm embedded/5.2 2015q4/bin/../lib/gcc/arm-none-eabi/5.2.1/../../../../arm-none-eabi/lib/armv6-m\libsupc++_nano.a
LOAD e:/programfiles_x86/gnu tools arm embedded/5.2 2015q4/bin/../lib/gcc/arm-none-eabi/5.2.1/../../../../arm-none-eabi/lib/armv6-m\libm.a
LOAD e:/programfiles_x86/gnu tools arm embedded/5.2 2015q4/bin/../lib/gcc/arm-none-eabi/5.2.1/armv6-m\libgcc.a
LOAD e:/programfiles_x86/gnu tools arm embedded/5.2 2015q4/bin/../lib/gcc/arm-none-eabi/5.2.1/../../../../arm-none-eabi/lib/armv6-m\libc_nano.a
LOAD e:/programfiles_x86/gnu tools arm embedded/5.2 2015q4/bin/../lib/gcc/arm-none-eabi/5.2.1/../../../../arm-none-eabi/lib/armv6-m\libnosys.a
START GROUP
LOAD e:/programfiles_x86/gnu tools arm embedded/5.2 2015q4/bin/../lib/gcc/arm-none-eabi/5.2.1/armv6-m\libgcc.a
LOAD e:/programfiles_x86/gnu tools arm embedded/5.2 2015q4/bin/../lib/gcc/arm-none-eabi/5.2.1/../../../../arm-none-eabi/lib/armv6-m\libg_nano.a
LOAD e:/programfiles_x86/gnu tools arm embedded/5.2 2015q4/bin/../lib/gcc/arm-none-eabi/5.2.1/../../../../arm-none-eabi/lib/armv6-m\libc_nano.a
END GROUP
START GROUP
LOAD e:/programfiles_x86/gnu tools arm embedded/5.2 2015q4/bin/../lib/gcc/arm-none-eabi/5.2.1/armv6-m\libgcc.a
LOAD e:/programfiles_x86/gnu tools arm embedded/5.2 2015q4/bin/../lib/gcc/arm-none-eabi/5.2.1/../../../../arm-none-eabi/lib/armv6-m\libc_nano.a
END GROUP
LOAD e:/programfiles_x86/gnu tools arm embedded/5.2 2015q4/bin/../lib/gcc/arm-none-eabi/5.2.1/armv6-m/crtend.o
LOAD e:/programfiles_x86/gnu tools arm embedded/5.2 2015q4/bin/../lib/gcc/arm-none-eabi/5.2.1/armv6-m/crtn.o
OUTPUT(frdm_im920c_snd.elf elf32-littlearm)

.ARM.attributes
                0x00000000       0x28
 .ARM.attributes
                0x00000000       0x1e e:/programfiles_x86/gnu tools arm embedded/5.2 2015q4/bin/../lib/gcc/arm-none-eabi/5.2.1/armv6-m/crti.o
 .ARM.attributes
                0x0000001e       0x2c e:/programfiles_x86/gnu tools arm embedded/5.2 2015q4/bin/../lib/gcc/arm-none-eabi/5.2.1/armv6-m/crtbegin.o
 .ARM.attributes
                0x0000004a       0x1b e:/programfiles_x86/gnu tools arm embedded/5.2 2015q4/bin/../lib/gcc/arm-none-eabi/5.2.1/../../../../arm-none-eabi/lib/armv6-m/crt0.o
 .ARM.attributes
                0x00000065       0x32 E:\CoIdeWork\GIT\TrapChecker\frdm_im920c_snd_coide_kl25z\frdm_im920c_snd/mbed/TARGET_KL25Z/TOOLCHAIN_GCC_ARM/board.o
 .ARM.attributes
                0x00000097       0x32 E:\CoIdeWork\GIT\TrapChecker\frdm_im920c_snd_coide_kl25z\frdm_im920c_snd/mbed/TARGET_KL25Z/TOOLCHAIN_GCC_ARM/cmsis_nvic.o
 .ARM.attributes
                0x000000c9       0x32 E:\CoIdeWork\GIT\TrapChecker\frdm_im920c_snd_coide_kl25z\frdm_im920c_snd/mbed/TARGET_KL25Z/TOOLCHAIN_GCC_ARM/mbed_overrides.o
 .ARM.attributes
                0x000000fb       0x32 E:\CoIdeWork\GIT\TrapChecker\frdm_im920c_snd_coide_kl25z\frdm_im920c_snd/mbed/TARGET_KL25Z/TOOLCHAIN_GCC_ARM/retarget.o
 .ARM.attributes
                0x0000012d       0x1b E:\CoIdeWork\GIT\TrapChecker\frdm_im920c_snd_coide_kl25z\frdm_im920c_snd/mbed/TARGET_KL25Z/TOOLCHAIN_GCC_ARM/startup_MKL25Z4.o
 .ARM.attributes
                0x00000148       0x32 E:\CoIdeWork\GIT\TrapChecker\frdm_im920c_snd_coide_kl25z\frdm_im920c_snd/mbed/TARGET_KL25Z/TOOLCHAIN_GCC_ARM/system_MKL25Z4.o
 .ARM.attributes
                0x0000017a       0x32 ..\obj\main.o
 .ARM.attributes
                0x000001ac       0x32 E:\CoIdeWork\GIT\TrapChecker\frdm_im920c_snd_coide_kl25z\frdm_im920c_snd/mbed/TARGET_KL25Z/TOOLCHAIN_GCC_ARM\libmbed.a(serial_api.o)
 .ARM.attributes
                0x000001de       0x32 E:\CoIdeWork\GIT\TrapChecker\frdm_im920c_snd_coide_kl25z\frdm_im920c_snd/mbed/TARGET_KL25Z/TOOLCHAIN_GCC_ARM\libmbed.a(pinmap.o)
 .ARM.attributes
                0x00000210       0x32 E:\CoIdeWork\GIT\TrapChecker\frdm_im920c_snd_coide_kl25z\frdm_im920c_snd/mbed/TARGET_KL25Z/TOOLCHAIN_GCC_ARM\libmbed.a(sleep.o)
 .ARM.attributes
                0x00000242       0x32 E:\CoIdeWork\GIT\TrapChecker\frdm_im920c_snd_coide_kl25z\frdm_im920c_snd/mbed/TARGET_KL25Z/TOOLCHAIN_GCC_ARM\libmbed.a(FilePath.o)
 .ARM.attributes
                0x00000274       0x32 E:\CoIdeWork\GIT\TrapChecker\frdm_im920c_snd_coide_kl25z\frdm_im920c_snd/mbed/TARGET_KL25Z/TOOLCHAIN_GCC_ARM\libmbed.a(InterruptIn.o)
 .ARM.attributes
                0x000002a6       0x32 E:\CoIdeWork\GIT\TrapChecker\frdm_im920c_snd_coide_kl25z\frdm_im920c_snd/mbed/TARGET_KL25Z/TOOLCHAIN_GCC_ARM\libmbed.a(Serial.o)
 .ARM.attributes
                0x000002d8       0x32 E:\CoIdeWork\GIT\TrapChecker\frdm_im920c_snd_coide_kl25z\frdm_im920c_snd/mbed/TARGET_KL25Z/TOOLCHAIN_GCC_ARM\libmbed.a(SerialBase.o)
 .ARM.attributes
                0x0000030a       0x32 E:\CoIdeWork\GIT\TrapChecker\frdm_im920c_snd_coide_kl25z\frdm_im920c_snd/mbed/TARGET_KL25Z/TOOLCHAIN_GCC_ARM\libmbed.a(Timeout.o)
 .ARM.attributes
                0x0000033c       0x32 E:\CoIdeWork\GIT\TrapChecker\frdm_im920c_snd_coide_kl25z\frdm_im920c_snd/mbed/TARGET_KL25Z/TOOLCHAIN_GCC_ARM\libmbed.a(Ticker.o)
 .ARM.attributes
                0x0000036e       0x32 E:\CoIdeWork\GIT\TrapChecker\frdm_im920c_snd_coide_kl25z\frdm_im920c_snd/mbed/TARGET_KL25Z/TOOLCHAIN_GCC_ARM\libmbed.a(Stream.o)
 .ARM.attributes
                0x000003a0       0x32 E:\CoIdeWork\GIT\TrapChecker\frdm_im920c_snd_coide_kl25z\frdm_im920c_snd/mbed/TARGET_KL25Z/TOOLCHAIN_GCC_ARM\libmbed.a(assert.o)
 .ARM.attributes
                0x000003d2       0x32 E:\CoIdeWork\GIT\TrapChecker\frdm_im920c_snd_coide_kl25z\frdm_im920c_snd/mbed/TARGET_KL25Z/TOOLCHAIN_GCC_ARM\libmbed.a(TimerEvent.o)
 .ARM.attributes
                0x00000404       0x32 E:\CoIdeWork\GIT\TrapChecker\frdm_im920c_snd_coide_kl25z\frdm_im920c_snd/mbed/TARGET_KL25Z/TOOLCHAIN_GCC_ARM\libmbed.a(error.o)
 .ARM.attributes
                0x00000436       0x32 E:\CoIdeWork\GIT\TrapChecker\frdm_im920c_snd_coide_kl25z\frdm_im920c_snd/mbed/TARGET_KL25Z/TOOLCHAIN_GCC_ARM\libmbed.a(gpio.o)
 .ARM.attributes
                0x00000468       0x32 E:\CoIdeWork\GIT\TrapChecker\frdm_im920c_snd_coide_kl25z\frdm_im920c_snd/mbed/TARGET_KL25Z/TOOLCHAIN_GCC_ARM\libmbed.a(mbed_interface.o)
 .ARM.attributes
                0x0000049a       0x32 E:\CoIdeWork\GIT\TrapChecker\frdm_im920c_snd_coide_kl25z\frdm_im920c_snd/mbed/TARGET_KL25Z/TOOLCHAIN_GCC_ARM\libmbed.a(pinmap_common.o)
 .ARM.attributes
                0x000004cc       0x32 E:\CoIdeWork\GIT\TrapChecker\frdm_im920c_snd_coide_kl25z\frdm_im920c_snd/mbed/TARGET_KL25Z/TOOLCHAIN_GCC_ARM\libmbed.a(semihost_api.o)
 .ARM.attributes
                0x000004fe       0x32 E:\CoIdeWork\GIT\TrapChecker\frdm_im920c_snd_coide_kl25z\frdm_im920c_snd/mbed/TARGET_KL25Z/TOOLCHAIN_GCC_ARM\libmbed.a(ticker_api.o)
 .ARM.attributes
                0x00000530       0x32 E:\CoIdeWork\GIT\TrapChecker\frdm_im920c_snd_coide_kl25z\frdm_im920c_snd/mbed/TARGET_KL25Z/TOOLCHAIN_GCC_ARM\libmbed.a(us_ticker_api.o)
 .ARM.attributes
                0x00000562       0x32 E:\CoIdeWork\GIT\TrapChecker\frdm_im920c_snd_coide_kl25z\frdm_im920c_snd/mbed/TARGET_KL25Z/TOOLCHAIN_GCC_ARM\libmbed.a(wait_api.o)
 .ARM.attributes
                0x00000594       0x32 E:\CoIdeWork\GIT\TrapChecker\frdm_im920c_snd_coide_kl25z\frdm_im920c_snd/mbed/TARGET_KL25Z/TOOLCHAIN_GCC_ARM\libmbed.a(PeripheralPins.o)
 .ARM.attributes
                0x000005c6       0x32 E:\CoIdeWork\GIT\TrapChecker\frdm_im920c_snd_coide_kl25z\frdm_im920c_snd/mbed/TARGET_KL25Z/TOOLCHAIN_GCC_ARM\libmbed.a(gpio_irq_api.o)
 .ARM.attributes
                0x000005f8       0x32 E:\CoIdeWork\GIT\TrapChecker\frdm_im920c_snd_coide_kl25z\frdm_im920c_snd/mbed/TARGET_KL25Z/TOOLCHAIN_GCC_ARM\libmbed.a(gpio_api.o)
 .ARM.attributes
                0x0000062a       0x32 E:\CoIdeWork\GIT\TrapChecker\frdm_im920c_snd_coide_kl25z\frdm_im920c_snd/mbed/TARGET_KL25Z/TOOLCHAIN_GCC_ARM\libmbed.a(us_ticker.o)
 .ARM.attributes
                0x0000065c       0x32 E:\CoIdeWork\GIT\TrapChecker\frdm_im920c_snd_coide_kl25z\frdm_im920c_snd/mbed/TARGET_KL25Z/TOOLCHAIN_GCC_ARM\libmbed.a(FileBase.o)
 .ARM.attributes
                0x0000068e       0x32 E:\CoIdeWork\GIT\TrapChecker\frdm_im920c_snd_coide_kl25z\frdm_im920c_snd/mbed/TARGET_KL25Z/TOOLCHAIN_GCC_ARM\libmbed.a(FileLike.o)
 .ARM.attributes
                0x000006c0       0x2c e:/programfiles_x86/gnu tools arm embedded/5.2 2015q4/bin/../lib/gcc/arm-none-eabi/5.2.1/../../../../arm-none-eabi/lib/armv6-m\libstdc++_nano.a(atexit_arm.o)
 .ARM.attributes
                0x000006ec       0x2c e:/programfiles_x86/gnu tools arm embedded/5.2 2015q4/bin/../lib/gcc/arm-none-eabi/5.2.1/../../../../arm-none-eabi/lib/armv6-m\libstdc++_nano.a(del_op.o)
 .ARM.attributes